Archive member included to satisfy reference by file (symbol)

C:/ST/STM32CubeIDE_1.19.0/STM32CubeIDE/plugins/com.st.stm32cube.ide.mcu.externaltools.gnu-tools-for-stm32.13.3.rel1.win32_1.0.0.202411081344/tools/bin/../lib/gcc/arm-none-eabi/13.3.1/../../../../arm-none-eabi/lib/thumb/v7e-m+fp/hard\libstdc++_nano.a(del_ops.o)
                              ./Applications/Demos/mcc-poc-torquecontroller/mcc_poc_torquecontroller.o (operator delete(void*, unsigned int))
C:/ST/STM32CubeIDE_1.19.0/STM32CubeIDE/plugins/com.st.stm32cube.ide.mcu.externaltools.gnu-tools-for-stm32.13.3.rel1.win32_1.0.0.202411081344/tools/bin/../lib/gcc/arm-none-eabi/13.3.1/../../../../arm-none-eabi/lib/thumb/v7e-m+fp/hard\libstdc++_nano.a(new_op.o)
                              ./Applications/mcc_capi.o (operator new(unsigned int))
C:/ST/STM32CubeIDE_1.19.0/STM32CubeIDE/plugins/com.st.stm32cube.ide.mcu.externaltools.gnu-tools-for-stm32.13.3.rel1.win32_1.0.0.202411081344/tools/bin/../lib/gcc/arm-none-eabi/13.3.1/../../../../arm-none-eabi/lib/thumb/v7e-m+fp/hard\libstdc++_nano.a(del_op.o)
                              C:/ST/STM32CubeIDE_1.19.0/STM32CubeIDE/plugins/com.st.stm32cube.ide.mcu.externaltools.gnu-tools-for-stm32.13.3.rel1.win32_1.0.0.202411081344/tools/bin/../lib/gcc/arm-none-eabi/13.3.1/../../../../arm-none-eabi/lib/thumb/v7e-m+fp/hard\libstdc++_nano.a(del_ops.o) (operator delete(void*))
C:/ST/STM32CubeIDE_1.19.0/STM32CubeIDE/plugins/com.st.stm32cube.ide.mcu.externaltools.gnu-tools-for-stm32.13.3.rel1.win32_1.0.0.202411081344/tools/bin/../lib/gcc/arm-none-eabi/13.3.1/../../../../arm-none-eabi/lib/thumb/v7e-m+fp/hard\libstdc++_nano.a(new_handler.o)
                              C:/ST/STM32CubeIDE_1.19.0/STM32CubeIDE/plugins/com.st.stm32cube.ide.mcu.externaltools.gnu-tools-for-stm32.13.3.rel1.win32_1.0.0.202411081344/tools/bin/../lib/gcc/arm-none-eabi/13.3.1/../../../../arm-none-eabi/lib/thumb/v7e-m+fp/hard\libstdc++_nano.a(new_op.o) (std::get_new_handler())
C:/ST/STM32CubeIDE_1.19.0/STM32CubeIDE/plugins/com.st.stm32cube.ide.mcu.externaltools.gnu-tools-for-stm32.13.3.rel1.win32_1.0.0.202411081344/tools/bin/../lib/gcc/arm-none-eabi/13.3.1/../../../../arm-none-eabi/lib/thumb/v7e-m+fp/hard\libc_nano.a(libc_a-abort.o)
                              C:/ST/STM32CubeIDE_1.19.0/STM32CubeIDE/plugins/com.st.stm32cube.ide.mcu.externaltools.gnu-tools-for-stm32.13.3.rel1.win32_1.0.0.202411081344/tools/bin/../lib/gcc/arm-none-eabi/13.3.1/../../../../arm-none-eabi/lib/thumb/v7e-m+fp/hard\libstdc++_nano.a(new_op.o) (abort)
C:/ST/STM32CubeIDE_1.19.0/STM32CubeIDE/plugins/com.st.stm32cube.ide.mcu.externaltools.gnu-tools-for-stm32.13.3.rel1.win32_1.0.0.202411081344/tools/bin/../lib/gcc/arm-none-eabi/13.3.1/../../../../arm-none-eabi/lib/thumb/v7e-m+fp/hard\libc_nano.a(libc_a-exit.o)
                              C:/ST/STM32CubeIDE_1.19.0/STM32CubeIDE/plugins/com.st.stm32cube.ide.mcu.externaltools.gnu-tools-for-stm32.13.3.rel1.win32_1.0.0.202411081344/tools/bin/../lib/gcc/arm-none-eabi/13.3.1/../../../../arm-none-eabi/lib/thumb/v7e-m+fp/hard/crt0.o (exit)
C:/ST/STM32CubeIDE_1.19.0/STM32CubeIDE/plugins/com.st.stm32cube.ide.mcu.externaltools.gnu-tools-for-stm32.13.3.rel1.win32_1.0.0.202411081344/tools/bin/../lib/gcc/arm-none-eabi/13.3.1/../../../../arm-none-eabi/lib/thumb/v7e-m+fp/hard\libc_nano.a(libc_a-malloc.o)
                              C:/ST/STM32CubeIDE_1.19.0/STM32CubeIDE/plugins/com.st.stm32cube.ide.mcu.externaltools.gnu-tools-for-stm32.13.3.rel1.win32_1.0.0.202411081344/tools/bin/../lib/gcc/arm-none-eabi/13.3.1/../../../../arm-none-eabi/lib/thumb/v7e-m+fp/hard\libstdc++_nano.a(new_op.o) (malloc)
C:/ST/STM32CubeIDE_1.19.0/STM32CubeIDE/plugins/com.st.stm32cube.ide.mcu.externaltools.gnu-tools-for-stm32.13.3.rel1.win32_1.0.0.202411081344/tools/bin/../lib/gcc/arm-none-eabi/13.3.1/../../../../arm-none-eabi/lib/thumb/v7e-m+fp/hard\libc_nano.a(libc_a-mallocr.o)
                              C:/ST/STM32CubeIDE_1.19.0/STM32CubeIDE/plugins/com.st.stm32cube.ide.mcu.externaltools.gnu-tools-for-stm32.13.3.rel1.win32_1.0.0.202411081344/tools/bin/../lib/gcc/arm-none-eabi/13.3.1/../../../../arm-none-eabi/lib/thumb/v7e-m+fp/hard\libc_nano.a(libc_a-malloc.o) (_malloc_r)
C:/ST/STM32CubeIDE_1.19.0/STM32CubeIDE/plugins/com.st.stm32cube.ide.mcu.externaltools.gnu-tools-for-stm32.13.3.rel1.win32_1.0.0.202411081344/tools/bin/../lib/gcc/arm-none-eabi/13.3.1/../../../../arm-none-eabi/lib/thumb/v7e-m+fp/hard\libc_nano.a(libc_a-mlock.o)
                              C:/ST/STM32CubeIDE_1.19.0/STM32CubeIDE/plugins/com.st.stm32cube.ide.mcu.externaltools.gnu-tools-for-stm32.13.3.rel1.win32_1.0.0.202411081344/tools/bin/../lib/gcc/arm-none-eabi/13.3.1/../../../../arm-none-eabi/lib/thumb/v7e-m+fp/hard\libc_nano.a(libc_a-mallocr.o) (__malloc_lock)
[...]
Memory Configuration

Name             Origin             Length             Attributes
RAM              0x20000000         0x00020000         xrw
FLASH            0x08000000         0x00080000         xr
*default*        0x00000000         0xffffffff

Linker script and memory map

LOAD C:/ST/STM32CubeIDE_1.19.0/STM32CubeIDE/plugins/com.st.stm32cube.ide.mcu.externaltools.gnu-tools-for-stm32.13.3.rel1.win32_1.0.0.202411081344/tools/bin/../lib/gcc/arm-none-eabi/13.3.1/thumb/v7e-m+fp/hard/crti.o
LOAD C:/ST/STM32CubeIDE_1.19.0/STM32CubeIDE/plugins/com.st.stm32cube.ide.mcu.externaltools.gnu-tools-for-stm32.13.3.rel1.win32_1.0.0.202411081344/tools/bin/../lib/gcc/arm-none-eabi/13.3.1/thumb/v7e-m+fp/hard/crtbegin.o
LOAD C:/ST/STM32CubeIDE_1.19.0/STM32CubeIDE/plugins/com.st.stm32cube.ide.mcu.externaltools.gnu-tools-for-stm32.13.3.rel1.win32_1.0.0.202411081344/tools/bin/../lib/gcc/arm-none-eabi/13.3.1/../../../../arm-none-eabi/lib/thumb/v7e-m+fp/hard/crt0.o
LOAD ./Applications/Demos/mcc-poc-torquecontroller/mcc_poc_torquecontroller.o
LOAD ./Applications/mcc-sparkcore/mcc_sparkcore.o
LOAD ./Applications/mcc_capi.o
LOAD ./Core/Src/main.o
LOAD ./Core/Src/stm32f4xx_hal_msp.o
LOAD ./Core/Src/stm32f4xx_it.o
LOAD ./Core/Src/syscalls.o
LOAD ./Core/Src/sysmem.o
LOAD ./Core/Src/system_stm32f4xx.o
LOAD ./Core/Startup/startup_stm32f446zetx.o
LOAD ./Drivers/STM32F4xx_HAL_Driver/Src/stm32f4xx_hal.o
LOAD ./Drivers/STM32F4xx_HAL_Driver/Src/stm32f4xx_hal_cortex.o
LOAD ./Drivers/STM32F4xx_HAL_Driver/Src/stm32f4xx_hal_dma.o
LOAD ./Drivers/STM32F4xx_HAL_Driver/Src/stm32f4xx_hal_dma_ex.o
LOAD ./Drivers/STM32F4xx_HAL_Driver/Src/stm32f4xx_hal_exti.o
LOAD ./Drivers/STM32F4xx_HAL_Driver/Src/stm32f4xx_hal_flash.o
LOAD ./Drivers/STM32F4xx_HAL_Driver/Src/stm32f4xx_hal_flash_ex.o
LOAD ./Drivers/STM32F4xx_HAL_Driver/Src/stm32f4xx_hal_flash_ramfunc.o
LOAD ./Drivers/STM32F4xx_HAL_Driver/Src/stm32f4xx_hal_gpio.o
LOAD ./Drivers/STM32F4xx_HAL_Driver/Src/stm32f4xx_hal_pcd.o
LOAD ./Drivers/STM32F4xx_HAL_Driver/Src/stm32f4xx_hal_pcd_ex.o
LOAD ./Drivers/STM32F4xx_HAL_Driver/Src/stm32f4xx_hal_pwr.o
LOAD ./Drivers/STM32F4xx_HAL_Driver/Src/stm32f4xx_hal_pwr_ex.o
LOAD ./Drivers/STM32F4xx_HAL_Driver/Src/stm32f4xx_hal_rcc.o
LOAD ./Drivers/STM32F4xx_HAL_Driver/Src/stm32f4xx_hal_rcc_ex.o
LOAD ./Drivers/STM32F4xx_HAL_Driver/Src/stm32f4xx_hal_tim.o
LOAD ./Drivers/STM32F4xx_HAL_Driver/Src/stm32f4xx_hal_tim_ex.o
LOAD ./Drivers/STM32F4xx_HAL_Driver/Src/stm32f4xx_hal_uart.o
LOAD ./Drivers/STM32F4xx_HAL_Driver/Src/stm32f4xx_ll_usb.o
LOAD ./Sparkcore-Components/TorqueController/src/torque.o
LOAD ./Sparkcore-Drivers/CurrentMeter/CurrentMeter1_AMuster.o
LOAD ./Sparkcore-Drivers/HBridge/HBridge_AMuster.o
START GROUP
LOAD C:/ST/STM32CubeIDE_1.19.0/STM32CubeIDE/plugins/com.st.stm32cube.ide.mcu.externaltools.gnu-tools-for-stm32.13.3.rel1.win32_1.0.0.202411081344/tools/bin/../lib/gcc/arm-none-eabi/13.3.1/../../../../arm-none-eabi/lib/thumb/v7e-m+fp/hard\libstdc++_nano.a
LOAD C:/ST/STM32CubeIDE_1.19.0/STM32CubeIDE/plugins/com.st.stm32cube.ide.mcu.externaltools.gnu-tools-for-stm32.13.3.rel1.win32_1.0.0.202411081344/tools/bin/../lib/gcc/arm-none-eabi/13.3.1/../../../../arm-none-eabi/lib/thumb/v7e-m+fp/hard\libsupc++_nano.a
END GROUP
LOAD C:/ST/STM32CubeIDE_1.19.0/STM32CubeIDE/plugins/com.st.stm32cube.ide.mcu.externaltools.gnu-tools-for-stm32.13.3.rel1.win32_1.0.0.202411081344/tools/bin/../lib/gcc/arm-none-eabi/13.3.1/../../../../arm-none-eabi/lib/thumb/v7e-m+fp/hard\libstdc++_nano.a
LOAD C:/ST/STM32CubeIDE_1.19.0/STM32CubeIDE/plugins/com.st.stm32cube.ide.mcu.externaltools.gnu-tools-for-stm32.13.3.rel1.win32_1.0.0.202411081344/tools/bin/../lib/gcc/arm-none-eabi/13.3.1/../../../../arm-none-eabi/lib/thumb/v7e-m+fp/hard\libm.a
LOAD C:/ST/STM32CubeIDE_1.19.0/STM32CubeIDE/plugins/com.st.stm32cube.ide.mcu.externaltools.gnu-tools-for-stm32.13.3.rel1.win32_1.0.0.202411081344/tools/bin/../lib/gcc/arm-none-eabi/13.3.1/../../../../arm-none-eabi/lib/thumb/v7e-m+fp/hard\libc_nano.a
START GROUP
LOAD C:/ST/STM32CubeIDE_1.19.0/STM32CubeIDE/plugins/com.st.stm32cube.ide.mcu.externaltools.gnu-tools-for-stm32.13.3.rel1.win32_1.0.0.202411081344/tools/bin/../lib/gcc/arm-none-eabi/13.3.1/thumb/v7e-m+fp/hard\libgcc.a
LOAD C:/ST/STM32CubeIDE_1.19.0/STM32CubeIDE/plugins/com.st.stm32cube.ide.mcu.externaltools.gnu-tools-for-stm32.13.3.rel1.win32_1.0.0.202411081344/tools/bin/../lib/gcc/arm-none-eabi/13.3.1/../../../../arm-none-eabi/lib/thumb/v7e-m+fp/hard\libc_nano.a
END GROUP
START GROUP
LOAD C:/ST/STM32CubeIDE_1.19.0/STM32CubeIDE/plugins/com.st.stm32cube.ide.mcu.externaltools.gnu-tools-for-stm32.13.3.rel1.win32_1.0.0.202411081344/tools/bin/../lib/gcc/arm-none-eabi/13.3.1/thumb/v7e-m+fp/hard\libgcc.a
LOAD C:/ST/STM32CubeIDE_1.19.0/STM32CubeIDE/plugins/com.st.stm32cube.ide.mcu.externaltools.gnu-tools-for-stm32.13.3.rel1.win32_1.0.0.202411081344/tools/bin/../lib/gcc/arm-none-eabi/13.3.1/../../../../arm-none-eabi/lib/thumb/v7e-m+fp/hard\libc_nano.a
LOAD C:/ST/STM32CubeIDE_1.19.0/STM32CubeIDE/plugins/com.st.stm32cube.ide.mcu.externaltools.gnu-tools-for-stm32.13.3.rel1.win32_1.0.0.202411081344/tools/bin/../lib/gcc/arm-none-eabi/13.3.1/../../../../arm-none-eabi/lib/thumb/v7e-m+fp/hard\libnosys.a
END GROUP
START GROUP
LOAD C:/ST/STM32CubeIDE_1.19.0/STM32CubeIDE/plugins/com.st.stm32cube.ide.mcu.externaltools.gnu-tools-for-stm32.13.3.rel1.win32_1.0.0.202411081344/tools/bin/../lib/gcc/arm-none-eabi/13.3.1/thumb/v7e-m+fp/hard\libgcc.a
LOAD C:/ST/STM32CubeIDE_1.19.0/STM32CubeIDE/plugins/com.st.stm32cube.ide.mcu.externaltools.gnu-tools-for-stm32.13.3.rel1.win32_1.0.0.202411081344/tools/bin/../lib/gcc/arm-none-eabi/13.3.1/../../../../arm-none-eabi/lib/thumb/v7e-m+fp/hard\libc_nano.a
LOAD C:/ST/STM32CubeIDE_1.19.0/STM32CubeIDE/plugins/com.st.stm32cube.ide.mcu.externaltools.gnu-tools-for-stm32.13.3.rel1.win32_1.0.0.202411081344/tools/bin/../lib/gcc/arm-none-eabi/13.3.1/../../../../arm-none-eabi/lib/thumb/v7e-m+fp/hard\libnosys.a
END GROUP
LOAD C:/ST/STM32CubeIDE_1.19.0/STM32CubeIDE/plugins/com.st.stm32cube.ide.mcu.externaltools.gnu-tools-for-stm32.13.3.rel1.win32_1.0.0.202411081344/tools/bin/../lib/gcc/arm-none-eabi/13.3.1/thumb/v7e-m+fp/hard/crtend.o
LOAD C:/ST/STM32CubeIDE_1.19.0/STM32CubeIDE/plugins/com.st.stm32cube.ide.mcu.externaltools.gnu-tools-for-stm32.13.3.rel1.win32_1.0.0.202411081344/tools/bin/../lib/gcc/arm-none-eabi/13.3.1/thumb/v7e-m+fp/hard/crtn.o
                0x20020000                        _estack = (ORIGIN (RAM) + LENGTH (RAM))
                0x00000200                        _Min_Heap_Size = 0x200
                0x00000400                        _Min_Stack_Size = 0x400

.isr_vector     0x08000000      0x1c4
                0x08000000                        . = ALIGN (0x4)
 *(.isr_vector)
 .isr_vector    0x08000000      0x1c4 ./Core/Startup/startup_stm32f446zetx.o
                0x08000000                g_pfnVectors
                0x080001c4                        . = ALIGN (0x4)

.text           0x080001c4     0x43f8
                0x080001c4                        . = ALIGN (0x4)
 *(.text)
 .text          0x080001c4       0x40 C:/ST/STM32CubeIDE_1.19.0/STM32CubeIDE/plugins/com.st.stm32cube.ide.mcu.externaltools.gnu-tools-for-stm32.13.3.rel1.win32_1.0.0.202411081344/tools/bin/../lib/gcc/arm-none-eabi/13.3.1/thumb/v7e-m+fp/hard/crtbegin.o
 .text          0x08000204       0x30 C:/ST/STM32CubeIDE_1.19.0/STM32CubeIDE/plugins/com.st.stm32cube.ide.mcu.externaltools.gnu-tools-for-stm32.13.3.rel1.win32_1.0.0.202411081344/tools/bin/../lib/gcc/arm-none-eabi/13.3.1/thumb/v7e-m+fp/hard\libgcc.a(_aeabi_uldivmod.o)
                0x08000204                __aeabi_uldivmod
 .text          0x08000234      0x2f8 C:/ST/STM32CubeIDE_1.19.0/STM32CubeIDE/plugins/com.st.stm32cube.ide.mcu.externaltools.gnu-tools-for-stm32.13.3.rel1.win32_1.0.0.202411081344/tools/bin/../lib/gcc/arm-none-eabi/13.3.1/thumb/v7e-m+fp/hard\libgcc.a(_udivmoddi4.o)
                0x08000234                __udivmoddi4
 .text          0x0800052c        0x4 C:/ST/STM32CubeIDE_1.19.0/STM32CubeIDE/plugins/com.st.stm32cube.ide.mcu.externaltools.gnu-tools-for-stm32.13.3.rel1.win32_1.0.0.202411081344/tools/bin/../lib/gcc/arm-none-eabi/13.3.1/thumb/v7e-m+fp/hard\libgcc.a(_dvmd_tls.o)
                0x0800052c                __aeabi_idiv0
                0x0800052c                __aeabi_ldiv0
 *(.text*)
 .text._ZN14IMccAplicationD2Ev
                0x08000530       0x20 ./Applications/Demos/mcc-poc-torquecontroller/mcc_poc_torquecontroller.o
                0x08000530                IMccAplication::~IMccAplication()
                0x08000530                IMccAplication::~IMccAplication()
 .text._ZN14IMccAplicationD0Ev
                0x08000550       0x20 ./Applications/Demos/mcc-poc-torquecontroller/mcc_poc_torquecontroller.o
                0x08000550                IMccAplication::~IMccAplication()
 .text._ZN24mcc_poc_torquecontrollerD2Ev
                0x08000570       0x24 ./Applications/Demos/mcc-poc-torquecontroller/mcc_poc_torquecontroller.o
                0x08000570                mcc_poc_torquecontroller::~mcc_poc_torquecontroller()
                0x08000570                mcc_poc_torquecontroller::~mcc_poc_torquecontroller()
 .text._ZN24mcc_poc_torquecontrollerD0Ev
                0x08000594       0x20 ./Applications/Demos/mcc-poc-torquecontroller/mcc_poc_torquecontroller.o
                0x08000594                mcc_poc_torquecontroller::~mcc_poc_torquecontroller()
 .text._ZN24mcc_poc_torquecontroller10setContextEPv
                0x080005b4       0x16 ./Applications/Demos/mcc-poc-torquecontroller/mcc_poc_torquecontroller.o
                0x080005b4                mcc_poc_torquecontroller::setContext(void*)
 .text._ZN24mcc_poc_torquecontroller3runEv
                0x080005ca       0x14 ./Applications/Demos/mcc-poc-torquecontroller/mcc_poc_torquecontroller.o
                0x080005ca                mcc_poc_torquecontroller::run()
 *fill*         0x080005de        0x2 
 .text._ZN14IMccAplicationC2Ev
                0x080005e0       0x20 ./Applications/mcc_capi.o
                0x080005e0                IMccAplication::IMccAplication()
                0x080005e0                IMccAplication::IMccAplication()
 .text._ZN24mcc_poc_torquecontrollerC2Ev
                0x08000600       0x24 ./Applications/mcc_capi.o
                0x08000600                mcc_poc_torquecontroller::mcc_poc_torquecontroller()
                0x08000600                mcc_poc_torquecontroller::mcc_poc_torquecontroller()
 .text.Mcc_Create
                0x08000624       0x58 ./Applications/mcc_capi.o
                0x08000624                Mcc_Create
 .text.Mcc_SetContext
                0x0800067c       0x32 ./Applications/mcc_capi.o
                0x0800067c                Mcc_SetContext
 .text.Mcc_Run  0x080006ae       0x3a ./Applications/mcc_capi.o
                0x080006ae                Mcc_Run
 .text.main     0x080006e8       0x58 ./Core/Src/main.o
                0x080006e8                main
 .text.SystemClock_Config
                0x08000740       0xd8 ./Core/Src/main.o
                0x08000740                SystemClock_Config
 .text.MX_TIM1_Init
                0x08000818      0x158 ./Core/Src/main.o
 .text.MX_USART3_UART_Init
                0x08000970       0x54 ./Core/Src/main.o
 .text.MX_USB_OTG_FS_PCD_Init
                0x080009c4       0x5c ./Core/Src/main.o
 .text.MX_GPIO_Init
                0x08000a20      0x178 ./Core/Src/main.o
 .text.Error_Handler
                0x08000b98        0xc ./Core/Src/main.o
                0x08000b98                Error_Handler
 .text.HAL_MspInit
                0x08000ba4       0x50 ./Core/Src/stm32f4xx_hal_msp.o
                0x08000ba4                HAL_MspInit
 .text.HAL_TIM_Base_MspInit
                0x08000bf4       0x44 ./Core/Src/stm32f4xx_hal_msp.o
                0x08000bf4                HAL_TIM_Base_MspInit
 .text.HAL_TIM_MspPostInit
                0x08000c38       0xb4 ./Core/Src/stm32f4xx_hal_msp.o
                0x08000c38                HAL_TIM_MspPostInit
 .text.HAL_UART_MspInit
                0x08000cec       0x90 ./Core/Src/stm32f4xx_hal_msp.o
                0x08000cec                HAL_UART_MspInit
 .text.HAL_PCD_MspInit
                0x08000d7c       0xe0 ./Core/Src/stm32f4xx_hal_msp.o
                0x08000d7c                HAL_PCD_MspInit
 .text.NMI_Handler
                0x08000e5c        0x8 ./Core/Src/stm32f4xx_it.o
                0x08000e5c                NMI_Handler
 .text.HardFault_Handler
                0x08000e64        0x8 ./Core/Src/stm32f4xx_it.o
                0x08000e64                HardFault_Handler
 .text.MemManage_Handler
                0x08000e6c        0x8 ./Core/Src/stm32f4xx_it.o
                0x08000e6c                MemManage_Handler
 .text.BusFault_Handler
                0x08000e74        0x8 ./Core/Src/stm32f4xx_it.o
                0x08000e74                BusFault_Handler
 .text.UsageFault_Handler
                0x08000e7c        0x8 ./Core/Src/stm32f4xx_it.o
                0x08000e7c                UsageFault_Handler
 .text.SVC_Handler
                0x08000e84        0xe ./Core/Src/stm32f4xx_it.o
                0x08000e84                SVC_Handler
 .text.DebugMon_Handler
                0x08000e92        0xe ./Core/Src/stm32f4xx_it.o
                0x08000e92                DebugMon_Handler
 .text.PendSV_Handler
                0x08000ea0        0xe ./Core/Src/stm32f4xx_it.o
                0x08000ea0                PendSV_Handler
 .text.SysTick_Handler
                0x08000eae        0xc ./Core/Src/stm32f4xx_it.o
                0x08000eae                SysTick_Handler
 .text._getpid  0x08000eba       0x10 ./Core/Src/syscalls.o
                0x08000eba                _getpid
 .text._kill    0x08000eca       0x20 ./Core/Src/syscalls.o
                0x08000eca                _kill
 .text._exit    0x08000eea       0x16 ./Core/Src/syscalls.o
                0x08000eea                _exit
 .text._sbrk    0x08000f00       0x6c ./Core/Src/sysmem.o
                0x08000f00                _sbrk
 .text.SystemInit
                0x08000f6c       0x24 ./Core/Src/system_stm32f4xx.o
                0x08000f6c                SystemInit
 .text.Reset_Handler
                0x08000f90       0x50 ./Core/Startup/startup_stm32f446zetx.o
                0x08000f90                Reset_Handler
 .text.Default_Handler
                0x08000fe0        0x2 ./Core/Startup/startup_stm32f446zetx.o
                0x08000fe0                RTC_Alarm_IRQHandler
                0x08000fe0                EXTI2_IRQHandler
                0x08000fe0                TIM8_CC_IRQHandler
                0x08000fe0                FMPI2C1_EV_IRQHandler
                0x08000fe0                SPI4_IRQHandler
                0x08000fe0                TIM1_CC_IRQHandler
                0x08000fe0                DMA2_Stream5_IRQHandler
                0x08000fe0                DMA1_Stream5_IRQHandler
                0x08000fe0                PVD_IRQHandler
                0x08000fe0                SDIO_IRQHandler
                0x08000fe0                TAMP_STAMP_IRQHandler
                0x08000fe0                CAN2_RX1_IRQHandler
                0x08000fe0                EXTI3_IRQHandler
                0x08000fe0                TIM8_TRG_COM_TIM14_IRQHandler
                0x08000fe0                TIM1_UP_TIM10_IRQHandler
                0x08000fe0                TIM8_UP_TIM13_IRQHandler
                0x08000fe0                I2C3_ER_IRQHandler
                0x08000fe0                EXTI0_IRQHandler
                0x08000fe0                I2C2_EV_IRQHandler
                0x08000fe0                DMA1_Stream2_IRQHandler
                0x08000fe0                CAN1_RX0_IRQHandler
                0x08000fe0                FPU_IRQHandler
                0x08000fe0                OTG_HS_WKUP_IRQHandler
                0x08000fe0                CAN2_SCE_IRQHandler
                0x08000fe0                DMA2_Stream2_IRQHandler
                0x08000fe0                SPI1_IRQHandler
                0x08000fe0                TIM6_DAC_IRQHandler
                0x08000fe0                TIM1_BRK_TIM9_IRQHandler
                0x08000fe0                DCMI_IRQHandler
                0x08000fe0                CAN2_RX0_IRQHandler
                0x08000fe0                DMA2_Stream3_IRQHandler
                0x08000fe0                SAI2_IRQHandler
                0x08000fe0                USART6_IRQHandler
                0x08000fe0                USART3_IRQHandler
                0x08000fe0                CAN1_RX1_IRQHandler
                0x08000fe0                UART5_IRQHandler
                0x08000fe0                DMA2_Stream0_IRQHandler
                0x08000fe0                TIM4_IRQHandler
                0x08000fe0                QUADSPI_IRQHandler
                0x08000fe0                I2C1_EV_IRQHandler
                0x08000fe0                DMA1_Stream6_IRQHandler
                0x08000fe0                DMA1_Stream1_IRQHandler
                0x08000fe0                UART4_IRQHandler
                0x08000fe0                TIM3_IRQHandler
                0x08000fe0                RCC_IRQHandler
                0x08000fe0                TIM8_BRK_TIM12_IRQHandler
                0x08000fe0                Default_Handler
                0x08000fe0                CEC_IRQHandler
                0x08000fe0                EXTI15_10_IRQHandler
                0x08000fe0                ADC_IRQHandler
                0x08000fe0                DMA1_Stream7_IRQHandler
                0x08000fe0                TIM7_IRQHandler
                0x08000fe0                CAN2_TX_IRQHandler
                0x08000fe0                TIM5_IRQHandler
                0x08000fe0                DMA2_Stream7_IRQHandler
                0x08000fe0                I2C3_EV_IRQHandler
                0x08000fe0                EXTI9_5_IRQHandler
                0x08000fe0                RTC_WKUP_IRQHandler
                0x08000fe0                SPDIF_RX_IRQHandler
                0x08000fe0                SPI2_IRQHandler
                0x08000fe0                OTG_HS_EP1_IN_IRQHandler
                0x08000fe0                DMA1_Stream0_IRQHandler
                0x08000fe0                CAN1_TX_IRQHandler
                0x08000fe0                FMPI2C1_ER_IRQHandler
                0x08000fe0                EXTI4_IRQHandler
                0x08000fe0                OTG_HS_EP1_OUT_IRQHandler
                0x08000fe0                WWDG_IRQHandler
                0x08000fe0                TIM2_IRQHandler
                0x08000fe0                OTG_FS_WKUP_IRQHandler
                0x08000fe0                TIM1_TRG_COM_TIM11_IRQHandler
                0x08000fe0                OTG_HS_IRQHandler
                0x08000fe0                EXTI1_IRQHandler
                0x08000fe0                USART2_IRQHandler
                0x08000fe0                I2C2_ER_IRQHandler
                0x08000fe0                DMA2_Stream1_IRQHandler
                0x08000fe0                CAN1_SCE_IRQHandler
                0x08000fe0                FLASH_IRQHandler
                0x08000fe0                DMA2_Stream4_IRQHandler
                0x08000fe0                USART1_IRQHandler
                0x08000fe0                OTG_FS_IRQHandler
                0x08000fe0                SPI3_IRQHandler
                0x08000fe0                DMA1_Stream4_IRQHandler
                0x08000fe0                I2C1_ER_IRQHandler
                0x08000fe0                FMC_IRQHandler
                0x08000fe0                DMA2_Stream6_IRQHandler
                0x08000fe0                SAI1_IRQHandler
                0x08000fe0                DMA1_Stream3_IRQHandler
 *fill*         0x08000fe2        0x2 
 .text.HAL_Init
                0x08000fe4       0x44 ./Drivers/STM32F4xx_HAL_Driver/Src/stm32f4xx_hal.o
                0x08000fe4                HAL_Init
 .text.HAL_InitTick
                0x08001028       0x60 ./Drivers/STM32F4xx_HAL_Driver/Src/stm32f4xx_hal.o
                0x08001028                HAL_InitTick
 .text.HAL_IncTick
                0x08001088       0x28 ./Drivers/STM32F4xx_HAL_Driver/Src/stm32f4xx_hal.o
                0x08001088                HAL_IncTick
 .text.HAL_GetTick
                0x080010b0       0x18 ./Drivers/STM32F4xx_HAL_Driver/Src/stm32f4xx_hal.o
                0x080010b0                HAL_GetTick
 .text.HAL_Delay
                0x080010c8       0x48 ./Drivers/STM32F4xx_HAL_Driver/Src/stm32f4xx_hal.o
                0x080010c8                HAL_Delay
 .text.__NVIC_SetPriorityGrouping
                0x08001110       0x48 ./Drivers/STM32F4xx_HAL_Driver/Src/stm32f4xx_hal_cortex.o
 .text.__NVIC_GetPriorityGrouping
                0x08001158       0x1c ./Drivers/STM32F4xx_HAL_Driver/Src/stm32f4xx_hal_cortex.o
 .text.__NVIC_SetPriority
                0x08001174       0x54 ./Drivers/STM32F4xx_HAL_Driver/Src/stm32f4xx_hal_cortex.o
 .text.NVIC_EncodePriority
                0x080011c8       0x66 ./Drivers/STM32F4xx_HAL_Driver/Src/stm32f4xx_hal_cortex.o
 *fill*         0x0800122e        0x2 
 .text.SysTick_Config
                0x08001230       0x44 ./Drivers/STM32F4xx_HAL_Driver/Src/stm32f4xx_hal_cortex.o
 .text.HAL_NVIC_SetPriorityGrouping
                0x08001274       0x16 ./Drivers/STM32F4xx_HAL_Driver/Src/stm32f4xx_hal_cortex.o
                0x08001274                HAL_NVIC_SetPriorityGrouping
 .text.HAL_NVIC_SetPriority
                0x0800128a       0x38 ./Drivers/STM32F4xx_HAL_Driver/Src/stm32f4xx_hal_cortex.o
                0x0800128a                HAL_NVIC_SetPriority
 .text.HAL_SYSTICK_Config
                0x080012c2       0x18 ./Drivers/STM32F4xx_HAL_Driver/Src/stm32f4xx_hal_cortex.o
                0x080012c2                HAL_SYSTICK_Config
 *fill*         0x080012da        0x2 
 .text.HAL_GPIO_Init
                0x080012dc      0x328 ./Drivers/STM32F4xx_HAL_Driver/Src/stm32f4xx_hal_gpio.o
                0x080012dc                HAL_GPIO_Init
 .text.HAL_GPIO_WritePin
                0x08001604       0x32 ./Drivers/STM32F4xx_HAL_Driver/Src/stm32f4xx_hal_gpio.o
                0x08001604                HAL_GPIO_WritePin
 .text.HAL_PCD_Init
                0x08001636      0x22c ./Drivers/STM32F4xx_HAL_Driver/Src/stm32f4xx_hal_pcd.o
                0x08001636                HAL_PCD_Init
 .text.HAL_PCDEx_ActivateLPM
                0x08001862       0x48 ./Drivers/STM32F4xx_HAL_Driver/Src/stm32f4xx_hal_pcd_ex.o
                0x08001862                HAL_PCDEx_ActivateLPM
 *fill*         0x080018aa        0x2 
 .text.HAL_RCC_ClockConfig
                0x080018ac      0x1cc ./Drivers/STM32F4xx_HAL_Driver/Src/stm32f4xx_hal_rcc.o
                0x080018ac                HAL_RCC_ClockConfig
 .text.HAL_RCC_GetHCLKFreq
                0x08001a78       0x18 ./Drivers/STM32F4xx_HAL_Driver/Src/stm32f4xx_hal_rcc.o
                0x08001a78                HAL_RCC_GetHCLKFreq
 .text.HAL_RCC_GetPCLK1Freq
                0x08001a90       0x28 ./Drivers/STM32F4xx_HAL_Driver/Src/stm32f4xx_hal_rcc.o
                0x08001a90                HAL_RCC_GetPCLK1Freq
 .text.HAL_RCC_GetPCLK2Freq
                0x08001ab8       0x28 ./Drivers/STM32F4xx_HAL_Driver/Src/stm32f4xx_hal_rcc.o
                0x08001ab8                HAL_RCC_GetPCLK2Freq
 .text.HAL_RCCEx_PeriphCLKConfig
                0x08001ae0      0x654 ./Drivers/STM32F4xx_HAL_Driver/Src/stm32f4xx_hal_rcc_ex.o
                0x08001ae0                HAL_RCCEx_PeriphCLKConfig
 .text.HAL_RCC_GetSysClockFreq
                0x08002134      0x460 ./Drivers/STM32F4xx_HAL_Driver/Src/stm32f4xx_hal_rcc_ex.o
                0x08002134                HAL_RCC_GetSysClockFreq
 .text.HAL_RCC_OscConfig
                0x08002594      0x53c ./Drivers/STM32F4xx_HAL_Driver/Src/stm32f4xx_hal_rcc_ex.o
                0x08002594                HAL_RCC_OscConfig
 .text.HAL_TIM_Base_Init
                0x08002ad0       0x9e ./Drivers/STM32F4xx_HAL_Driver/Src/stm32f4xx_hal_tim.o
                0x08002ad0                HAL_TIM_Base_Init
 .text.HAL_TIM_PWM_Init
                0x08002b6e       0x9e ./Drivers/STM32F4xx_HAL_Driver/Src/stm32f4xx_hal_tim.o
                0x08002b6e                HAL_TIM_PWM_Init
 .text.HAL_TIM_PWM_MspInit
                0x08002c0c       0x14 ./Drivers/STM32F4xx_HAL_Driver/Src/stm32f4xx_hal_tim.o
                0x08002c0c                HAL_TIM_PWM_MspInit
 .text.HAL_TIM_PWM_ConfigChannel
                0x08002c20      0x184 ./Drivers/STM32F4xx_HAL_Driver/Src/stm32f4xx_hal_tim.o
                0x08002c20                HAL_TIM_PWM_ConfigChannel
 .text.HAL_TIM_ConfigClockSource
                0x08002da4      0x18e ./Drivers/STM32F4xx_HAL_Driver/Src/stm32f4xx_hal_tim.o
                0x08002da4                HAL_TIM_ConfigClockSource
 *fill*         0x08002f32        0x2 
 .text.TIM_Base_SetConfig
                0x08002f34      0x14c ./Drivers/STM32F4xx_HAL_Driver/Src/stm32f4xx_hal_tim.o
                0x08002f34                TIM_Base_SetConfig
 .text.TIM_OC1_SetConfig
                0x08003080       0xe0 ./Drivers/STM32F4xx_HAL_Driver/Src/stm32f4xx_hal_tim.o
 .text.TIM_OC2_SetConfig
                0x08003160       0xec ./Drivers/STM32F4xx_HAL_Driver/Src/stm32f4xx_hal_tim.o
                0x08003160                TIM_OC2_SetConfig
 .text.TIM_OC3_SetConfig
                0x0800324c       0xe8 ./Drivers/STM32F4xx_HAL_Driver/Src/stm32f4xx_hal_tim.o
 .text.TIM_OC4_SetConfig
                0x08003334       0xac ./Drivers/STM32F4xx_HAL_Driver/Src/stm32f4xx_hal_tim.o
 .text.TIM_TI1_ConfigInputStage
                0x080033e0       0x5e ./Drivers/STM32F4xx_HAL_Driver/Src/stm32f4xx_hal_tim.o
 .text.TIM_TI2_ConfigInputStage
                0x0800343e       0x60 ./Drivers/STM32F4xx_HAL_Driver/Src/stm32f4xx_hal_tim.o
 .text.TIM_ITRx_SetConfig
                0x0800349e       0x36 ./Drivers/STM32F4xx_HAL_Driver/Src/stm32f4xx_hal_tim.o
 .text.TIM_ETR_SetConfig
                0x080034d4       0x40 ./Drivers/STM32F4xx_HAL_Driver/Src/stm32f4xx_hal_tim.o
                0x080034d4                TIM_ETR_SetConfig
 .text.HAL_TIMEx_MasterConfigSynchronization
                0x08003514       0xf8 ./Drivers/STM32F4xx_HAL_Driver/Src/stm32f4xx_hal_tim_ex.o
                0x08003514                HAL_TIMEx_MasterConfigSynchronization
 .text.HAL_TIMEx_ConfigBreakDeadTime
                0x0800360c       0xa4 ./Drivers/STM32F4xx_HAL_Driver/Src/stm32f4xx_hal_tim_ex.o
                0x0800360c                HAL_TIMEx_ConfigBreakDeadTime
 .text.HAL_UART_Init
                0x080036b0       0xa0 ./Drivers/STM32F4xx_HAL_Driver/Src/stm32f4xx_hal_uart.o
                0x080036b0                HAL_UART_Init
 .text.UART_SetConfig
                0x08003750      0x4e8 ./Drivers/STM32F4xx_HAL_Driver/Src/stm32f4xx_hal_uart.o
 .text.USB_CoreInit
                0x08003c38       0xc8 ./Drivers/STM32F4xx_HAL_Driver/Src/stm32f4xx_ll_usb.o
                0x08003c38                USB_CoreInit
 .text.USB_DisableGlobalInt
                0x08003d00       0x22 ./Drivers/STM32F4xx_HAL_Driver/Src/stm32f4xx_ll_usb.o
                0x08003d00                USB_DisableGlobalInt
 .text.USB_SetCurrentMode
                0x08003d22       0x98 ./Drivers/STM32F4xx_HAL_Driver/Src/stm32f4xx_ll_usb.o
                0x08003d22                USB_SetCurrentMode
 *fill*         0x08003dba        0x2 
 .text.USB_DevInit
                0x08003dbc      0x2bc ./Drivers/STM32F4xx_HAL_Driver/Src/stm32f4xx_ll_usb.o
                0x08003dbc                USB_DevInit
 .text.USB_FlushTxFifo
                0x08004078       0x64 ./Drivers/STM32F4xx_HAL_Driver/Src/stm32f4xx_ll_usb.o
                0x08004078                USB_FlushTxFifo
 .text.USB_FlushRxFifo
                0x080040dc       0x5c ./Drivers/STM32F4xx_HAL_Driver/Src/stm32f4xx_ll_usb.o
                0x080040dc                USB_FlushRxFifo
 .text.USB_SetDevSpeed
                0x08004138       0x32 ./Drivers/STM32F4xx_HAL_Driver/Src/stm32f4xx_ll_usb.o
                0x08004138                USB_SetDevSpeed
 .text.USB_DevDisconnect
                0x0800416a       0x42 ./Drivers/STM32F4xx_HAL_Driver/Src/stm32f4xx_ll_usb.o
                0x0800416a                USB_DevDisconnect
 .text.USB_GetMode
                0x080041ac       0x1c ./Drivers/STM32F4xx_HAL_Driver/Src/stm32f4xx_ll_usb.o
                0x080041ac                USB_GetMode
 .text.USB_CoreReset
                0x080041c8       0x70 ./Drivers/STM32F4xx_HAL_Driver/Src/stm32f4xx_ll_usb.o
 .text._ZdlPvj  0x08004238        0x4 C:/ST/STM32CubeIDE_1.19.0/STM32CubeIDE/plugins/com.st.stm32cube.ide.mcu.externaltools.gnu-tools-for-stm32.13.3.rel1.win32_1.0.0.202411081344/tools/bin/../lib/gcc/arm-none-eabi/13.3.1/../../../../arm-none-eabi/lib/thumb/v7e-m+fp/hard\libstdc++_nano.a(del_ops.o)
                0x08004238                operator delete(void*, unsigned int)
 .text._Znwj    0x0800423c       0x22 C:/ST/STM32CubeIDE_1.19.0/STM32CubeIDE/plugins/com.st.stm32cube.ide.mcu.externaltools.gnu-tools-for-stm32.13.3.rel1.win32_1.0.0.202411081344/tools/bin/../lib/gcc/arm-none-eabi/13.3.1/../../../../arm-none-eabi/lib/thumb/v7e-m+fp/hard\libstdc++_nano.a(new_op.o)
                0x0800423c                operator new(unsigned int)
 .text._ZdlPv   0x0800425e        0x4 C:/ST/STM32CubeIDE_1.19.0/STM32CubeIDE/plugins/com.st.stm32cube.ide.mcu.externaltools.gnu-tools-for-stm32.13.3.rel1.win32_1.0.0.202411081344/tools/bin/../lib/gcc/arm-none-eabi/13.3.1/../../../../arm-none-eabi/lib/thumb/v7e-m+fp/hard\libstdc++_nano.a(del_op.o)
                0x0800425e                operator delete(void*)
 *fill*         0x08004262        0x2 
 .text._ZSt15get_new_handlerv
                0x08004264       0x10 C:/ST/STM32CubeIDE_1.19.0/STM32CubeIDE/plugins/com.st.stm32cube.ide.mcu.externaltools.gnu-tools-for-stm32.13.3.rel1.win32_1.0.0.202411081344/tools/bin/../lib/gcc/arm-none-eabi/13.3.1/../../../../arm-none-eabi/lib/thumb/v7e-m+fp/hard\libstdc++_nano.a(new_handler.o)
                0x08004264                std::get_new_handler()
 .text.abort    0x08004274        0xe C:/ST/STM32CubeIDE_1.19.0/STM32CubeIDE/plugins/com.st.stm32cube.ide.mcu.externaltools.gnu-tools-for-stm32.13.3.rel1.win32_1.0.0.202411081344/tools/bin/../lib/gcc/arm-none-eabi/13.3.1/../../../../arm-none-eabi/lib/thumb/v7e-m+fp/hard\libc_nano.a(libc_a-abort.o)
                0x08004274                abort
 *fill*         0x08004282        0x2 
 .text.malloc   0x08004284       0x10 C:/ST/STM32CubeIDE_1.19.0/STM32CubeIDE/plugins/com.st.stm32cube.ide.mcu.externaltools.gnu-tools-for-stm32.13.3.rel1.win32_1.0.0.202411081344/tools/bin/../lib/gcc/arm-none-eabi/13.3.1/../../../../arm-none-eabi/lib/thumb/v7e-m+fp/hard\libc_nano.a(libc_a-malloc.o)
                0x08004284                malloc
 .text.free     0x08004294       0x10 C:/ST/STM32CubeIDE_1.19.0/STM32CubeIDE/plugins/com.st.stm32cube.ide.mcu.externaltools.gnu-tools-for-stm32.13.3.rel1.win32_1.0.0.202411081344/tools/bin/../lib/gcc/arm-none-eabi/13.3.1/../../../../arm-none-eabi/lib/thumb/v7e-m+fp/hard\libc_nano.a(libc_a-malloc.o)
                0x08004294                free
 .text.sbrk_aligned
                0x080042a4       0x44 C:/ST/STM32CubeIDE_1.19.0/STM32CubeIDE/plugins/com.st.stm32cube.ide.mcu.externaltools.gnu-tools-for-stm32.13.3.rel1.win32_1.0.0.202411081344/tools/bin/../lib/gcc/arm-none-eabi/13.3.1/../../../../arm-none-eabi/lib/thumb/v7e-m+fp/hard\libc_nano.a(libc_a-mallocr.o)
 .text._malloc_r
                0x080042e8      0x100 C:/ST/STM32CubeIDE_1.19.0/STM32CubeIDE/plugins/com.st.stm32cube.ide.mcu.externaltools.gnu-tools-for-stm32.13.3.rel1.win32_1.0.0.202411081344/tools/bin/../lib/gcc/arm-none-eabi/13.3.1/../../../../arm-none-eabi/lib/thumb/v7e-m+fp/hard\libc_nano.a(libc_a-mallocr.o)
                0x080042e8                _malloc_r
 .text.__malloc_lock
                0x080043e8        0xc C:/ST/STM32CubeIDE_1.19.0/STM32CubeIDE/plugins/com.st.stm32cube.ide.mcu.externaltools.gnu-tools-for-stm32.13.3.rel1.win32_1.0.0.202411081344/tools/bin/../lib/gcc/arm-none-eabi/13.3.1/../../../../arm-none-eabi/lib/thumb/v7e-m+fp/hard\libc_nano.a(libc_a-mlock.o)
                0x080043e8                __malloc_lock
 .text.__malloc_unlock
                0x080043f4        0xc C:/ST/STM32CubeIDE_1.19.0/STM32CubeIDE/plugins/com.st.stm32cube.ide.mcu.externaltools.gnu-tools-for-stm32.13.3.rel1.win32_1.0.0.202411081344/tools/bin/../lib/gcc/arm-none-eabi/13.3.1/../../../../arm-none-eabi/lib/thumb/v7e-m+fp/hard\libc_nano.a(libc_a-mlock.o)
                0x080043f4                __malloc_unlock
 .text.memset   0x08004400       0x10 C:/ST/STM32CubeIDE_1.19.0/STM32CubeIDE/plugins/com.st.stm32cube.ide.mcu.externaltools.gnu-tools-for-stm32.13.3.rel1.win32_1.0.0.202411081344/tools/bin/../lib/gcc/arm-none-eabi/13.3.1/../../../../arm-none-eabi/lib/thumb/v7e-m+fp/hard\libc_nano.a(libc_a-memset.o)
                0x08004400                memset
 .text._raise_r
                0x08004410       0x50 C:/ST/STM32CubeIDE_1.19.0/STM32CubeIDE/plugins/com.st.stm32cube.ide.mcu.externaltools.gnu-tools-for-stm32.13.3.rel1.win32_1.0.0.202411081344/tools/bin/../lib/gcc/arm-none-eabi/13.3.1/../../../../arm-none-eabi/lib/thumb/v7e-m+fp/hard\libc_nano.a(libc_a-signal.o)
                0x08004410                _raise_r
 .text.raise    0x08004460       0x10 C:/ST/STM32CubeIDE_1.19.0/STM32CubeIDE/plugins/com.st.stm32cube.ide.mcu.externaltools.gnu-tools-for-stm32.13.3.rel1.win32_1.0.0.202411081344/tools/bin/../lib/gcc/arm-none-eabi/13.3.1/../../../../arm-none-eabi/lib/thumb/v7e-m+fp/hard\libc_nano.a(libc_a-signal.o)
                0x08004460                raise
 .text._kill_r  0x08004470       0x24 C:/ST/STM32CubeIDE_1.19.0/STM32CubeIDE/plugins/com.st.stm32cube.ide.mcu.externaltools.gnu-tools-for-stm32.13.3.rel1.win32_1.0.0.202411081344/tools/bin/../lib/gcc/arm-none-eabi/13.3.1/../../../../arm-none-eabi/lib/thumb/v7e-m+fp/hard\libc_nano.a(libc_a-signalr.o)
                0x08004470                _kill_r
 .text._getpid_r
                0x08004494        0x4 C:/ST/STM32CubeIDE_1.19.0/STM32CubeIDE/plugins/com.st.stm32cube.ide.mcu.externaltools.gnu-tools-for-stm32.13.3.rel1.win32_1.0.0.202411081344/tools/bin/../lib/gcc/arm-none-eabi/13.3.1/../../../../arm-none-eabi/lib/thumb/v7e-m+fp/hard\libc_nano.a(libc_a-signalr.o)
                0x08004494                _getpid_r
 .text._sbrk_r  0x08004498       0x20 C:/ST/STM32CubeIDE_1.19.0/STM32CubeIDE/plugins/com.st.stm32cube.ide.mcu.externaltools.gnu-tools-for-stm32.13.3.rel1.win32_1.0.0.202411081344/tools/bin/../lib/gcc/arm-none-eabi/13.3.1/../../../../arm-none-eabi/lib/thumb/v7e-m+fp/hard\libc_nano.a(libc_a-sbrkr.o)
                0x08004498                _sbrk_r
 .text.__errno  0x080044b8        0xc C:/ST/STM32CubeIDE_1.19.0/STM32CubeIDE/plugins/com.st.stm32cube.ide.mcu.externaltools.gnu-tools-for-stm32.13.3.rel1.win32_1.0.0.202411081344/tools/bin/../lib/gcc/arm-none-eabi/13.3.1/../../../../arm-none-eabi/lib/thumb/v7e-m+fp/hard\libc_nano.a(libc_a-errno.o)
                0x080044b8                __errno
 .text.__libc_init_array
                0x080044c4       0x48 C:/ST/STM32CubeIDE_1.19.0/STM32CubeIDE/plugins/com.st.stm32cube.ide.mcu.externaltools.gnu-tools-for-stm32.13.3.rel1.win32_1.0.0.202411081344/tools/bin/../lib/gcc/arm-none-eabi/13.3.1/../../../../arm-none-eabi/lib/thumb/v7e-m+fp/hard\libc_nano.a(libc_a-init.o)
                0x080044c4                __libc_init_array
 .text.__retarget_lock_acquire_recursive
                0x0800450c        0x2 C:/ST/STM32CubeIDE_1.19.0/STM32CubeIDE/plugins/com.st.stm32cube.ide.mcu.externaltools.gnu-tools-for-stm32.13.3.rel1.win32_1.0.0.202411081344/tools/bin/../lib/gcc/arm-none-eabi/13.3.1/../../../../arm-none-eabi/lib/thumb/v7e-m+fp/hard\libc_nano.a(libc_a-lock.o)
                0x0800450c                __retarget_lock_acquire_recursive
 .text.__retarget_lock_release_recursive
                0x0800450e        0x2 C:/ST/STM32CubeIDE_1.19.0/STM32CubeIDE/plugins/com.st.stm32cube.ide.mcu.externaltools.gnu-tools-for-stm32.13.3.rel1.win32_1.0.0.202411081344/tools/bin/../lib/gcc/arm-none-eabi/13.3.1/../../../../arm-none-eabi/lib/thumb/v7e-m+fp/hard\libc_nano.a(libc_a-lock.o)
                0x0800450e                __retarget_lock_release_recursive
 .text._free_r  0x08004510       0x94 C:/ST/STM32CubeIDE_1.19.0/STM32CubeIDE/plugins/com.st.stm32cube.ide.mcu.externaltools.gnu-tools-for-stm32.13.3.rel1.win32_1.0.0.202411081344/tools/bin/../lib/gcc/arm-none-eabi/13.3.1/../../../../arm-none-eabi/lib/thumb/v7e-m+fp/hard\libc_nano.a(libc_a-freer.o)
                0x08004510                _free_r
 *(.glue_7)
 .glue_7        0x080045a4        0x0 linker stubs
 *(.glue_7t)
 .glue_7t       0x080045a4        0x0 linker stubs
 *(.eh_frame)
 .eh_frame      0x080045a4        0x0 C:/ST/STM32CubeIDE_1.19.0/STM32CubeIDE/plugins/com.st.stm32cube.ide.mcu.externaltools.gnu-tools-for-stm32.13.3.rel1.win32_1.0.0.202411081344/tools/bin/../lib/gcc/arm-none-eabi/13.3.1/thumb/v7e-m+fp/hard/crtbegin.o
 *(.init)
 .init          0x080045a4        0x4 C:/ST/STM32CubeIDE_1.19.0/STM32CubeIDE/plugins/com.st.stm32cube.ide.mcu.externaltools.gnu-tools-for-stm32.13.3.rel1.win32_1.0.0.202411081344/tools/bin/../lib/gcc/arm-none-eabi/13.3.1/thumb/v7e-m+fp/hard/crti.o
                0x080045a4                _init
 .init          0x080045a8        0x8 C:/ST/STM32CubeIDE_1.19.0/STM32CubeIDE/plugins/com.st.stm32cube.ide.mcu.externaltools.gnu-tools-for-stm32.13.3.rel1.win32_1.0.0.202411081344/tools/bin/../lib/gcc/arm-none-eabi/13.3.1/thumb/v7e-m+fp/hard/crtn.o
 *(.fini)
 .fini          0x080045b0        0x4 C:/ST/STM32CubeIDE_1.19.0/STM32CubeIDE/plugins/com.st.stm32cube.ide.mcu.externaltools.gnu-tools-for-stm32.13.3.rel1.win32_1.0.0.202411081344/tools/bin/../lib/gcc/arm-none-eabi/13.3.1/thumb/v7e-m+fp/hard/crti.o
                0x080045b0                _fini
 .fini          0x080045b4        0x8 C:/ST/STM32CubeIDE_1.19.0/STM32CubeIDE/plugins/com.st.stm32cube.ide.mcu.externaltools.gnu-tools-for-stm32.13.3.rel1.win32_1.0.0.202411081344/tools/bin/../lib/gcc/arm-none-eabi/13.3.1/thumb/v7e-m+fp/hard/crtn.o
                0x080045bc                        . = ALIGN (0x4)
                0x080045bc                        _etext = .

.vfp11_veneer   0x080045bc        0x0
 .vfp11_veneer  0x080045bc        0x0 linker stubs

.v4_bx          0x080045bc        0x0
 .v4_bx         0x080045bc        0x0 linker stubs

.iplt           0x080045bc        0x0
 .iplt          0x080045bc        0x0 C:/ST/STM32CubeIDE_1.19.0/STM32CubeIDE/plugins/com.st.stm32cube.ide.mcu.externaltools.gnu-tools-for-stm32.13.3.rel1.win32_1.0.0.202411081344/tools/bin/../lib/gcc/arm-none-eabi/13.3.1/thumb/v7e-m+fp/hard/crtbegin.o

.rodata         0x080045bc       0x48
                0x080045bc                        . = ALIGN (0x4)
 *(.rodata)
 *(.rodata*)
 .rodata._ZTV24mcc_poc_torquecontroller
                0x080045bc       0x18 ./Applications/Demos/mcc-poc-torquecontroller/mcc_poc_torquecontroller.o
                0x080045bc                vtable for mcc_poc_torquecontroller
 .rodata._ZTV14IMccAplication
                0x080045d4       0x18 ./Applications/Demos/mcc-poc-torquecontroller/mcc_poc_torquecontroller.o
                0x080045d4                vtable for IMccAplication
 .rodata.AHBPrescTable
                0x080045ec       0x10 ./Core/Src/system_stm32f4xx.o
                0x080045ec                AHBPrescTable
 .rodata.APBPrescTable
                0x080045fc        0x8 ./Core/Src/system_stm32f4xx.o
                0x080045fc                APBPrescTable
                0x08004604                        . = ALIGN (0x4)

.ARM.extab      0x08004604        0x0
                0x08004604                        . = ALIGN (0x4)
 *(.ARM.extab* .gnu.linkonce.armextab.*)
                0x08004604                        . = ALIGN (0x4)

.ARM            0x08004604        0x8
                0x08004604                        . = ALIGN (0x4)
                0x08004604                        __exidx_start = .
 *(.ARM.exidx*)
 .ARM.exidx     0x08004604        0x8 C:/ST/STM32CubeIDE_1.19.0/STM32CubeIDE/plugins/com.st.stm32cube.ide.mcu.externaltools.gnu-tools-for-stm32.13.3.rel1.win32_1.0.0.202411081344/tools/bin/../lib/gcc/arm-none-eabi/13.3.1/thumb/v7e-m+fp/hard\libgcc.a(_udivmoddi4.o)
                0x0800460c                        __exidx_end = .
                0x0800460c                        . = ALIGN (0x4)

.preinit_array  0x0800460c        0x0
                0x0800460c                        . = ALIGN (0x4)
                0x0800460c                        PROVIDE (__preinit_array_start = .)
 *(.preinit_array*)
                0x0800460c                        PROVIDE (__preinit_array_end = .)
                0x0800460c                        . = ALIGN (0x4)

.init_array     0x0800460c        0x4
                0x0800460c                        . = ALIGN (0x4)
                0x0800460c                        PROVIDE (__init_array_start = .)
 *(SORT_BY_NAME(.init_array.*))
 *(.init_array*)
 .init_array    0x0800460c        0x4 C:/ST/STM32CubeIDE_1.19.0/STM32CubeIDE/plugins/com.st.stm32cube.ide.mcu.externaltools.gnu-tools-for-stm32.13.3.rel1.win32_1.0.0.202411081344/tools/bin/../lib/gcc/arm-none-eabi/13.3.1/thumb/v7e-m+fp/hard/crtbegin.o
                0x08004610                        PROVIDE (__init_array_end = .)
                0x08004610                        . = ALIGN (0x4)

.fini_array     0x08004610        0x4
                0x08004610                        . = ALIGN (0x4)
                [!provide]                        PROVIDE (__fini_array_start = .)
 *(SORT_BY_NAME(.fini_array.*))
 *(.fini_array*)
 .fini_array    0x08004610        0x4 C:/ST/STM32CubeIDE_1.19.0/STM32CubeIDE/plugins/com.st.stm32cube.ide.mcu.externaltools.gnu-tools-for-stm32.13.3.rel1.win32_1.0.0.202411081344/tools/bin/../lib/gcc/arm-none-eabi/13.3.1/thumb/v7e-m+fp/hard/crtbegin.o
                [!provide]                        PROVIDE (__fini_array_end = .)
                0x08004614                        . = ALIGN (0x4)
                0x08004614                        _sidata = LOADADDR (.data)

.rel.dyn        0x08004614        0x0
 .rel.iplt      0x08004614        0x0 C:/ST/STM32CubeIDE_1.19.0/STM32CubeIDE/plugins/com.st.stm32cube.ide.mcu.externaltools.gnu-tools-for-stm32.13.3.rel1.win32_1.0.0.202411081344/tools/bin/../lib/gcc/arm-none-eabi/13.3.1/thumb/v7e-m+fp/hard/crtbegin.o

.data           0x20000000       0x5c load address 0x08004614
                0x20000000                        . = ALIGN (0x4)
                0x20000000                        _sdata = .
 *(.data)
 *(.data*)
 .data.SystemCoreClock
                0x20000000        0x4 ./Core/Src/system_stm32f4xx.o
                0x20000000                SystemCoreClock
 .data.uwTickPrio
                0x20000004        0x4 ./Drivers/STM32F4xx_HAL_Driver/Src/stm32f4xx_hal.o
                0x20000004                uwTickPrio
 .data.uwTickFreq
                0x20000008        0x1 ./Drivers/STM32F4xx_HAL_Driver/Src/stm32f4xx_hal.o
                0x20000008                uwTickFreq
 *fill*         0x20000009        0x3 
 .data._impure_ptr
                0x2000000c        0x4 C:/ST/STM32CubeIDE_1.19.0/STM32CubeIDE/plugins/com.st.stm32cube.ide.mcu.externaltools.gnu-tools-for-stm32.13.3.rel1.win32_1.0.0.202411081344/tools/bin/../lib/gcc/arm-none-eabi/13.3.1/../../../../arm-none-eabi/lib/thumb/v7e-m+fp/hard\libc_nano.a(libc_a-impure.o)
                0x2000000c                _impure_ptr
 .data._impure_data
                0x20000010       0x4c C:/ST/STM32CubeIDE_1.19.0/STM32CubeIDE/plugins/com.st.stm32cube.ide.mcu.externaltools.gnu-tools-for-stm32.13.3.rel1.win32_1.0.0.202411081344/tools/bin/../lib/gcc/arm-none-eabi/13.3.1/../../../../arm-none-eabi/lib/thumb/v7e-m+fp/hard\libc_nano.a(libc_a-impure.o)
                0x20000010                _impure_data
 *(.RamFunc)
 *(.RamFunc*)
                0x2000005c                        . = ALIGN (0x4)
                0x2000005c                        _edata = .

.igot.plt       0x2000005c        0x0 load address 0x08004670
 .igot.plt      0x2000005c        0x0 C:/ST/STM32CubeIDE_1.19.0/STM32CubeIDE/plugins/com.st.stm32cube.ide.mcu.externaltools.gnu-tools-for-stm32.13.3.rel1.win32_1.0.0.202411081344/tools/bin/../lib/gcc/arm-none-eabi/13.3.1/thumb/v7e-m+fp/hard/crtbegin.o
                0x2000005c                        . = ALIGN (0x4)

.bss            0x2000005c      0x6f8 load address 0x08004670
                0x2000005c                        _sbss = .
                0x2000005c                        __bss_start__ = _sbss
 *(.bss)
 .bss           0x2000005c       0x1c C:/ST/STM32CubeIDE_1.19.0/STM32CubeIDE/plugins/com.st.stm32cube.ide.mcu.externaltools.gnu-tools-for-stm32.13.3.rel1.win32_1.0.0.202411081344/tools/bin/../lib/gcc/arm-none-eabi/13.3.1/thumb/v7e-m+fp/hard/crtbegin.o
 *(.bss*)
 .bss.htim1     0x20000078       0x48 ./Core/Src/main.o
                0x20000078                htim1
 .bss.huart3    0x200000c0       0x48 ./Core/Src/main.o
                0x200000c0                huart3
 .bss.hpcd_USB_OTG_FS
                0x20000108      0x4e4 ./Core/Src/main.o
                0x20000108                hpcd_USB_OTG_FS
 .bss.ctx.0     0x200005ec       0x14 ./Core/Src/main.o
 .bss.__sbrk_heap_end
                0x20000600        0x4 ./Core/Src/sysmem.o
 .bss.uwTick    0x20000604        0x4 ./Drivers/STM32F4xx_HAL_Driver/Src/stm32f4xx_hal.o
                0x20000604                uwTick
 .bss._ZN12_GLOBAL__N_113__new_handlerE
                0x20000608        0x4 C:/ST/STM32CubeIDE_1.19.0/STM32CubeIDE/plugins/com.st.stm32cube.ide.mcu.externaltools.gnu-tools-for-stm32.13.3.rel1.win32_1.0.0.202411081344/tools/bin/../lib/gcc/arm-none-eabi/13.3.1/../../../../arm-none-eabi/lib/thumb/v7e-m+fp/hard\libstdc++_nano.a(new_handler.o)
 .bss.__malloc_sbrk_start
                0x2000060c        0x4 C:/ST/STM32CubeIDE_1.19.0/STM32CubeIDE/plugins/com.st.stm32cube.ide.mcu.externaltools.gnu-tools-for-stm32.13.3.rel1.win32_1.0.0.202411081344/tools/bin/../lib/gcc/arm-none-eabi/13.3.1/../../../../arm-none-eabi/lib/thumb/v7e-m+fp/hard\libc_nano.a(libc_a-mallocr.o)
                0x2000060c                __malloc_sbrk_start
 .bss.__malloc_free_list
                0x20000610        0x4 C:/ST/STM32CubeIDE_1.19.0/STM32CubeIDE/plugins/com.st.stm32cube.ide.mcu.externaltools.gnu-tools-for-stm32.13.3.rel1.win32_1.0.0.202411081344/tools/bin/../lib/gcc/arm-none-eabi/13.3.1/../../../../arm-none-eabi/lib/thumb/v7e-m+fp/hard\libc_nano.a(libc_a-mallocr.o)
                0x20000610                __malloc_free_list
 .bss.__sf      0x20000614      0x138 C:/ST/STM32CubeIDE_1.19.0/STM32CubeIDE/plugins/com.st.stm32cube.ide.mcu.externaltools.gnu-tools-for-stm32.13.3.rel1.win32_1.0.0.202411081344/tools/bin/../lib/gcc/arm-none-eabi/13.3.1/../../../../arm-none-eabi/lib/thumb/v7e-m+fp/hard\libc_nano.a(libc_a-findfp.o)
                0x20000614                __sf
 .bss.errno     0x2000074c        0x4 C:/ST/STM32CubeIDE_1.19.0/STM32CubeIDE/plugins/com.st.stm32cube.ide.mcu.externaltools.gnu-tools-for-stm32.13.3.rel1.win32_1.0.0.202411081344/tools/bin/../lib/gcc/arm-none-eabi/13.3.1/../../../../arm-none-eabi/lib/thumb/v7e-m+fp/hard\libc_nano.a(libc_a-reent.o)
                0x2000074c                errno
 .bss.__lock___malloc_recursive_mutex
                0x20000750        0x1 C:/ST/STM32CubeIDE_1.19.0/STM32CubeIDE/plugins/com.st.stm32cube.ide.mcu.externaltools.gnu-tools-for-stm32.13.3.rel1.win32_1.0.0.202411081344/tools/bin/../lib/gcc/arm-none-eabi/13.3.1/../../../../arm-none-eabi/lib/thumb/v7e-m+fp/hard\libc_nano.a(libc_a-lock.o)
                0x20000750                __lock___malloc_recursive_mutex
 *(COMMON)
                0x20000754                        . = ALIGN (0x4)
 *fill*         0x20000751        0x3 
                0x20000754                        _ebss = .
                0x20000754                        __bss_end__ = _ebss

._user_heap_stack
                0x20000754      0x604 load address 0x08004670
                0x20000758                        . = ALIGN (0x8)
 *fill*         0x20000754        0x4 
                [!provide]                        PROVIDE (end = .)
                0x20000758                        PROVIDE (_end = .)
                0x20000958                        . = (. + _Min_Heap_Size)
 *fill*         0x20000758      0x200 
                0x20000d58                        . = (. + _Min_Stack_Size)
 *fill*         0x20000958      0x400 
                0x20000d58                        . = ALIGN (0x8)

/DISCARD/
 libc.a(*)
 libm.a(*)
 libgcc.a(*)

.ARM.attributes
                0x00000000       0x30
 *(.ARM.attributes)
 .ARM.attributes
                0x00000000       0x22 C:/ST/STM32CubeIDE_1.19.0/STM32CubeIDE/plugins/com.st.stm32cube.ide.mcu.externaltools.gnu-tools-for-stm32.13.3.rel1.win32_1.0.0.202411081344/tools/bin/../lib/gcc/arm-none-eabi/13.3.1/thumb/v7e-m+fp/hard/crti.o
 .ARM.attributes
                0x00000022       0x34 C:/ST/STM32CubeIDE_1.19.0/STM32CubeIDE/plugins/com.st.stm32cube.ide.mcu.externaltools.gnu-tools-for-stm32.13.3.rel1.win32_1.0.0.202411081344/tools/bin/../lib/gcc/arm-none-eabi/13.3.1/thumb/v7e-m+fp/hard/crtbegin.o
 .ARM.attributes
                0x00000056       0x34 ./Applications/Demos/mcc-poc-torquecontroller/mcc_poc_torquecontroller.o
 .ARM.attributes
                0x0000008a       0x34 ./Applications/mcc_capi.o
 .ARM.attributes
                0x000000be       0x34 ./Core/Src/main.o
 .ARM.attributes
                0x000000f2       0x34 ./Core/Src/stm32f4xx_hal_msp.o
 .ARM.attributes
                0x00000126       0x34 ./Core/Src/stm32f4xx_it.o
 .ARM.attributes
                0x0000015a       0x34 ./Core/Src/syscalls.o
 .ARM.attributes
                0x0000018e       0x34 ./Core/Src/sysmem.o
 .ARM.attributes
                0x000001c2       0x34 ./Core/Src/system_stm32f4xx.o
 .ARM.attributes
                0x000001f6       0x21 ./Core/Startup/startup_stm32f446zetx.o
 .ARM.attributes
                0x00000217       0x34 ./Drivers/STM32F4xx_HAL_Driver/Src/stm32f4xx_hal.o
 .ARM.attributes
                0x0000024b       0x34 ./Drivers/STM32F4xx_HAL_Driver/Src/stm32f4xx_hal_cortex.o
 .ARM.attributes
                0x0000027f       0x34 ./Drivers/STM32F4xx_HAL_Driver/Src/stm32f4xx_hal_gpio.o
 .ARM.attributes
                0x000002b3       0x34 ./Drivers/STM32F4xx_HAL_Driver/Src/stm32f4xx_hal_pcd.o
 .ARM.attributes
                0x000002e7       0x34 ./Drivers/STM32F4xx_HAL_Driver/Src/stm32f4xx_hal_pcd_ex.o
 .ARM.attributes
                0x0000031b       0x34 ./Drivers/STM32F4xx_HAL_Driver/Src/stm32f4xx_hal_rcc.o
 .ARM.attributes
                0x0000034f       0x34 ./Drivers/STM32F4xx_HAL_Driver/Src/stm32f4xx_hal_rcc_ex.o
 .ARM.attributes
                0x00000383       0x34 ./Drivers/STM32F4xx_HAL_Driver/Src/stm32f4xx_hal_tim.o
 .ARM.attributes
                0x000003b7       0x34 ./Drivers/STM32F4xx_HAL_Driver/Src/stm32f4xx_hal_tim_ex.o
 .ARM.attributes
                0x000003eb       0x34 ./Drivers/STM32F4xx_HAL_Driver/Src/stm32f4xx_hal_uart.o
 .ARM.attributes
                0x0000041f       0x34 ./Drivers/STM32F4xx_HAL_Driver/Src/stm32f4xx_ll_usb.o
 .ARM.attributes
                0x00000453       0x34 C:/ST/STM32CubeIDE_1.19.0/STM32CubeIDE/plugins/com.st.stm32cube.ide.mcu.externaltools.gnu-tools-for-stm32.13.3.rel1.win32_1.0.0.202411081344/tools/bin/../lib/gcc/arm-none-eabi/13.3.1/../../../../arm-none-eabi/lib/thumb/v7e-m+fp/hard\libstdc++_nano.a(del_ops.o)
 .ARM.attributes
                0x00000487       0x34 C:/ST/STM32CubeIDE_1.19.0/STM32CubeIDE/plugins/com.st.stm32cube.ide.mcu.externaltools.gnu-tools-for-stm32.13.3.rel1.win32_1.0.0.202411081344/tools/bin/../lib/gcc/arm-none-eabi/13.3.1/../../../../arm-none-eabi/lib/thumb/v7e-m+fp/hard\libstdc++_nano.a(new_op.o)
 .ARM.attributes
                0x000004bb       0x34 C:/ST/STM32CubeIDE_1.19.0/STM32CubeIDE/plugins/com.st.stm32cube.ide.mcu.externaltools.gnu-tools-for-stm32.13.3.rel1.win32_1.0.0.202411081344/tools/bin/../lib/gcc/arm-none-eabi/13.3.1/../../../../arm-none-eabi/lib/thumb/v7e-m+fp/hard\libstdc++_nano.a(del_op.o)
 .ARM.attributes
                0x000004ef       0x34 C:/ST/STM32CubeIDE_1.19.0/STM32CubeIDE/plugins/com.st.stm32cube.ide.mcu.externaltools.gnu-tools-for-stm32.13.3.rel1.win32_1.0.0.202411081344/tools/bin/../lib/gcc/arm-none-eabi/13.3.1/../../../../arm-none-eabi/lib/thumb/v7e-m+fp/hard\libstdc++_nano.a(new_handler.o)
 .ARM.attributes
                0x00000523       0x34 C:/ST/STM32CubeIDE_1.19.0/STM32CubeIDE/plugins/com.st.stm32cube.ide.mcu.externaltools.gnu-tools-for-stm32.13.3.rel1.win32_1.0.0.202411081344/tools/bin/../lib/gcc/arm-none-eabi/13.3.1/../../../../arm-none-eabi/lib/thumb/v7e-m+fp/hard\libc_nano.a(libc_a-abort.o)
 .ARM.attributes
                0x00000557       0x34 C:/ST/STM32CubeIDE_1.19.0/STM32CubeIDE/plugins/com.st.stm32cube.ide.mcu.externaltools.gnu-tools-for-stm32.13.3.rel1.win32_1.0.0.202411081344/tools/bin/../lib/gcc/arm-none-eabi/13.3.1/../../../../arm-none-eabi/lib/thumb/v7e-m+fp/hard\libc_nano.a(libc_a-malloc.o)
 .ARM.attributes
                0x0000058b       0x34 C:/ST/STM32CubeIDE_1.19.0/STM32CubeIDE/plugins/com.st.stm32cube.ide.mcu.externaltools.gnu-tools-for-stm32.13.3.rel1.win32_1.0.0.202411081344/tools/bin/../lib/gcc/arm-none-eabi/13.3.1/../../../../arm-none-eabi/lib/thumb/v7e-m+fp/hard\libc_nano.a(libc_a-mallocr.o)
 .ARM.attributes
                0x000005bf       0x34 C:/ST/STM32CubeIDE_1.19.0/STM32CubeIDE/plugins/com.st.stm32cube.ide.mcu.externaltools.gnu-tools-for-stm32.13.3.rel1.win32_1.0.0.202411081344/tools/bin/../lib/gcc/arm-none-eabi/13.3.1/../../../../arm-none-eabi/lib/thumb/v7e-m+fp/hard\libc_nano.a(libc_a-mlock.o)
 .ARM.attributes
                0x000005f3       0x34 C:/ST/STM32CubeIDE_1.19.0/STM32CubeIDE/plugins/com.st.stm32cube.ide.mcu.externaltools.gnu-tools-for-stm32.13.3.rel1.win32_1.0.0.202411081344/tools/bin/../lib/gcc/arm-none-eabi/13.3.1/../../../../arm-none-eabi/lib/thumb/v7e-m+fp/hard\libc_nano.a(libc_a-findfp.o)
 .ARM.attributes
                0x00000627       0x34 C:/ST/STM32CubeIDE_1.19.0/STM32CubeIDE/plugins/com.st.stm32cube.ide.mcu.externaltools.gnu-tools-for-stm32.13.3.rel1.win32_1.0.0.202411081344/tools/bin/../lib/gcc/arm-none-eabi/13.3.1/../../../../arm-none-eabi/lib/thumb/v7e-m+fp/hard\libc_nano.a(libc_a-memset.o)
 .ARM.attributes
                0x0000065b       0x34 C:/ST/STM32CubeIDE_1.19.0/STM32CubeIDE/plugins/com.st.stm32cube.ide.mcu.externaltools.gnu-tools-for-stm32.13.3.rel1.win32_1.0.0.202411081344/tools/bin/../lib/gcc/arm-none-eabi/13.3.1/../../../../arm-none-eabi/lib/thumb/v7e-m+fp/hard\libc_nano.a(libc_a-signal.o)
 .ARM.attributes
                0x0000068f       0x34 C:/ST/STM32CubeIDE_1.19.0/STM32CubeIDE/plugins/com.st.stm32cube.ide.mcu.externaltools.gnu-tools-for-stm32.13.3.rel1.win32_1.0.0.202411081344/tools/bin/../lib/gcc/arm-none-eabi/13.3.1/../../../../arm-none-eabi/lib/thumb/v7e-m+fp/hard\libc_nano.a(libc_a-reent.o)
 .ARM.attributes
                0x000006c3       0x34 C:/ST/STM32CubeIDE_1.19.0/STM32CubeIDE/plugins/com.st.stm32cube.ide.mcu.externaltools.gnu-tools-for-stm32.13.3.rel1.win32_1.0.0.202411081344/tools/bin/../lib/gcc/arm-none-eabi/13.3.1/../../../../arm-none-eabi/lib/thumb/v7e-m+fp/hard\libc_nano.a(libc_a-impure.o)
 .ARM.attributes
                0x000006f7       0x34 C:/ST/STM32CubeIDE_1.19.0/STM32CubeIDE/plugins/com.st.stm32cube.ide.mcu.externaltools.gnu-tools-for-stm32.13.3.rel1.win32_1.0.0.202411081344/tools/bin/../lib/gcc/arm-none-eabi/13.3.1/../../../../arm-none-eabi/lib/thumb/v7e-m+fp/hard\libc_nano.a(libc_a-signalr.o)
 .ARM.attributes
                0x0000072b       0x34 C:/ST/STM32CubeIDE_1.19.0/STM32CubeIDE/plugins/com.st.stm32cube.ide.mcu.externaltools.gnu-tools-for-stm32.13.3.rel1.win32_1.0.0.202411081344/tools/bin/../lib/gcc/arm-none-eabi/13.3.1/../../../../arm-none-eabi/lib/thumb/v7e-m+fp/hard\libc_nano.a(libc_a-sbrkr.o)
 .ARM.attributes
                0x0000075f       0x34 C:/ST/STM32CubeIDE_1.19.0/STM32CubeIDE/plugins/com.st.stm32cube.ide.mcu.externaltools.gnu-tools-for-stm32.13.3.rel1.win32_1.0.0.202411081344/tools/bin/../lib/gcc/arm-none-eabi/13.3.1/../../../../arm-none-eabi/lib/thumb/v7e-m+fp/hard\libc_nano.a(libc_a-errno.o)
 .ARM.attributes
                0x00000793       0x34 C:/ST/STM32CubeIDE_1.19.0/STM32CubeIDE/plugins/com.st.stm32cube.ide.mcu.externaltools.gnu-tools-for-stm32.13.3.rel1.win32_1.0.0.202411081344/tools/bin/../lib/gcc/arm-none-eabi/13.3.1/../../../../arm-none-eabi/lib/thumb/v7e-m+fp/hard\libc_nano.a(libc_a-init.o)
 .ARM.attributes
                0x000007c7       0x34 C:/ST/STM32CubeIDE_1.19.0/STM32CubeIDE/plugins/com.st.stm32cube.ide.mcu.externaltools.gnu-tools-for-stm32.13.3.rel1.win32_1.0.0.202411081344/tools/bin/../lib/gcc/arm-none-eabi/13.3.1/../../../../arm-none-eabi/lib/thumb/v7e-m+fp/hard\libc_nano.a(libc_a-lock.o)
 .ARM.attributes
                0x000007fb       0x34 C:/ST/STM32CubeIDE_1.19.0/STM32CubeIDE/plugins/com.st.stm32cube.ide.mcu.externaltools.gnu-tools-for-stm32.13.3.rel1.win32_1.0.0.202411081344/tools/bin/../lib/gcc/arm-none-eabi/13.3.1/../../../../arm-none-eabi/lib/thumb/v7e-m+fp/hard\libc_nano.a(libc_a-freer.o)
 .ARM.attributes
                0x0000082f       0x22 C:/ST/STM32CubeIDE_1.19.0/STM32CubeIDE/plugins/com.st.stm32cube.ide.mcu.externaltools.gnu-tools-for-stm32.13.3.rel1.win32_1.0.0.202411081344/tools/bin/../lib/gcc/arm-none-eabi/13.3.1/thumb/v7e-m+fp/hard\libgcc.a(_aeabi_uldivmod.o)
 .ARM.attributes
                0x00000851       0x34 C:/ST/STM32CubeIDE_1.19.0/STM32CubeIDE/plugins/com.st.stm32cube.ide.mcu.externaltools.gnu-tools-for-stm32.13.3.rel1.win32_1.0.0.202411081344/tools/bin/../lib/gcc/arm-none-eabi/13.3.1/thumb/v7e-m+fp/hard\libgcc.a(_udivmoddi4.o)
 .ARM.attributes
                0x00000885       0x22 C:/ST/STM32CubeIDE_1.19.0/STM32CubeIDE/plugins/com.st.stm32cube.ide.mcu.externaltools.gnu-tools-for-stm32.13.3.rel1.win32_1.0.0.202411081344/tools/bin/../lib/gcc/arm-none-eabi/13.3.1/thumb/v7e-m+fp/hard\libgcc.a(_dvmd_tls.o)
 .ARM.attributes
                0x000008a7       0x22 C:/ST/STM32CubeIDE_1.19.0/STM32CubeIDE/plugins/com.st.stm32cube.ide.mcu.externaltools.gnu-tools-for-stm32.13.3.rel1.win32_1.0.0.202411081344/tools/bin/../lib/gcc/arm-none-eabi/13.3.1/thumb/v7e-m+fp/hard/crtn.o
OUTPUT(NUCLEOF446ZE-POC-TORQUECONTROLLER.elf elf32-littlearm)
LOAD linker stubs
LOAD C:/ST/STM32CubeIDE_1.19.0/STM32CubeIDE/plugins/com.st.stm32cube.ide.mcu.externaltools.gnu-tools-for-stm32.13.3.rel1.win32_1.0.0.202411081344/tools/bin/../lib/gcc/arm-none-eabi/13.3.1/../../../../arm-none-eabi/lib/thumb/v7e-m+fp/hard\libc.a
LOAD C:/ST/STM32CubeIDE_1.19.0/STM32CubeIDE/plugins/com.st.stm32cube.ide.mcu.externaltools.gnu-tools-for-stm32.13.3.rel1.win32_1.0.0.202411081344/tools/bin/../lib/gcc/arm-none-eabi/13.3.1/../../../../arm-none-eabi/lib/thumb/v7e-m+fp/hard\libm.a
LOAD C:/ST/STM32CubeIDE_1.19.0/STM32CubeIDE/plugins/com.st.stm32cube.ide.mcu.externaltools.gnu-tools-for-stm32.13.3.rel1.win32_1.0.0.202411081344/tools/bin/../lib/gcc/arm-none-eabi/13.3.1/thumb/v7e-m+fp/hard\libgcc.a

.debug_info     0x00000000    0x13b4e
 .debug_info    0x00000000      0x926 ./Applications/Demos/mcc-poc-torquecontroller/mcc_poc_torquecontroller.o
 .debug_info    0x00000926     0x207d ./Applications/mcc_capi.o
 .debug_info    0x000029a3     0x187b ./Core/Src/main.o
 .debug_info    0x0000421e     0x149c ./Core/Src/stm32f4xx_hal_msp.o
 .debug_info    0x000056ba      0x112 ./Core/Src/stm32f4xx_it.o
 .debug_info    0x000057cc      0x6a3 ./Core/Src/syscalls.o
 .debug_info    0x00005e6f      0x168 ./Core/Src/sysmem.o
 .debug_info    0x00005fd7      0x54a ./Core/Src/system_stm32f4xx.o
 .debug_info    0x00006521       0x30 ./Core/Startup/startup_stm32f446zetx.o
 .debug_info    0x00006551      0x99a ./Drivers/STM32F4xx_HAL_Driver/Src/stm32f4xx_hal.o
 .debug_info    0x00006eeb      0xdaa ./Drivers/STM32F4xx_HAL_Driver/Src/stm32f4xx_hal_cortex.o
 .debug_info    0x00007c95      0x70b ./Drivers/STM32F4xx_HAL_Driver/Src/stm32f4xx_hal_gpio.o
 .debug_info    0x000083a0     0x15e3 ./Drivers/STM32F4xx_HAL_Driver/Src/stm32f4xx_hal_pcd.o
 .debug_info    0x00009983      0x7b4 ./Drivers/STM32F4xx_HAL_Driver/Src/stm32f4xx_hal_pcd_ex.o
 .debug_info    0x0000a137      0x8ff ./Drivers/STM32F4xx_HAL_Driver/Src/stm32f4xx_hal_rcc.o
 .debug_info    0x0000aa36      0x960 ./Drivers/STM32F4xx_HAL_Driver/Src/stm32f4xx_hal_rcc_ex.o
 .debug_info    0x0000b396     0x299d ./Drivers/STM32F4xx_HAL_Driver/Src/stm32f4xx_hal_tim.o
 .debug_info    0x0000dd33     0x14db ./Drivers/STM32F4xx_HAL_Driver/Src/stm32f4xx_hal_tim_ex.o
 .debug_info    0x0000f20e     0x2f4f ./Drivers/STM32F4xx_HAL_Driver/Src/stm32f4xx_hal_uart.o
 .debug_info    0x0001215d     0x19f1 ./Drivers/STM32F4xx_HAL_Driver/Src/stm32f4xx_ll_usb.o

.debug_abbrev   0x00000000     0x2d44
 .debug_abbrev  0x00000000      0x2d5 ./Applications/Demos/mcc-poc-torquecontroller/mcc_poc_torquecontroller.o
 .debug_abbrev  0x000002d5      0x59d ./Applications/mcc_capi.o
 .debug_abbrev  0x00000872      0x2f2 ./Core/Src/main.o
 .debug_abbrev  0x00000b64      0x287 ./Core/Src/stm32f4xx_hal_msp.o
 .debug_abbrev  0x00000deb       0x73 ./Core/Src/stm32f4xx_it.o
 .debug_abbrev  0x00000e5e      0x1b6 ./Core/Src/syscalls.o
 .debug_abbrev  0x00001014       0xbc ./Core/Src/sysmem.o
 .debug_abbrev  0x000010d0      0x11a ./Core/Src/system_stm32f4xx.o
 .debug_abbrev  0x000011ea       0x24 ./Core/Startup/startup_stm32f446zetx.o
 .debug_abbrev  0x0000120e      0x214 ./Drivers/STM32F4xx_HAL_Driver/Src/stm32f4xx_hal.o
 .debug_abbrev  0x00001422      0x31d ./Drivers/STM32F4xx_HAL_Driver/Src/stm32f4xx_hal_cortex.o
 .debug_abbrev  0x0000173f      0x1d4 ./Drivers/STM32F4xx_HAL_Driver/Src/stm32f4xx_hal_gpio.o
 .debug_abbrev  0x00001913      0x2d0 ./Drivers/STM32F4xx_HAL_Driver/Src/stm32f4xx_hal_pcd.o
 .debug_abbrev  0x00001be3      0x1dd ./Drivers/STM32F4xx_HAL_Driver/Src/stm32f4xx_hal_pcd_ex.o
 .debug_abbrev  0x00001dc0      0x2b7 ./Drivers/STM32F4xx_HAL_Driver/Src/stm32f4xx_hal_rcc.o
 .debug_abbrev  0x00002077      0x211 ./Drivers/STM32F4xx_HAL_Driver/Src/stm32f4xx_hal_rcc_ex.o
 .debug_abbrev  0x00002288      0x278 ./Drivers/STM32F4xx_HAL_Driver/Src/stm32f4xx_hal_tim.o
 .debug_abbrev  0x00002500      0x283 ./Drivers/STM32F4xx_HAL_Driver/Src/stm32f4xx_hal_tim_ex.o
 .debug_abbrev  0x00002783      0x30e ./Drivers/STM32F4xx_HAL_Driver/Src/stm32f4xx_hal_uart.o
 .debug_abbrev  0x00002a91      0x2b3 ./Drivers/STM32F4xx_HAL_Driver/Src/stm32f4xx_ll_usb.o

.debug_aranges  0x00000000     0x1098
 .debug_aranges
                0x00000000       0x48 ./Applications/Demos/mcc-poc-torquecontroller/mcc_poc_torquecontroller.o
 .debug_aranges
                0x00000048       0x48 ./Applications/mcc_capi.o
 .debug_aranges
                0x00000090       0x50 ./Core/Src/main.o
 .debug_aranges
                0x000000e0       0x58 ./Core/Src/stm32f4xx_hal_msp.o
 .debug_aranges
                0x00000138       0x60 ./Core/Src/stm32f4xx_it.o
 .debug_aranges
                0x00000198       0xa8 ./Core/Src/syscalls.o
 .debug_aranges
                0x00000240       0x20 ./Core/Src/sysmem.o
 .debug_aranges
                0x00000260       0x28 ./Core/Src/system_stm32f4xx.o
 .debug_aranges
                0x00000288       0x28 ./Core/Startup/startup_stm32f446zetx.o
 .debug_aranges
                0x000002b0       0xf0 ./Drivers/STM32F4xx_HAL_Driver/Src/stm32f4xx_hal.o
 .debug_aranges
                0x000003a0      0x130 ./Drivers/STM32F4xx_HAL_Driver/Src/stm32f4xx_hal_cortex.o
 .debug_aranges
                0x000004d0       0x58 ./Drivers/STM32F4xx_HAL_Driver/Src/stm32f4xx_hal_gpio.o
 .debug_aranges
                0x00000528      0x148 ./Drivers/STM32F4xx_HAL_Driver/Src/stm32f4xx_hal_pcd.o
 .debug_aranges
                0x00000670       0x48 ./Drivers/STM32F4xx_HAL_Driver/Src/stm32f4xx_hal_pcd_ex.o
 .debug_aranges
                0x000006b8       0x88 ./Drivers/STM32F4xx_HAL_Driver/Src/stm32f4xx_hal_rcc.o
 .debug_aranges
                0x00000740       0x78 ./Drivers/STM32F4xx_HAL_Driver/Src/stm32f4xx_hal_rcc_ex.o
 .debug_aranges
                0x000007b8      0x3d0 ./Drivers/STM32F4xx_HAL_Driver/Src/stm32f4xx_hal_tim.o
 .debug_aranges
                0x00000b88      0x168 ./Drivers/STM32F4xx_HAL_Driver/Src/stm32f4xx_hal_tim_ex.o
 .debug_aranges
                0x00000cf0      0x208 ./Drivers/STM32F4xx_HAL_Driver/Src/stm32f4xx_hal_uart.o
 .debug_aranges
                0x00000ef8      0x1a0 ./Drivers/STM32F4xx_HAL_Driver/Src/stm32f4xx_ll_usb.o

.debug_rnglists
                0x00000000      0xcde
 .debug_rnglists
                0x00000000       0x31 ./Applications/Demos/mcc-poc-torquecontroller/mcc_poc_torquecontroller.o
 .debug_rnglists
                0x00000031       0x31 ./Applications/mcc_capi.o
 .debug_rnglists
                0x00000062       0x3a ./Core/Src/main.o
 .debug_rnglists
                0x0000009c       0x40 ./Core/Src/stm32f4xx_hal_msp.o
 .debug_rnglists
                0x000000dc       0x43 ./Core/Src/stm32f4xx_it.o
 .debug_rnglists
                0x0000011f       0x79 ./Core/Src/syscalls.o
 .debug_rnglists
                0x00000198       0x13 ./Core/Src/sysmem.o
 .debug_rnglists
                0x000001ab       0x1a ./Core/Src/system_stm32f4xx.o
 .debug_rnglists
                0x000001c5       0x19 ./Core/Startup/startup_stm32f446zetx.o
 .debug_rnglists
                0x000001de       0xaf ./Drivers/STM32F4xx_HAL_Driver/Src/stm32f4xx_hal.o
 .debug_rnglists
                0x0000028d       0xe0 ./Drivers/STM32F4xx_HAL_Driver/Src/stm32f4xx_hal_cortex.o
 .debug_rnglists
                0x0000036d       0x3f ./Drivers/STM32F4xx_HAL_Driver/Src/stm32f4xx_hal_gpio.o
 .debug_rnglists
                0x000003ac       0xfa ./Drivers/STM32F4xx_HAL_Driver/Src/stm32f4xx_hal_pcd.o
 .debug_rnglists
                0x000004a6       0x32 ./Drivers/STM32F4xx_HAL_Driver/Src/stm32f4xx_hal_pcd_ex.o
 .debug_rnglists
                0x000004d8       0x66 ./Drivers/STM32F4xx_HAL_Driver/Src/stm32f4xx_hal_rcc.o
 .debug_rnglists
                0x0000053e       0x5e ./Drivers/STM32F4xx_HAL_Driver/Src/stm32f4xx_hal_rcc_ex.o
 .debug_rnglists
                0x0000059c      0x31a ./Drivers/STM32F4xx_HAL_Driver/Src/stm32f4xx_hal_tim.o
 .debug_rnglists
                0x000008b6      0x125 ./Drivers/STM32F4xx_HAL_Driver/Src/stm32f4xx_hal_tim_ex.o
 .debug_rnglists
                0x000009db      0x1bc ./Drivers/STM32F4xx_HAL_Driver/Src/stm32f4xx_hal_uart.o
 .debug_rnglists
                0x00000b97      0x147 ./Drivers/STM32F4xx_HAL_Driver/Src/stm32f4xx_ll_usb.o

.debug_macro    0x00000000    0x26e93
 .debug_macro   0x00000000      0x21f ./Applications/Demos/mcc-poc-torquecontroller/mcc_poc_torquecontroller.o
 .debug_macro   0x0000021f      0xbb0 ./Applications/Demos/mcc-poc-torquecontroller/mcc_poc_torquecontroller.o
 .debug_macro   0x00000dcf      0x2a1 ./Applications/Demos/mcc-poc-torquecontroller/mcc_poc_torquecontroller.o
 .debug_macro   0x00001070       0x2e ./Applications/Demos/mcc-poc-torquecontroller/mcc_poc_torquecontroller.o
 .debug_macro   0x0000109e       0x28 ./Applications/Demos/mcc-poc-torquecontroller/mcc_poc_torquecontroller.o
 .debug_macro   0x000010c6       0x1c ./Applications/Demos/mcc-poc-torquecontroller/mcc_poc_torquecontroller.o
 .debug_macro   0x000010e2       0x22 ./Applications/Demos/mcc-poc-torquecontroller/mcc_poc_torquecontroller.o
 .debug_macro   0x00001104       0x8e ./Applications/Demos/mcc-poc-torquecontroller/mcc_poc_torquecontroller.o
 .debug_macro   0x00001192       0x51 ./Applications/Demos/mcc-poc-torquecontroller/mcc_poc_torquecontroller.o
 .debug_macro   0x000011e3      0x103 ./Applications/Demos/mcc-poc-torquecontroller/mcc_poc_torquecontroller.o
 .debug_macro   0x000012e6       0x6a ./Applications/Demos/mcc-poc-torquecontroller/mcc_poc_torquecontroller.o
 .debug_macro   0x00001350      0x1df ./Applications/Demos/mcc-poc-torquecontroller/mcc_poc_torquecontroller.o
 .debug_macro   0x0000152f       0x1c ./Applications/Demos/mcc-poc-torquecontroller/mcc_poc_torquecontroller.o
 .debug_macro   0x0000154b       0x22 ./Applications/Demos/mcc-poc-torquecontroller/mcc_poc_torquecontroller.o
 .debug_macro   0x0000156d       0xfb ./Applications/Demos/mcc-poc-torquecontroller/mcc_poc_torquecontroller.o
 .debug_macro   0x00001668     0x1011 ./Applications/Demos/mcc-poc-torquecontroller/mcc_poc_torquecontroller.o
 .debug_macro   0x00002679      0x11f ./Applications/Demos/mcc-poc-torquecontroller/mcc_poc_torquecontroller.o
 .debug_macro   0x00002798    0x1675e ./Applications/Demos/mcc-poc-torquecontroller/mcc_poc_torquecontroller.o
 .debug_macro   0x00018ef6       0x6d ./Applications/Demos/mcc-poc-torquecontroller/mcc_poc_torquecontroller.o
 .debug_macro   0x00018f63     0x3693 ./Applications/Demos/mcc-poc-torquecontroller/mcc_poc_torquecontroller.o
 .debug_macro   0x0001c5f6      0x197 ./Applications/Demos/mcc-poc-torquecontroller/mcc_poc_torquecontroller.o
 .debug_macro   0x0001c78d       0x5c ./Applications/Demos/mcc-poc-torquecontroller/mcc_poc_torquecontroller.o
 .debug_macro   0x0001c7e9      0xca5 ./Applications/Demos/mcc-poc-torquecontroller/mcc_poc_torquecontroller.o
 .debug_macro   0x0001d48e      0x9e9 ./Applications/Demos/mcc-poc-torquecontroller/mcc_poc_torquecontroller.o
 .debug_macro   0x0001de77      0x115 ./Applications/Demos/mcc-poc-torquecontroller/mcc_poc_torquecontroller.o
 .debug_macro   0x0001df8c      0x1a0 ./Applications/Demos/mcc-poc-torquecontroller/mcc_poc_torquecontroller.o
 .debug_macro   0x0001e12c       0xa5 ./Applications/Demos/mcc-poc-torquecontroller/mcc_poc_torquecontroller.o
 .debug_macro   0x0001e1d1      0x16d ./Applications/Demos/mcc-poc-torquecontroller/mcc_poc_torquecontroller.o
 .debug_macro   0x0001e33e      0x287 ./Applications/Demos/mcc-poc-torquecontroller/mcc_poc_torquecontroller.o
 .debug_macro   0x0001e5c5       0x5f ./Applications/Demos/mcc-poc-torquecontroller/mcc_poc_torquecontroller.o
 .debug_macro   0x0001e624      0x236 ./Applications/Demos/mcc-poc-torquecontroller/mcc_poc_torquecontroller.o
 .debug_macro   0x0001e85a      0x132 ./Applications/Demos/mcc-poc-torquecontroller/mcc_poc_torquecontroller.o
 .debug_macro   0x0001e98c      0x29c ./Applications/Demos/mcc-poc-torquecontroller/mcc_poc_torquecontroller.o
 .debug_macro   0x0001ec28       0x2e ./Applications/Demos/mcc-poc-torquecontroller/mcc_poc_torquecontroller.o
 .debug_macro   0x0001ec56      0x127 ./Applications/Demos/mcc-poc-torquecontroller/mcc_poc_torquecontroller.o
 .debug_macro   0x0001ed7d       0xe8 ./Applications/Demos/mcc-poc-torquecontroller/mcc_poc_torquecontroller.o
 .debug_macro   0x0001ee65       0x89 ./Applications/Demos/mcc-poc-torquecontroller/mcc_poc_torquecontroller.o
 .debug_macro   0x0001eeee      0x8ed ./Applications/Demos/mcc-poc-torquecontroller/mcc_poc_torquecontroller.o
 .debug_macro   0x0001f7db       0x53 ./Applications/Demos/mcc-poc-torquecontroller/mcc_poc_torquecontroller.o
 .debug_macro   0x0001f82e      0x2aa ./Applications/Demos/mcc-poc-torquecontroller/mcc_poc_torquecontroller.o
 .debug_macro   0x0001fad8      0x293 ./Applications/Demos/mcc-poc-torquecontroller/mcc_poc_torquecontroller.o
 .debug_macro   0x0001fd6b       0xba ./Applications/Demos/mcc-poc-torquecontroller/mcc_poc_torquecontroller.o
 .debug_macro   0x0001fe25      0x126 ./Applications/Demos/mcc-poc-torquecontroller/mcc_poc_torquecontroller.o
 .debug_macro   0x0001ff4b      0x690 ./Applications/mcc_capi.o
 .debug_macro   0x000205db      0x1f2 ./Applications/mcc_capi.o
 .debug_macro   0x000207cd       0x10 ./Applications/mcc_capi.o
 .debug_macro   0x000207dd      0x409 ./Applications/mcc_capi.o
 .debug_macro   0x00020be6       0x1c ./Applications/mcc_capi.o
 .debug_macro   0x00020c02       0x10 ./Applications/mcc_capi.o
 .debug_macro   0x00020c12       0x41 ./Applications/mcc_capi.o
 .debug_macro   0x00020c53       0x19 ./Applications/mcc_capi.o
 .debug_macro   0x00020c6c       0x11 ./Applications/mcc_capi.o
 .debug_macro   0x00020c7d       0x61 ./Applications/mcc_capi.o
 .debug_macro   0x00020cde       0x2a ./Applications/mcc_capi.o
 .debug_macro   0x00020d08       0x43 ./Applications/mcc_capi.o
 .debug_macro   0x00020d4b       0x34 ./Applications/mcc_capi.o
 .debug_macro   0x00020d7f      0x38c ./Applications/mcc_capi.o
 .debug_macro   0x0002110b       0x16 ./Applications/mcc_capi.o
 .debug_macro   0x00021121       0x4a ./Applications/mcc_capi.o
 .debug_macro   0x0002116b       0x34 ./Applications/mcc_capi.o
 .debug_macro   0x0002119f       0x10 ./Applications/mcc_capi.o
 .debug_macro   0x000211af       0x58 ./Applications/mcc_capi.o
 .debug_macro   0x00021207       0x8e ./Applications/mcc_capi.o
 .debug_macro   0x00021295       0x16 ./Applications/mcc_capi.o
 .debug_macro   0x000212ab      0x185 ./Applications/mcc_capi.o
 .debug_macro   0x00021430       0x1c ./Applications/mcc_capi.o
 .debug_macro   0x0002144c       0x43 ./Applications/mcc_capi.o
 .debug_macro   0x0002148f       0x10 ./Applications/mcc_capi.o
 .debug_macro   0x0002149f       0x10 ./Applications/mcc_capi.o
 .debug_macro   0x000214af       0x33 ./Applications/mcc_capi.o
 .debug_macro   0x000214e2      0x173 ./Applications/mcc_capi.o
 .debug_macro   0x00021655       0x2c ./Applications/mcc_capi.o
 .debug_macro   0x00021681       0x11 ./Applications/mcc_capi.o
 .debug_macro   0x00021692       0x18 ./Applications/mcc_capi.o
 .debug_macro   0x000216aa       0x10 ./Applications/mcc_capi.o
 .debug_macro   0x000216ba       0x3c ./Applications/mcc_capi.o
 .debug_macro   0x000216f6       0x5e ./Applications/mcc_capi.o
 .debug_macro   0x00021754       0x16 ./Applications/mcc_capi.o
 .debug_macro   0x0002176a       0x52 ./Applications/mcc_capi.o
 .debug_macro   0x000217bc       0x5e ./Applications/mcc_capi.o
 .debug_macro   0x0002181a       0x28 ./Applications/mcc_capi.o
 .debug_macro   0x00021842       0x2e ./Applications/mcc_capi.o
 .debug_macro   0x00021870       0x19 ./Applications/mcc_capi.o
 .debug_macro   0x00021889       0x11 ./Applications/mcc_capi.o
 .debug_macro   0x0002189a       0x4f ./Applications/mcc_capi.o
 .debug_macro   0x000218e9       0x18 ./Applications/mcc_capi.o
 .debug_macro   0x00021901       0x27 ./Applications/mcc_capi.o
 .debug_macro   0x00021928       0x88 ./Applications/mcc_capi.o
 .debug_macro   0x000219b0       0x19 ./Applications/mcc_capi.o
 .debug_macro   0x000219c9       0x1c ./Applications/mcc_capi.o
 .debug_macro   0x000219e5       0x10 ./Applications/mcc_capi.o
 .debug_macro   0x000219f5       0x16 ./Applications/mcc_capi.o
 .debug_macro   0x00021a0b       0x16 ./Applications/mcc_capi.o
 .debug_macro   0x00021a21       0x29 ./Applications/mcc_capi.o
 .debug_macro   0x00021a4a       0x1c ./Applications/mcc_capi.o
 .debug_macro   0x00021a66       0xde ./Applications/mcc_capi.o
 .debug_macro   0x00021b44       0x1c ./Applications/mcc_capi.o
 .debug_macro   0x00021b60       0x10 ./Applications/mcc_capi.o
 .debug_macro   0x00021b70       0x16 ./Applications/mcc_capi.o
 .debug_macro   0x00021b86      0x131 ./Applications/mcc_capi.o
 .debug_macro   0x00021cb7      0x11d ./Applications/mcc_capi.o
 .debug_macro   0x00021dd4       0x10 ./Applications/mcc_capi.o
 .debug_macro   0x00021de4      0x242 ./Applications/mcc_capi.o
 .debug_macro   0x00022026       0x17 ./Applications/mcc_capi.o
 .debug_macro   0x0002203d       0x19 ./Applications/mcc_capi.o
 .debug_macro   0x00022056       0x18 ./Applications/mcc_capi.o
 .debug_macro   0x0002206e      0x20b ./Core/Src/main.o
 .debug_macro   0x00022279      0xad8 ./Core/Src/main.o
 .debug_macro   0x00022d51     0x1011 ./Core/Src/main.o
 .debug_macro   0x00023d62      0x190 ./Core/Src/main.o
 .debug_macro   0x00023ef2       0xc4 ./Core/Src/main.o
 .debug_macro   0x00023fb6      0x20b ./Core/Src/stm32f4xx_hal_msp.o
 .debug_macro   0x000241c1      0x215 ./Core/Src/stm32f4xx_it.o
 .debug_macro   0x000243d6      0x274 ./Core/Src/syscalls.o
 .debug_macro   0x0002464a       0x5b ./Core/Src/syscalls.o
 .debug_macro   0x000246a5       0x94 ./Core/Src/syscalls.o
 .debug_macro   0x00024739       0x34 ./Core/Src/syscalls.o
 .debug_macro   0x0002476d       0x57 ./Core/Src/syscalls.o
 .debug_macro   0x000247c4      0x370 ./Core/Src/syscalls.o
 .debug_macro   0x00024b34       0x4a ./Core/Src/syscalls.o
 .debug_macro   0x00024b7e       0x1c ./Core/Src/syscalls.o
 .debug_macro   0x00024b9a       0x10 ./Core/Src/syscalls.o
 .debug_macro   0x00024baa       0x3c ./Core/Src/syscalls.o
 .debug_macro   0x00024be6       0x10 ./Core/Src/syscalls.o
 .debug_macro   0x00024bf6       0x10 ./Core/Src/syscalls.o
 .debug_macro   0x00024c06       0x10 ./Core/Src/syscalls.o
 .debug_macro   0x00024c16       0x1c ./Core/Src/syscalls.o
 .debug_macro   0x00024c32       0x52 ./Core/Src/syscalls.o
 .debug_macro   0x00024c84       0x22 ./Core/Src/syscalls.o
 .debug_macro   0x00024ca6       0x10 ./Core/Src/syscalls.o
 .debug_macro   0x00024cb6       0x52 ./Core/Src/syscalls.o
 .debug_macro   0x00024d08       0xcf ./Core/Src/syscalls.o
 .debug_macro   0x00024dd7       0x1c ./Core/Src/syscalls.o
 .debug_macro   0x00024df3       0x3d ./Core/Src/syscalls.o
 .debug_macro   0x00024e30       0x35 ./Core/Src/syscalls.o
 .debug_macro   0x00024e65      0x12c ./Core/Src/syscalls.o
 .debug_macro   0x00024f91       0x10 ./Core/Src/syscalls.o
 .debug_macro   0x00024fa1      0x146 ./Core/Src/syscalls.o
 .debug_macro   0x000250e7      0x18a ./Core/Src/syscalls.o
 .debug_macro   0x00025271       0x16 ./Core/Src/syscalls.o
 .debug_macro   0x00025287       0xce ./Core/Src/syscalls.o
 .debug_macro   0x00025355      0x112 ./Core/Src/sysmem.o
 .debug_macro   0x00025467      0x23c ./Core/Src/sysmem.o
 .debug_macro   0x000256a3      0x1f2 ./Core/Src/system_stm32f4xx.o
 .debug_macro   0x00025895      0x252 ./Drivers/STM32F4xx_HAL_Driver/Src/stm32f4xx_hal.o
 .debug_macro   0x00025ae7      0x1f2 ./Drivers/STM32F4xx_HAL_Driver/Src/stm32f4xx_hal_cortex.o
 .debug_macro   0x00025cd9      0x1f8 ./Drivers/STM32F4xx_HAL_Driver/Src/stm32f4xx_hal_gpio.o
 .debug_macro   0x00025ed1      0x1fe ./Drivers/STM32F4xx_HAL_Driver/Src/stm32f4xx_hal_pcd.o
 .debug_macro   0x000260cf      0x1f2 ./Drivers/STM32F4xx_HAL_Driver/Src/stm32f4xx_hal_pcd_ex.o
 .debug_macro   0x000262c1      0x216 ./Drivers/STM32F4xx_HAL_Driver/Src/stm32f4xx_hal_rcc.o
 .debug_macro   0x000264d7      0x1f2 ./Drivers/STM32F4xx_HAL_Driver/Src/stm32f4xx_hal_rcc_ex.o
 .debug_macro   0x000266c9      0x1f3 ./Drivers/STM32F4xx_HAL_Driver/Src/stm32f4xx_hal_tim.o
 .debug_macro   0x000268bc      0x1f2 ./Drivers/STM32F4xx_HAL_Driver/Src/stm32f4xx_hal_tim_ex.o
 .debug_macro   0x00026aae      0x1f3 ./Drivers/STM32F4xx_HAL_Driver/Src/stm32f4xx_hal_uart.o
 .debug_macro   0x00026ca1      0x1f2 ./Drivers/STM32F4xx_HAL_Driver/Src/stm32f4xx_ll_usb.o

.debug_line     0x00000000    0x14c3e
 .debug_line    0x00000000      0x907 ./Applications/Demos/mcc-poc-torquecontroller/mcc_poc_torquecontroller.o
 .debug_line    0x00000907     0x161b ./Applications/mcc_capi.o
 .debug_line    0x00001f22      0xa22 ./Core/Src/main.o
 .debug_line    0x00002944      0x944 ./Core/Src/stm32f4xx_hal_msp.o
 .debug_line    0x00003288      0x8bb ./Core/Src/stm32f4xx_it.o
 .debug_line    0x00003b43      0x8ac ./Core/Src/syscalls.o
 .debug_line    0x000043ef      0x588 ./Core/Src/sysmem.o
 .debug_line    0x00004977      0x803 ./Core/Src/system_stm32f4xx.o
 .debug_line    0x0000517a       0x7a ./Core/Startup/startup_stm32f446zetx.o
 .debug_line    0x000051f4      0xa7f ./Drivers/STM32F4xx_HAL_Driver/Src/stm32f4xx_hal.o
 .debug_line    0x00005c73      0xd4f ./Drivers/STM32F4xx_HAL_Driver/Src/stm32f4xx_hal_cortex.o
 .debug_line    0x000069c2      0xbc3 ./Drivers/STM32F4xx_HAL_Driver/Src/stm32f4xx_hal_gpio.o
 .debug_line    0x00007585     0x14fa ./Drivers/STM32F4xx_HAL_Driver/Src/stm32f4xx_hal_pcd.o
 .debug_line    0x00008a7f      0x89f ./Drivers/STM32F4xx_HAL_Driver/Src/stm32f4xx_hal_pcd_ex.o
 .debug_line    0x0000931e      0xe9a ./Drivers/STM32F4xx_HAL_Driver/Src/stm32f4xx_hal_rcc.o
 .debug_line    0x0000a1b8     0x154b ./Drivers/STM32F4xx_HAL_Driver/Src/stm32f4xx_hal_rcc_ex.o
 .debug_line    0x0000b703     0x37f4 ./Drivers/STM32F4xx_HAL_Driver/Src/stm32f4xx_hal_tim.o
 .debug_line    0x0000eef7     0x19df ./Drivers/STM32F4xx_HAL_Driver/Src/stm32f4xx_hal_tim_ex.o
 .debug_line    0x000108d6     0x25c7 ./Drivers/STM32F4xx_HAL_Driver/Src/stm32f4xx_hal_uart.o
 .debug_line    0x00012e9d     0x1da1 ./Drivers/STM32F4xx_HAL_Driver/Src/stm32f4xx_ll_usb.o

.debug_str      0x00000000    0xda325
 .debug_str     0x00000000    0xda325 ./Applications/Demos/mcc-poc-torquecontroller/mcc_poc_torquecontroller.o
                              0xcb808 (size before relaxing)
 .debug_str     0x000da325    0xd3647 ./Applications/mcc_capi.o
 .debug_str     0x000da325    0xcbf5c ./Core/Src/main.o
 .debug_str     0x000da325    0xcbcc1 ./Core/Src/stm32f4xx_hal_msp.o
 .debug_str     0x000da325    0xcadf6 ./Core/Src/stm32f4xx_it.o
 .debug_str     0x000da325     0x99ff ./Core/Src/syscalls.o
 .debug_str     0x000da325     0x779d ./Core/Src/sysmem.o
 .debug_str     0x000da325    0xcac46 ./Core/Src/system_stm32f4xx.o
 .debug_str     0x000da325       0x9f ./Core/Startup/startup_stm32f446zetx.o
 .debug_str     0x000da325    0xcb80b ./Drivers/STM32F4xx_HAL_Driver/Src/stm32f4xx_hal.o
 .debug_str     0x000da325    0xcb562 ./Drivers/STM32F4xx_HAL_Driver/Src/stm32f4xx_hal_cortex.o
 .debug_str     0x000da325    0xcadc1 ./Drivers/STM32F4xx_HAL_Driver/Src/stm32f4xx_hal_gpio.o
 .debug_str     0x000da325    0xcb757 ./Drivers/STM32F4xx_HAL_Driver/Src/stm32f4xx_hal_pcd.o
 .debug_str     0x000da325    0xcb059 ./Drivers/STM32F4xx_HAL_Driver/Src/stm32f4xx_hal_pcd_ex.o
 .debug_str     0x000da325    0xcb07f ./Drivers/STM32F4xx_HAL_Driver/Src/stm32f4xx_hal_rcc.o
 .debug_str     0x000da325    0xcb0b2 ./Drivers/STM32F4xx_HAL_Driver/Src/stm32f4xx_hal_rcc_ex.o
 .debug_str     0x000da325    0xcbfab ./Drivers/STM32F4xx_HAL_Driver/Src/stm32f4xx_hal_tim.o
 .debug_str     0x000da325    0xcb7b7 ./Drivers/STM32F4xx_HAL_Driver/Src/stm32f4xx_hal_tim_ex.o
 .debug_str     0x000da325    0xcb636 ./Drivers/STM32F4xx_HAL_Driver/Src/stm32f4xx_hal_uart.o
 .debug_str     0x000da325    0xcb613 ./Drivers/STM32F4xx_HAL_Driver/Src/stm32f4xx_ll_usb.o

.comment        0x00000000       0x43
 .comment       0x00000000       0x43 ./Applications/Demos/mcc-poc-torquecontroller/mcc_poc_torquecontroller.o
                                 0x44 (size before relaxing)
 .comment       0x00000043       0x44 ./Applications/mcc_capi.o
 .comment       0x00000043       0x44 ./Core/Src/main.o
 .comment       0x00000043       0x44 ./Core/Src/stm32f4xx_hal_msp.o
 .comment       0x00000043       0x44 ./Core/Src/stm32f4xx_it.o
 .comment       0x00000043       0x44 ./Core/Src/syscalls.o
 .comment       0x00000043       0x44 ./Core/Src/sysmem.o
 .comment       0x00000043       0x44 ./Core/Src/system_stm32f4xx.o
 .comment       0x00000043       0x44 ./Drivers/STM32F4xx_HAL_Driver/Src/stm32f4xx_hal.o
 .comment       0x00000043       0x44 ./Drivers/STM32F4xx_HAL_Driver/Src/stm32f4xx_hal_cortex.o
 .comment       0x00000043       0x44 ./Drivers/STM32F4xx_HAL_Driver/Src/stm32f4xx_hal_gpio.o
 .comment       0x00000043       0x44 ./Drivers/STM32F4xx_HAL_Driver/Src/stm32f4xx_hal_pcd.o
 .comment       0x00000043       0x44 ./Drivers/STM32F4xx_HAL_Driver/Src/stm32f4xx_hal_pcd_ex.o
 .comment       0x00000043       0x44 ./Drivers/STM32F4xx_HAL_Driver/Src/stm32f4xx_hal_rcc.o
 .comment       0x00000043       0x44 ./Drivers/STM32F4xx_HAL_Driver/Src/stm32f4xx_hal_rcc_ex.o
 .comment       0x00000043       0x44 ./Drivers/STM32F4xx_HAL_Driver/Src/stm32f4xx_hal_tim.o
 .comment       0x00000043       0x44 ./Drivers/STM32F4xx_HAL_Driver/Src/stm32f4xx_hal_tim_ex.o
 .comment       0x00000043       0x44 ./Drivers/STM32F4xx_HAL_Driver/Src/stm32f4xx_hal_uart.o
 .comment       0x00000043       0x44 ./Drivers/STM32F4xx_HAL_Driver/Src/stm32f4xx_ll_usb.o

.debug_frame    0x00000000     0x4b88
 .debug_frame   0x00000000       0xf4 ./Applications/Demos/mcc-poc-torquecontroller/mcc_poc_torquecontroller.o
 .debug_frame   0x000000f4       0xf0 ./Applications/mcc_capi.o
 .debug_frame   0x000001e4       0xec ./Core/Src/main.o
 .debug_frame   0x000002d0      0x140 ./Core/Src/stm32f4xx_hal_msp.o
 .debug_frame   0x00000410      0x104 ./Core/Src/stm32f4xx_it.o
 .debug_frame   0x00000514      0x2ac ./Core/Src/syscalls.o
 .debug_frame   0x000007c0       0x34 ./Core/Src/sysmem.o
 .debug_frame   0x000007f4       0x58 ./Core/Src/system_stm32f4xx.o
 .debug_frame   0x0000084c      0x374 ./Drivers/STM32F4xx_HAL_Driver/Src/stm32f4xx_hal.o
 .debug_frame   0x00000bc0      0x508 ./Drivers/STM32F4xx_HAL_Driver/Src/stm32f4xx_hal_cortex.o
 .debug_frame   0x000010c8      0x14c ./Drivers/STM32F4xx_HAL_Driver/Src/stm32f4xx_hal_gpio.o
 .debug_frame   0x00001214      0x5b8 ./Drivers/STM32F4xx_HAL_Driver/Src/stm32f4xx_hal_pcd.o
 .debug_frame   0x000017cc      0x100 ./Drivers/STM32F4xx_HAL_Driver/Src/stm32f4xx_hal_pcd_ex.o
 .debug_frame   0x000018cc      0x1f4 ./Drivers/STM32F4xx_HAL_Driver/Src/stm32f4xx_hal_rcc.o
 .debug_frame   0x00001ac0      0x1e8 ./Drivers/STM32F4xx_HAL_Driver/Src/stm32f4xx_hal_rcc_ex.o
 .debug_frame   0x00001ca8     0x11c0 ./Drivers/STM32F4xx_HAL_Driver/Src/stm32f4xx_hal_tim.o
 .debug_frame   0x00002e68      0x638 ./Drivers/STM32F4xx_HAL_Driver/Src/stm32f4xx_hal_tim_ex.o
 .debug_frame   0x000034a0      0x954 ./Drivers/STM32F4xx_HAL_Driver/Src/stm32f4xx_hal_uart.o
 .debug_frame   0x00003df4      0x7c0 ./Drivers/STM32F4xx_HAL_Driver/Src/stm32f4xx_ll_usb.o
 .debug_frame   0x000045b4       0x20 C:/ST/STM32CubeIDE_1.19.0/STM32CubeIDE/plugins/com.st.stm32cube.ide.mcu.externaltools.gnu-tools-for-stm32.13.3.rel1.win32_1.0.0.202411081344/tools/bin/../lib/gcc/arm-none-eabi/13.3.1/../../../../arm-none-eabi/lib/thumb/v7e-m+fp/hard\libstdc++_nano.a(del_ops.o)
 .debug_frame   0x000045d4       0x28 C:/ST/STM32CubeIDE_1.19.0/STM32CubeIDE/plugins/com.st.stm32cube.ide.mcu.externaltools.gnu-tools-for-stm32.13.3.rel1.win32_1.0.0.202411081344/tools/bin/../lib/gcc/arm-none-eabi/13.3.1/../../../../arm-none-eabi/lib/thumb/v7e-m+fp/hard\libstdc++_nano.a(new_op.o)
 .debug_frame   0x000045fc       0x20 C:/ST/STM32CubeIDE_1.19.0/STM32CubeIDE/plugins/com.st.stm32cube.ide.mcu.externaltools.gnu-tools-for-stm32.13.3.rel1.win32_1.0.0.202411081344/tools/bin/../lib/gcc/arm-none-eabi/13.3.1/../../../../arm-none-eabi/lib/thumb/v7e-m+fp/hard\libstdc++_nano.a(del_op.o)
 .debug_frame   0x0000461c       0x30 C:/ST/STM32CubeIDE_1.19.0/STM32CubeIDE/plugins/com.st.stm32cube.ide.mcu.externaltools.gnu-tools-for-stm32.13.3.rel1.win32_1.0.0.202411081344/tools/bin/../lib/gcc/arm-none-eabi/13.3.1/../../../../arm-none-eabi/lib/thumb/v7e-m+fp/hard\libstdc++_nano.a(new_handler.o)
 .debug_frame   0x0000464c       0x28 C:/ST/STM32CubeIDE_1.19.0/STM32CubeIDE/plugins/com.st.stm32cube.ide.mcu.externaltools.gnu-tools-for-stm32.13.3.rel1.win32_1.0.0.202411081344/tools/bin/../lib/gcc/arm-none-eabi/13.3.1/../../../../arm-none-eabi/lib/thumb/v7e-m+fp/hard\libc_nano.a(libc_a-abort.o)
 .debug_frame   0x00004674       0x30 C:/ST/STM32CubeIDE_1.19.0/STM32CubeIDE/plugins/com.st.stm32cube.ide.mcu.externaltools.gnu-tools-for-stm32.13.3.rel1.win32_1.0.0.202411081344/tools/bin/../lib/gcc/arm-none-eabi/13.3.1/../../../../arm-none-eabi/lib/thumb/v7e-m+fp/hard\libc_nano.a(libc_a-malloc.o)
 .debug_frame   0x000046a4       0x50 C:/ST/STM32CubeIDE_1.19.0/STM32CubeIDE/plugins/com.st.stm32cube.ide.mcu.externaltools.gnu-tools-for-stm32.13.3.rel1.win32_1.0.0.202411081344/tools/bin/../lib/gcc/arm-none-eabi/13.3.1/../../../../arm-none-eabi/lib/thumb/v7e-m+fp/hard\libc_nano.a(libc_a-mallocr.o)
 .debug_frame   0x000046f4       0x30 C:/ST/STM32CubeIDE_1.19.0/STM32CubeIDE/plugins/com.st.stm32cube.ide.mcu.externaltools.gnu-tools-for-stm32.13.3.rel1.win32_1.0.0.202411081344/tools/bin/../lib/gcc/arm-none-eabi/13.3.1/../../../../arm-none-eabi/lib/thumb/v7e-m+fp/hard\libc_nano.a(libc_a-mlock.o)
 .debug_frame   0x00004724      0x144 C:/ST/STM32CubeIDE_1.19.0/STM32CubeIDE/plugins/com.st.stm32cube.ide.mcu.externaltools.gnu-tools-for-stm32.13.3.rel1.win32_1.0.0.202411081344/tools/bin/../lib/gcc/arm-none-eabi/13.3.1/../../../../arm-none-eabi/lib/thumb/v7e-m+fp/hard\libc_nano.a(libc_a-findfp.o)
 .debug_frame   0x00004868       0x20 C:/ST/STM32CubeIDE_1.19.0/STM32CubeIDE/plugins/com.st.stm32cube.ide.mcu.externaltools.gnu-tools-for-stm32.13.3.rel1.win32_1.0.0.202411081344/tools/bin/../lib/gcc/arm-none-eabi/13.3.1/../../../../arm-none-eabi/lib/thumb/v7e-m+fp/hard\libc_nano.a(libc_a-memset.o)
 .debug_frame   0x00004888       0xcc C:/ST/STM32CubeIDE_1.19.0/STM32CubeIDE/plugins/com.st.stm32cube.ide.mcu.externaltools.gnu-tools-for-stm32.13.3.rel1.win32_1.0.0.202411081344/tools/bin/../lib/gcc/arm-none-eabi/13.3.1/../../../../arm-none-eabi/lib/thumb/v7e-m+fp/hard\libc_nano.a(libc_a-signal.o)
 .debug_frame   0x00004954       0x38 C:/ST/STM32CubeIDE_1.19.0/STM32CubeIDE/plugins/com.st.stm32cube.ide.mcu.externaltools.gnu-tools-for-stm32.13.3.rel1.win32_1.0.0.202411081344/tools/bin/../lib/gcc/arm-none-eabi/13.3.1/../../../../arm-none-eabi/lib/thumb/v7e-m+fp/hard\libc_nano.a(libc_a-reent.o)
 .debug_frame   0x0000498c       0x3c C:/ST/STM32CubeIDE_1.19.0/STM32CubeIDE/plugins/com.st.stm32cube.ide.mcu.externaltools.gnu-tools-for-stm32.13.3.rel1.win32_1.0.0.202411081344/tools/bin/../lib/gcc/arm-none-eabi/13.3.1/../../../../arm-none-eabi/lib/thumb/v7e-m+fp/hard\libc_nano.a(libc_a-signalr.o)
 .debug_frame   0x000049c8       0x2c C:/ST/STM32CubeIDE_1.19.0/STM32CubeIDE/plugins/com.st.stm32cube.ide.mcu.externaltools.gnu-tools-for-stm32.13.3.rel1.win32_1.0.0.202411081344/tools/bin/../lib/gcc/arm-none-eabi/13.3.1/../../../../arm-none-eabi/lib/thumb/v7e-m+fp/hard\libc_nano.a(libc_a-sbrkr.o)
 .debug_frame   0x000049f4       0x20 C:/ST/STM32CubeIDE_1.19.0/STM32CubeIDE/plugins/com.st.stm32cube.ide.mcu.externaltools.gnu-tools-for-stm32.13.3.rel1.win32_1.0.0.202411081344/tools/bin/../lib/gcc/arm-none-eabi/13.3.1/../../../../arm-none-eabi/lib/thumb/v7e-m+fp/hard\libc_nano.a(libc_a-errno.o)
 .debug_frame   0x00004a14       0x2c C:/ST/STM32CubeIDE_1.19.0/STM32CubeIDE/plugins/com.st.stm32cube.ide.mcu.externaltools.gnu-tools-for-stm32.13.3.rel1.win32_1.0.0.202411081344/tools/bin/../lib/gcc/arm-none-eabi/13.3.1/../../../../arm-none-eabi/lib/thumb/v7e-m+fp/hard\libc_nano.a(libc_a-init.o)
 .debug_frame   0x00004a40       0xb0 C:/ST/STM32CubeIDE_1.19.0/STM32CubeIDE/plugins/com.st.stm32cube.ide.mcu.externaltools.gnu-tools-for-stm32.13.3.rel1.win32_1.0.0.202411081344/tools/bin/../lib/gcc/arm-none-eabi/13.3.1/../../../../arm-none-eabi/lib/thumb/v7e-m+fp/hard\libc_nano.a(libc_a-lock.o)
 .debug_frame   0x00004af0       0x38 C:/ST/STM32CubeIDE_1.19.0/STM32CubeIDE/plugins/com.st.stm32cube.ide.mcu.externaltools.gnu-tools-for-stm32.13.3.rel1.win32_1.0.0.202411081344/tools/bin/../lib/gcc/arm-none-eabi/13.3.1/../../../../arm-none-eabi/lib/thumb/v7e-m+fp/hard\libc_nano.a(libc_a-freer.o)
 .debug_frame   0x00004b28       0x2c C:/ST/STM32CubeIDE_1.19.0/STM32CubeIDE/plugins/com.st.stm32cube.ide.mcu.externaltools.gnu-tools-for-stm32.13.3.rel1.win32_1.0.0.202411081344/tools/bin/../lib/gcc/arm-none-eabi/13.3.1/thumb/v7e-m+fp/hard\libgcc.a(_aeabi_uldivmod.o)
 .debug_frame   0x00004b54       0x34 C:/ST/STM32CubeIDE_1.19.0/STM32CubeIDE/plugins/com.st.stm32cube.ide.mcu.externaltools.gnu-tools-for-stm32.13.3.rel1.win32_1.0.0.202411081344/tools/bin/../lib/gcc/arm-none-eabi/13.3.1/thumb/v7e-m+fp/hard\libgcc.a(_udivmoddi4.o)

.debug_line_str
                0x00000000       0x83
 .debug_line_str
                0x00000000       0x83 ./Core/Startup/startup_stm32f446zetx.o
