Archive member included to satisfy reference by file (symbol)

C:/ST/STM32CubeIDE_1.19.0/STM32CubeIDE/plugins/com.st.stm32cube.ide.mcu.externaltools.gnu-tools-for-stm32.13.3.rel1.win32_1.0.0.202411081344/tools/bin/../lib/gcc/arm-none-eabi/13.3.1/../../../../arm-none-eabi/lib/thumb/v7e-m+fp/hard\libstdc++_nano.a(del_ops.o)
                              ./Applications/Demos/mcc-poc-torquecontroller/mcc_poc_torquecontroller.o (operator delete(void*, unsigned int))
C:/ST/STM32CubeIDE_1.19.0/STM32CubeIDE/plugins/com.st.stm32cube.ide.mcu.externaltools.gnu-tools-for-stm32.13.3.rel1.win32_1.0.0.202411081344/tools/bin/../lib/gcc/arm-none-eabi/13.3.1/../../../../arm-none-eabi/lib/thumb/v7e-m+fp/hard\libstdc++_nano.a(new_op.o)
                              ./Applications/mcc_capi.o (operator new(unsigned int))
C:/ST/STM32CubeIDE_1.19.0/STM32CubeIDE/plugins/com.st.stm32cube.ide.mcu.externaltools.gnu-tools-for-stm32.13.3.rel1.win32_1.0.0.202411081344/tools/bin/../lib/gcc/arm-none-eabi/13.3.1/../../../../arm-none-eabi/lib/thumb/v7e-m+fp/hard\libstdc++_nano.a(del_op.o)
                              C:/ST/STM32CubeIDE_1.19.0/STM32CubeIDE/plugins/com.st.stm32cube.ide.mcu.externaltools.gnu-tools-for-stm32.13.3.rel1.win32_1.0.0.202411081344/tools/bin/../lib/gcc/arm-none-eabi/13.3.1/../../../../arm-none-eabi/lib/thumb/v7e-m+fp/hard\libstdc++_nano.a(del_ops.o) (operator delete(void*))
C:/ST/STM32CubeIDE_1.19.0/STM32CubeIDE/plugins/com.st.stm32cube.ide.mcu.externaltools.gnu-tools-for-stm32.13.3.rel1.win32_1.0.0.202411081344/tools/bin/../lib/gcc/arm-none-eabi/13.3.1/../../../../arm-none-eabi/lib/thumb/v7e-m+fp/hard\libstdc++_nano.a(new_handler.o)
                              C:/ST/STM32CubeIDE_1.19.0/STM32CubeIDE/plugins/com.st.stm32cube.ide.mcu.externaltools.gnu-tools-for-stm32.13.3.rel1.win32_1.0.0.202411081344/tools/bin/../lib/gcc/arm-none-eabi/13.3.1/../../../../arm-none-eabi/lib/thumb/v7e-m+fp/hard\libstdc++_nano.a(new_op.o) (std::get_new_handler())
C:/ST/STM32CubeIDE_1.19.0/STM32CubeIDE/plugins/com.st.stm32cube.ide.mcu.externaltools.gnu-tools-for-stm32.13.3.rel1.win32_1.0.0.202411081344/tools/bin/../lib/gcc/arm-none-eabi/13.3.1/../../../../arm-none-eabi/lib/thumb/v7e-m+fp/hard\libc_nano.a(libc_a-abort.o)
                              C:/ST/STM32CubeIDE_1.19.0/STM32CubeIDE/plugins/com.st.stm32cube.ide.mcu.externaltools.gnu-tools-for-stm32.13.3.rel1.win32_1.0.0.202411081344/tools/bin/../lib/gcc/arm-none-eabi/13.3.1/../../../../arm-none-eabi/lib/thumb/v7e-m+fp/hard\libstdc++_nano.a(new_op.o) (abort)
C:/ST/STM32CubeIDE_1.19.0/STM32CubeIDE/plugins/com.st.stm32cube.ide.mcu.externaltools.gnu-tools-for-stm32.13.3.rel1.win32_1.0.0.202411081344/tools/bin/../lib/gcc/arm-none-eabi/13.3.1/../../../../arm-none-eabi/lib/thumb/v7e-m+fp/hard\libc_nano.a(libc_a-exit.o)
                              C:/ST/STM32CubeIDE_1.19.0/STM32CubeIDE/plugins/com.st.stm32cube.ide.mcu.externaltools.gnu-tools-for-stm32.13.3.rel1.win32_1.0.0.202411081344/tools/bin/../lib/gcc/arm-none-eabi/13.3.1/../../../../arm-none-eabi/lib/thumb/v7e-m+fp/hard/crt0.o (exit)
C:/ST/STM32CubeIDE_1.19.0/STM32CubeIDE/plugins/com.st.stm32cube.ide.mcu.externaltools.gnu-tools-for-stm32.13.3.rel1.win32_1.0.0.202411081344/tools/bin/../lib/gcc/arm-none-eabi/13.3.1/../../../../arm-none-eabi/lib/thumb/v7e-m+fp/hard\libc_nano.a(libc_a-malloc.o)
                              C:/ST/STM32CubeIDE_1.19.0/STM32CubeIDE/plugins/com.st.stm32cube.ide.mcu.externaltools.gnu-tools-for-stm32.13.3.rel1.win32_1.0.0.202411081344/tools/bin/../lib/gcc/arm-none-eabi/13.3.1/../../../../arm-none-eabi/lib/thumb/v7e-m+fp/hard\libstdc++_nano.a(new_op.o) (malloc)
C:/ST/STM32CubeIDE_1.19.0/STM32CubeIDE/plugins/com.st.stm32cube.ide.mcu.externaltools.gnu-tools-for-stm32.13.3.rel1.win32_1.0.0.202411081344/tools/bin/../lib/gcc/arm-none-eabi/13.3.1/../../../../arm-none-eabi/lib/thumb/v7e-m+fp/hard\libc_nano.a(libc_a-mallocr.o)
                              C:/ST/STM32CubeIDE_1.19.0/STM32CubeIDE/plugins/com.st.stm32cube.ide.mcu.externaltools.gnu-tools-for-stm32.13.3.rel1.win32_1.0.0.202411081344/tools/bin/../lib/gcc/arm-none-eabi/13.3.1/../../../../arm-none-eabi/lib/thumb/v7e-m+fp/hard\libc_nano.a(libc_a-malloc.o) (_malloc_r)
C:/ST/STM32CubeIDE_1.19.0/STM32CubeIDE/plugins/com.st.stm32cube.ide.mcu.externaltools.gnu-tools-for-stm32.13.3.rel1.win32_1.0.0.202411081344/tools/bin/../lib/gcc/arm-none-eabi/13.3.1/../../../../arm-none-eabi/lib/thumb/v7e-m+fp/hard\libc_nano.a(libc_a-mlock.o)
                              C:/ST/STM32CubeIDE_1.19.0/STM32CubeIDE/plugins/com.st.stm32cube.ide.mcu.externaltools.gnu-tools-for-stm32.13.3.rel1.win32_1.0.0.202411081344/tools/bin/../lib/gcc/arm-none-eabi/13.3.1/../../../../arm-none-eabi/lib/thumb/v7e-m+fp/hard\libc_nano.a(libc_a-mallocr.o) (__malloc_lock)
[...]
Memory Configuration

Name             Origin             Length             Attributes
RAM              0x20000000         0x00020000         xrw
FLASH            0x08000000         0x00080000         xr
*default*        0x00000000         0xffffffff

Linker script and memory map

LOAD C:/ST/STM32CubeIDE_1.19.0/STM32CubeIDE/plugins/com.st.stm32cube.ide.mcu.externaltools.gnu-tools-for-stm32.13.3.rel1.win32_1.0.0.202411081344/tools/bin/../lib/gcc/arm-none-eabi/13.3.1/thumb/v7e-m+fp/hard/crti.o
LOAD C:/ST/STM32CubeIDE_1.19.0/STM32CubeIDE/plugins/com.st.stm32cube.ide.mcu.externaltools.gnu-tools-for-stm32.13.3.rel1.win32_1.0.0.202411081344/tools/bin/../lib/gcc/arm-none-eabi/13.3.1/thumb/v7e-m+fp/hard/crtbegin.o
LOAD C:/ST/STM32CubeIDE_1.19.0/STM32CubeIDE/plugins/com.st.stm32cube.ide.mcu.externaltools.gnu-tools-for-stm32.13.3.rel1.win32_1.0.0.202411081344/tools/bin/../lib/gcc/arm-none-eabi/13.3.1/../../../../arm-none-eabi/lib/thumb/v7e-m+fp/hard/crt0.o
LOAD ./Applications/Demos/mcc-poc-torquecontroller/mcc_poc_torquecontroller.o
LOAD ./Applications/mcc-sparkcore/mcc_sparkcore.o
LOAD ./Applications/mcc-sparkcore-emc/mcc_sparkcore_emc.o
LOAD ./Applications/mcc_capi.o
LOAD ./Core/Src/main.o
LOAD ./Core/Src/stm32f4xx_hal_msp.o
LOAD ./Core/Src/stm32f4xx_it.o
LOAD ./Core/Src/syscalls.o
LOAD ./Core/Src/sysmem.o
LOAD ./Core/Src/system_stm32f4xx.o
LOAD ./Core/Startup/startup_stm32f446zetx.o
LOAD ./Drivers/STM32F4xx_HAL_Driver/Src/stm32f4xx_hal.o
LOAD ./Drivers/STM32F4xx_HAL_Driver/Src/stm32f4xx_hal_cortex.o
LOAD ./Drivers/STM32F4xx_HAL_Driver/Src/stm32f4xx_hal_dma.o
LOAD ./Drivers/STM32F4xx_HAL_Driver/Src/stm32f4xx_hal_dma_ex.o
LOAD ./Drivers/STM32F4xx_HAL_Driver/Src/stm32f4xx_hal_exti.o
LOAD ./Drivers/STM32F4xx_HAL_Driver/Src/stm32f4xx_hal_flash.o
LOAD ./Drivers/STM32F4xx_HAL_Driver/Src/stm32f4xx_hal_flash_ex.o
LOAD ./Drivers/STM32F4xx_HAL_Driver/Src/stm32f4xx_hal_flash_ramfunc.o
LOAD ./Drivers/STM32F4xx_HAL_Driver/Src/stm32f4xx_hal_gpio.o
LOAD ./Drivers/STM32F4xx_HAL_Driver/Src/stm32f4xx_hal_pcd.o
LOAD ./Drivers/STM32F4xx_HAL_Driver/Src/stm32f4xx_hal_pcd_ex.o
LOAD ./Drivers/STM32F4xx_HAL_Driver/Src/stm32f4xx_hal_pwr.o
LOAD ./Drivers/STM32F4xx_HAL_Driver/Src/stm32f4xx_hal_pwr_ex.o
LOAD ./Drivers/STM32F4xx_HAL_Driver/Src/stm32f4xx_hal_rcc.o
LOAD ./Drivers/STM32F4xx_HAL_Driver/Src/stm32f4xx_hal_rcc_ex.o
LOAD ./Drivers/STM32F4xx_HAL_Driver/Src/stm32f4xx_hal_tim.o
LOAD ./Drivers/STM32F4xx_HAL_Driver/Src/stm32f4xx_hal_tim_ex.o
LOAD ./Drivers/STM32F4xx_HAL_Driver/Src/stm32f4xx_hal_uart.o
LOAD ./Drivers/STM32F4xx_HAL_Driver/Src/stm32f4xx_ll_usb.o
LOAD ./Sparkcore-Components/TorqueController/src/torque.o
LOAD ./Sparkcore-Drivers/CurrentMeter/CurrentMeter1_AMuster.o
LOAD ./Sparkcore-Drivers/HBridge/HBridge_AMuster.o
START GROUP
LOAD C:/ST/STM32CubeIDE_1.19.0/STM32CubeIDE/plugins/com.st.stm32cube.ide.mcu.externaltools.gnu-tools-for-stm32.13.3.rel1.win32_1.0.0.202411081344/tools/bin/../lib/gcc/arm-none-eabi/13.3.1/../../../../arm-none-eabi/lib/thumb/v7e-m+fp/hard\libstdc++_nano.a
LOAD C:/ST/STM32CubeIDE_1.19.0/STM32CubeIDE/plugins/com.st.stm32cube.ide.mcu.externaltools.gnu-tools-for-stm32.13.3.rel1.win32_1.0.0.202411081344/tools/bin/../lib/gcc/arm-none-eabi/13.3.1/../../../../arm-none-eabi/lib/thumb/v7e-m+fp/hard\libsupc++_nano.a
END GROUP
LOAD C:/ST/STM32CubeIDE_1.19.0/STM32CubeIDE/plugins/com.st.stm32cube.ide.mcu.externaltools.gnu-tools-for-stm32.13.3.rel1.win32_1.0.0.202411081344/tools/bin/../lib/gcc/arm-none-eabi/13.3.1/../../../../arm-none-eabi/lib/thumb/v7e-m+fp/hard\libstdc++_nano.a
LOAD C:/ST/STM32CubeIDE_1.19.0/STM32CubeIDE/plugins/com.st.stm32cube.ide.mcu.externaltools.gnu-tools-for-stm32.13.3.rel1.win32_1.0.0.202411081344/tools/bin/../lib/gcc/arm-none-eabi/13.3.1/../../../../arm-none-eabi/lib/thumb/v7e-m+fp/hard\libm.a
LOAD C:/ST/STM32CubeIDE_1.19.0/STM32CubeIDE/plugins/com.st.stm32cube.ide.mcu.externaltools.gnu-tools-for-stm32.13.3.rel1.win32_1.0.0.202411081344/tools/bin/../lib/gcc/arm-none-eabi/13.3.1/../../../../arm-none-eabi/lib/thumb/v7e-m+fp/hard\libc_nano.a
START GROUP
LOAD C:/ST/STM32CubeIDE_1.19.0/STM32CubeIDE/plugins/com.st.stm32cube.ide.mcu.externaltools.gnu-tools-for-stm32.13.3.rel1.win32_1.0.0.202411081344/tools/bin/../lib/gcc/arm-none-eabi/13.3.1/thumb/v7e-m+fp/hard\libgcc.a
LOAD C:/ST/STM32CubeIDE_1.19.0/STM32CubeIDE/plugins/com.st.stm32cube.ide.mcu.externaltools.gnu-tools-for-stm32.13.3.rel1.win32_1.0.0.202411081344/tools/bin/../lib/gcc/arm-none-eabi/13.3.1/../../../../arm-none-eabi/lib/thumb/v7e-m+fp/hard\libc_nano.a
END GROUP
START GROUP
LOAD C:/ST/STM32CubeIDE_1.19.0/STM32CubeIDE/plugins/com.st.stm32cube.ide.mcu.externaltools.gnu-tools-for-stm32.13.3.rel1.win32_1.0.0.202411081344/tools/bin/../lib/gcc/arm-none-eabi/13.3.1/thumb/v7e-m+fp/hard\libgcc.a
LOAD C:/ST/STM32CubeIDE_1.19.0/STM32CubeIDE/plugins/com.st.stm32cube.ide.mcu.externaltools.gnu-tools-for-stm32.13.3.rel1.win32_1.0.0.202411081344/tools/bin/../lib/gcc/arm-none-eabi/13.3.1/../../../../arm-none-eabi/lib/thumb/v7e-m+fp/hard\libc_nano.a
LOAD C:/ST/STM32CubeIDE_1.19.0/STM32CubeIDE/plugins/com.st.stm32cube.ide.mcu.externaltools.gnu-tools-for-stm32.13.3.rel1.win32_1.0.0.202411081344/tools/bin/../lib/gcc/arm-none-eabi/13.3.1/../../../../arm-none-eabi/lib/thumb/v7e-m+fp/hard\libnosys.a
END GROUP
START GROUP
LOAD C:/ST/STM32CubeIDE_1.19.0/STM32CubeIDE/plugins/com.st.stm32cube.ide.mcu.externaltools.gnu-tools-for-stm32.13.3.rel1.win32_1.0.0.202411081344/tools/bin/../lib/gcc/arm-none-eabi/13.3.1/thumb/v7e-m+fp/hard\libgcc.a
LOAD C:/ST/STM32CubeIDE_1.19.0/STM32CubeIDE/plugins/com.st.stm32cube.ide.mcu.externaltools.gnu-tools-for-stm32.13.3.rel1.win32_1.0.0.202411081344/tools/bin/../lib/gcc/arm-none-eabi/13.3.1/../../../../arm-none-eabi/lib/thumb/v7e-m+fp/hard\libc_nano.a
LOAD C:/ST/STM32CubeIDE_1.19.0/STM32CubeIDE/plugins/com.st.stm32cube.ide.mcu.externaltools.gnu-tools-for-stm32.13.3.rel1.win32_1.0.0.202411081344/tools/bin/../lib/gcc/arm-none-eabi/13.3.1/../../../../arm-none-eabi/lib/thumb/v7e-m+fp/hard\libnosys.a
END GROUP
LOAD C:/ST/STM32CubeIDE_1.19.0/STM32CubeIDE/plugins/com.st.stm32cube.ide.mcu.externaltools.gnu-tools-for-stm32.13.3.rel1.win32_1.0.0.202411081344/tools/bin/../lib/gcc/arm-none-eabi/13.3.1/thumb/v7e-m+fp/hard/crtend.o
LOAD C:/ST/STM32CubeIDE_1.19.0/STM32CubeIDE/plugins/com.st.stm32cube.ide.mcu.externaltools.gnu-tools-for-stm32.13.3.rel1.win32_1.0.0.202411081344/tools/bin/../lib/gcc/arm-none-eabi/13.3.1/thumb/v7e-m+fp/hard/crtn.o
                0x20020000                        _estack = (ORIGIN (RAM) + LENGTH (RAM))
                0x00000200                        _Min_Heap_Size = 0x200
                0x00000400                        _Min_Stack_Size = 0x400

.isr_vector     0x08000000      0x1c4
                0x08000000                        . = ALIGN (0x4)
 *(.isr_vector)
 .isr_vector    0x08000000      0x1c4 ./Core/Startup/startup_stm32f446zetx.o
                0x08000000                g_pfnVectors
                0x080001c4                        . = ALIGN (0x4)

.text           0x080001c4     0x438c
                0x080001c4                        . = ALIGN (0x4)
 *(.text)
 .text          0x080001c4       0x40 C:/ST/STM32CubeIDE_1.19.0/STM32CubeIDE/plugins/com.st.stm32cube.ide.mcu.externaltools.gnu-tools-for-stm32.13.3.rel1.win32_1.0.0.202411081344/tools/bin/../lib/gcc/arm-none-eabi/13.3.1/thumb/v7e-m+fp/hard/crtbegin.o
 .text          0x08000204       0x30 C:/ST/STM32CubeIDE_1.19.0/STM32CubeIDE/plugins/com.st.stm32cube.ide.mcu.externaltools.gnu-tools-for-stm32.13.3.rel1.win32_1.0.0.202411081344/tools/bin/../lib/gcc/arm-none-eabi/13.3.1/thumb/v7e-m+fp/hard\libgcc.a(_aeabi_uldivmod.o)
                0x08000204                __aeabi_uldivmod
 .text          0x08000234      0x2f8 C:/ST/STM32CubeIDE_1.19.0/STM32CubeIDE/plugins/com.st.stm32cube.ide.mcu.externaltools.gnu-tools-for-stm32.13.3.rel1.win32_1.0.0.202411081344/tools/bin/../lib/gcc/arm-none-eabi/13.3.1/thumb/v7e-m+fp/hard\libgcc.a(_udivmoddi4.o)
                0x08000234                __udivmoddi4
 .text          0x0800052c        0x4 C:/ST/STM32CubeIDE_1.19.0/STM32CubeIDE/plugins/com.st.stm32cube.ide.mcu.externaltools.gnu-tools-for-stm32.13.3.rel1.win32_1.0.0.202411081344/tools/bin/../lib/gcc/arm-none-eabi/13.3.1/thumb/v7e-m+fp/hard\libgcc.a(_dvmd_tls.o)
                0x0800052c                __aeabi_idiv0
                0x0800052c                __aeabi_ldiv0
 *(.text*)
 .text._ZN14IMccAplicationD2Ev
                0x08000530       0x20 ./Applications/Demos/mcc-poc-torquecontroller/mcc_poc_torquecontroller.o
                0x08000530                IMccAplication::~IMccAplication()
                0x08000530                IMccAplication::~IMccAplication()
 .text._ZN14IMccAplicationD0Ev
                0x08000550       0x20 ./Applications/Demos/mcc-poc-torquecontroller/mcc_poc_torquecontroller.o
                0x08000550                IMccAplication::~IMccAplication()
 .text._ZN24mcc_poc_torquecontrollerD2Ev
                0x08000570       0x24 ./Applications/Demos/mcc-poc-torquecontroller/mcc_poc_torquecontroller.o
                0x08000570                mcc_poc_torquecontroller::~mcc_poc_torquecontroller()
                0x08000570                mcc_poc_torquecontroller::~mcc_poc_torquecontroller()
 .text._ZN24mcc_poc_torquecontrollerD0Ev
                0x08000594       0x20 ./Applications/Demos/mcc-poc-torquecontroller/mcc_poc_torquecontroller.o
                0x08000594                mcc_poc_torquecontroller::~mcc_poc_torquecontroller()
 .text._ZN24mcc_poc_torquecontroller10setContextEPv
                0x080005b4       0x16 ./Applications/Demos/mcc-poc-torquecontroller/mcc_poc_torquecontroller.o
                0x080005b4                mcc_poc_torquecontroller::setContext(void*)
 .text._ZN24mcc_poc_torquecontroller3runEv
                0x080005ca       0x14 ./Applications/Demos/mcc-poc-torquecontroller/mcc_poc_torquecontroller.o
                0x080005ca                mcc_poc_torquecontroller::run()
 *fill*         0x080005de        0x2 
 .text._ZN14IMccAplicationC2Ev
                0x080005e0       0x20 ./Applications/mcc_capi.o
                0x080005e0                IMccAplication::IMccAplication()
                0x080005e0                IMccAplication::IMccAplication()
 .text._ZN24mcc_poc_torquecontrollerC2Ev
                0x08000600       0x24 ./Applications/mcc_capi.o
                0x08000600                mcc_poc_torquecontroller::mcc_poc_torquecontroller()
                0x08000600                mcc_poc_torquecontroller::mcc_poc_torquecontroller()
 .text.Mcc_Create
                0x08000624       0x52 ./Applications/mcc_capi.o
                0x08000624                Mcc_Create
 .text.Mcc_SetContext
                0x08000676       0x1e ./Applications/mcc_capi.o
                0x08000676                Mcc_SetContext
 .text.main     0x08000694       0x40 ./Core/Src/main.o
                0x08000694                main
 .text.SystemClock_Config
                0x080006d4       0xd8 ./Core/Src/main.o
                0x080006d4                SystemClock_Config
 .text.MX_TIM1_Init
                0x080007ac      0x158 ./Core/Src/main.o
 .text.MX_USART3_UART_Init
                0x08000904       0x54 ./Core/Src/main.o
 .text.MX_USB_OTG_FS_PCD_Init
                0x08000958       0x5c ./Core/Src/main.o
 .text.MX_GPIO_Init
                0x080009b4      0x178 ./Core/Src/main.o
 .text.Error_Handler
                0x08000b2c        0xc ./Core/Src/main.o
                0x08000b2c                Error_Handler
 .text.HAL_MspInit
                0x08000b38       0x50 ./Core/Src/stm32f4xx_hal_msp.o
                0x08000b38                HAL_MspInit
 .text.HAL_TIM_Base_MspInit
                0x08000b88       0x44 ./Core/Src/stm32f4xx_hal_msp.o
                0x08000b88                HAL_TIM_Base_MspInit
 .text.HAL_TIM_MspPostInit
                0x08000bcc       0xb4 ./Core/Src/stm32f4xx_hal_msp.o
                0x08000bcc                HAL_TIM_MspPostInit
 .text.HAL_UART_MspInit
                0x08000c80       0x90 ./Core/Src/stm32f4xx_hal_msp.o
                0x08000c80                HAL_UART_MspInit
 .text.HAL_PCD_MspInit
                0x08000d10       0xe0 ./Core/Src/stm32f4xx_hal_msp.o
                0x08000d10                HAL_PCD_MspInit
 .text.NMI_Handler
                0x08000df0        0x8 ./Core/Src/stm32f4xx_it.o
                0x08000df0                NMI_Handler
 .text.HardFault_Handler
                0x08000df8        0x8 ./Core/Src/stm32f4xx_it.o
                0x08000df8                HardFault_Handler
 .text.MemManage_Handler
                0x08000e00        0x8 ./Core/Src/stm32f4xx_it.o
                0x08000e00                MemManage_Handler
 .text.BusFault_Handler
                0x08000e08        0x8 ./Core/Src/stm32f4xx_it.o
                0x08000e08                BusFault_Handler
 .text.UsageFault_Handler
                0x08000e10        0x8 ./Core/Src/stm32f4xx_it.o
                0x08000e10                UsageFault_Handler
 .text.SVC_Handler
                0x08000e18        0xe ./Core/Src/stm32f4xx_it.o
                0x08000e18                SVC_Handler
 .text.DebugMon_Handler
                0x08000e26        0xe ./Core/Src/stm32f4xx_it.o
                0x08000e26                DebugMon_Handler
 .text.PendSV_Handler
                0x08000e34        0xe ./Core/Src/stm32f4xx_it.o
                0x08000e34                PendSV_Handler
 .text.SysTick_Handler
                0x08000e42        0xc ./Core/Src/stm32f4xx_it.o
                0x08000e42                SysTick_Handler
 .text._getpid  0x08000e4e       0x10 ./Core/Src/syscalls.o
                0x08000e4e                _getpid
 .text._kill    0x08000e5e       0x20 ./Core/Src/syscalls.o
                0x08000e5e                _kill
 .text._exit    0x08000e7e       0x16 ./Core/Src/syscalls.o
                0x08000e7e                _exit
 .text._sbrk    0x08000e94       0x6c ./Core/Src/sysmem.o
                0x08000e94                _sbrk
 .text.SystemInit
                0x08000f00       0x24 ./Core/Src/system_stm32f4xx.o
                0x08000f00                SystemInit
 .text.Reset_Handler
                0x08000f24       0x50 ./Core/Startup/startup_stm32f446zetx.o
                0x08000f24                Reset_Handler
 .text.Default_Handler
                0x08000f74        0x2 ./Core/Startup/startup_stm32f446zetx.o
                0x08000f74                RTC_Alarm_IRQHandler
                0x08000f74                EXTI2_IRQHandler
                0x08000f74                TIM8_CC_IRQHandler
                0x08000f74                FMPI2C1_EV_IRQHandler
                0x08000f74                SPI4_IRQHandler
                0x08000f74                TIM1_CC_IRQHandler
                0x08000f74                DMA2_Stream5_IRQHandler
                0x08000f74                DMA1_Stream5_IRQHandler
                0x08000f74                PVD_IRQHandler
                0x08000f74                SDIO_IRQHandler
                0x08000f74                TAMP_STAMP_IRQHandler
                0x08000f74                CAN2_RX1_IRQHandler
                0x08000f74                EXTI3_IRQHandler
                0x08000f74                TIM8_TRG_COM_TIM14_IRQHandler
                0x08000f74                TIM1_UP_TIM10_IRQHandler
                0x08000f74                TIM8_UP_TIM13_IRQHandler
                0x08000f74                I2C3_ER_IRQHandler
                0x08000f74                EXTI0_IRQHandler
                0x08000f74                I2C2_EV_IRQHandler
                0x08000f74                DMA1_Stream2_IRQHandler
                0x08000f74                CAN1_RX0_IRQHandler
                0x08000f74                FPU_IRQHandler
                0x08000f74                OTG_HS_WKUP_IRQHandler
                0x08000f74                CAN2_SCE_IRQHandler
                0x08000f74                DMA2_Stream2_IRQHandler
                0x08000f74                SPI1_IRQHandler
                0x08000f74                TIM6_DAC_IRQHandler
                0x08000f74                TIM1_BRK_TIM9_IRQHandler
                0x08000f74                DCMI_IRQHandler
                0x08000f74                CAN2_RX0_IRQHandler
                0x08000f74                DMA2_Stream3_IRQHandler
                0x08000f74                SAI2_IRQHandler
                0x08000f74                USART6_IRQHandler
                0x08000f74                USART3_IRQHandler
                0x08000f74                CAN1_RX1_IRQHandler
                0x08000f74                UART5_IRQHandler
                0x08000f74                DMA2_Stream0_IRQHandler
                0x08000f74                TIM4_IRQHandler
                0x08000f74                QUADSPI_IRQHandler
                0x08000f74                I2C1_EV_IRQHandler
                0x08000f74                DMA1_Stream6_IRQHandler
                0x08000f74                DMA1_Stream1_IRQHandler
                0x08000f74                UART4_IRQHandler
                0x08000f74                TIM3_IRQHandler
                0x08000f74                RCC_IRQHandler
                0x08000f74                TIM8_BRK_TIM12_IRQHandler
                0x08000f74                Default_Handler
                0x08000f74                CEC_IRQHandler
                0x08000f74                EXTI15_10_IRQHandler
                0x08000f74                ADC_IRQHandler
                0x08000f74                DMA1_Stream7_IRQHandler
                0x08000f74                TIM7_IRQHandler
                0x08000f74                CAN2_TX_IRQHandler
                0x08000f74                TIM5_IRQHandler
                0x08000f74                DMA2_Stream7_IRQHandler
                0x08000f74                I2C3_EV_IRQHandler
                0x08000f74                EXTI9_5_IRQHandler
                0x08000f74                RTC_WKUP_IRQHandler
                0x08000f74                SPDIF_RX_IRQHandler
                0x08000f74                SPI2_IRQHandler
                0x08000f74                OTG_HS_EP1_IN_IRQHandler
                0x08000f74                DMA1_Stream0_IRQHandler
                0x08000f74                CAN1_TX_IRQHandler
                0x08000f74                FMPI2C1_ER_IRQHandler
                0x08000f74                EXTI4_IRQHandler
                0x08000f74                OTG_HS_EP1_OUT_IRQHandler
                0x08000f74                WWDG_IRQHandler
                0x08000f74                TIM2_IRQHandler
                0x08000f74                OTG_FS_WKUP_IRQHandler
                0x08000f74                TIM1_TRG_COM_TIM11_IRQHandler
                0x08000f74                OTG_HS_IRQHandler
                0x08000f74                EXTI1_IRQHandler
                0x08000f74                USART2_IRQHandler
                0x08000f74                I2C2_ER_IRQHandler
                0x08000f74                DMA2_Stream1_IRQHandler
                0x08000f74                CAN1_SCE_IRQHandler
                0x08000f74                FLASH_IRQHandler
                0x08000f74                DMA2_Stream4_IRQHandler
                0x08000f74                USART1_IRQHandler
                0x08000f74                OTG_FS_IRQHandler
                0x08000f74                SPI3_IRQHandler
                0x08000f74                DMA1_Stream4_IRQHandler
                0x08000f74                I2C1_ER_IRQHandler
                0x08000f74                FMC_IRQHandler
                0x08000f74                DMA2_Stream6_IRQHandler
                0x08000f74                SAI1_IRQHandler
                0x08000f74                DMA1_Stream3_IRQHandler
 *fill*         0x08000f76        0x2 
 .text.HAL_Init
                0x08000f78       0x44 ./Drivers/STM32F4xx_HAL_Driver/Src/stm32f4xx_hal.o
                0x08000f78                HAL_Init
 .text.HAL_InitTick
                0x08000fbc       0x60 ./Drivers/STM32F4xx_HAL_Driver/Src/stm32f4xx_hal.o
                0x08000fbc                HAL_InitTick
 .text.HAL_IncTick
                0x0800101c       0x28 ./Drivers/STM32F4xx_HAL_Driver/Src/stm32f4xx_hal.o
                0x0800101c                HAL_IncTick
 .text.HAL_GetTick
                0x08001044       0x18 ./Drivers/STM32F4xx_HAL_Driver/Src/stm32f4xx_hal.o
                0x08001044                HAL_GetTick
 .text.HAL_Delay
                0x0800105c       0x48 ./Drivers/STM32F4xx_HAL_Driver/Src/stm32f4xx_hal.o
                0x0800105c                HAL_Delay
 .text.__NVIC_SetPriorityGrouping
                0x080010a4       0x48 ./Drivers/STM32F4xx_HAL_Driver/Src/stm32f4xx_hal_cortex.o
 .text.__NVIC_GetPriorityGrouping
                0x080010ec       0x1c ./Drivers/STM32F4xx_HAL_Driver/Src/stm32f4xx_hal_cortex.o
 .text.__NVIC_SetPriority
                0x08001108       0x54 ./Drivers/STM32F4xx_HAL_Driver/Src/stm32f4xx_hal_cortex.o
 .text.NVIC_EncodePriority
                0x0800115c       0x66 ./Drivers/STM32F4xx_HAL_Driver/Src/stm32f4xx_hal_cortex.o
 *fill*         0x080011c2        0x2 
 .text.SysTick_Config
                0x080011c4       0x44 ./Drivers/STM32F4xx_HAL_Driver/Src/stm32f4xx_hal_cortex.o
 .text.HAL_NVIC_SetPriorityGrouping
                0x08001208       0x16 ./Drivers/STM32F4xx_HAL_Driver/Src/stm32f4xx_hal_cortex.o
                0x08001208                HAL_NVIC_SetPriorityGrouping
 .text.HAL_NVIC_SetPriority
                0x0800121e       0x38 ./Drivers/STM32F4xx_HAL_Driver/Src/stm32f4xx_hal_cortex.o
                0x0800121e                HAL_NVIC_SetPriority
 .text.HAL_SYSTICK_Config
                0x08001256       0x18 ./Drivers/STM32F4xx_HAL_Driver/Src/stm32f4xx_hal_cortex.o
                0x08001256                HAL_SYSTICK_Config
 *fill*         0x0800126e        0x2 
 .text.HAL_GPIO_Init
                0x08001270      0x328 ./Drivers/STM32F4xx_HAL_Driver/Src/stm32f4xx_hal_gpio.o
                0x08001270                HAL_GPIO_Init
 .text.HAL_GPIO_WritePin
                0x08001598       0x32 ./Drivers/STM32F4xx_HAL_Driver/Src/stm32f4xx_hal_gpio.o
                0x08001598                HAL_GPIO_WritePin
 .text.HAL_PCD_Init
                0x080015ca      0x22c ./Drivers/STM32F4xx_HAL_Driver/Src/stm32f4xx_hal_pcd.o
                0x080015ca                HAL_PCD_Init
 .text.HAL_PCDEx_ActivateLPM
                0x080017f6       0x48 ./Drivers/STM32F4xx_HAL_Driver/Src/stm32f4xx_hal_pcd_ex.o
                0x080017f6                HAL_PCDEx_ActivateLPM
 *fill*         0x0800183e        0x2 
 .text.HAL_RCC_ClockConfig
                0x08001840      0x1cc ./Drivers/STM32F4xx_HAL_Driver/Src/stm32f4xx_hal_rcc.o
                0x08001840                HAL_RCC_ClockConfig
 .text.HAL_RCC_GetHCLKFreq
                0x08001a0c       0x18 ./Drivers/STM32F4xx_HAL_Driver/Src/stm32f4xx_hal_rcc.o
                0x08001a0c                HAL_RCC_GetHCLKFreq
 .text.HAL_RCC_GetPCLK1Freq
                0x08001a24       0x28 ./Drivers/STM32F4xx_HAL_Driver/Src/stm32f4xx_hal_rcc.o
                0x08001a24                HAL_RCC_GetPCLK1Freq
 .text.HAL_RCC_GetPCLK2Freq
                0x08001a4c       0x28 ./Drivers/STM32F4xx_HAL_Driver/Src/stm32f4xx_hal_rcc.o
                0x08001a4c                HAL_RCC_GetPCLK2Freq
 .text.HAL_RCCEx_PeriphCLKConfig
                0x08001a74      0x654 ./Drivers/STM32F4xx_HAL_Driver/Src/stm32f4xx_hal_rcc_ex.o
                0x08001a74                HAL_RCCEx_PeriphCLKConfig
 .text.HAL_RCC_GetSysClockFreq
                0x080020c8      0x460 ./Drivers/STM32F4xx_HAL_Driver/Src/stm32f4xx_hal_rcc_ex.o
                0x080020c8                HAL_RCC_GetSysClockFreq
 .text.HAL_RCC_OscConfig
                0x08002528      0x53c ./Drivers/STM32F4xx_HAL_Driver/Src/stm32f4xx_hal_rcc_ex.o
                0x08002528                HAL_RCC_OscConfig
 .text.HAL_TIM_Base_Init
                0x08002a64       0x9e ./Drivers/STM32F4xx_HAL_Driver/Src/stm32f4xx_hal_tim.o
                0x08002a64                HAL_TIM_Base_Init
 .text.HAL_TIM_PWM_Init
                0x08002b02       0x9e ./Drivers/STM32F4xx_HAL_Driver/Src/stm32f4xx_hal_tim.o
                0x08002b02                HAL_TIM_PWM_Init
 .text.HAL_TIM_PWM_MspInit
                0x08002ba0       0x14 ./Drivers/STM32F4xx_HAL_Driver/Src/stm32f4xx_hal_tim.o
                0x08002ba0                HAL_TIM_PWM_MspInit
 .text.HAL_TIM_PWM_ConfigChannel
                0x08002bb4      0x184 ./Drivers/STM32F4xx_HAL_Driver/Src/stm32f4xx_hal_tim.o
                0x08002bb4                HAL_TIM_PWM_ConfigChannel
 .text.HAL_TIM_ConfigClockSource
                0x08002d38      0x18e ./Drivers/STM32F4xx_HAL_Driver/Src/stm32f4xx_hal_tim.o
                0x08002d38                HAL_TIM_ConfigClockSource
 *fill*         0x08002ec6        0x2 
 .text.TIM_Base_SetConfig
                0x08002ec8      0x14c ./Drivers/STM32F4xx_HAL_Driver/Src/stm32f4xx_hal_tim.o
                0x08002ec8                TIM_Base_SetConfig
 .text.TIM_OC1_SetConfig
                0x08003014       0xe0 ./Drivers/STM32F4xx_HAL_Driver/Src/stm32f4xx_hal_tim.o
 .text.TIM_OC2_SetConfig
                0x080030f4       0xec ./Drivers/STM32F4xx_HAL_Driver/Src/stm32f4xx_hal_tim.o
                0x080030f4                TIM_OC2_SetConfig
 .text.TIM_OC3_SetConfig
                0x080031e0       0xe8 ./Drivers/STM32F4xx_HAL_Driver/Src/stm32f4xx_hal_tim.o
 .text.TIM_OC4_SetConfig
                0x080032c8       0xac ./Drivers/STM32F4xx_HAL_Driver/Src/stm32f4xx_hal_tim.o
 .text.TIM_TI1_ConfigInputStage
                0x08003374       0x5e ./Drivers/STM32F4xx_HAL_Driver/Src/stm32f4xx_hal_tim.o
 .text.TIM_TI2_ConfigInputStage
                0x080033d2       0x60 ./Drivers/STM32F4xx_HAL_Driver/Src/stm32f4xx_hal_tim.o
 .text.TIM_ITRx_SetConfig
                0x08003432       0x36 ./Drivers/STM32F4xx_HAL_Driver/Src/stm32f4xx_hal_tim.o
 .text.TIM_ETR_SetConfig
                0x08003468       0x40 ./Drivers/STM32F4xx_HAL_Driver/Src/stm32f4xx_hal_tim.o
                0x08003468                TIM_ETR_SetConfig
 .text.HAL_TIMEx_MasterConfigSynchronization
                0x080034a8       0xf8 ./Drivers/STM32F4xx_HAL_Driver/Src/stm32f4xx_hal_tim_ex.o
                0x080034a8                HAL_TIMEx_MasterConfigSynchronization
 .text.HAL_TIMEx_ConfigBreakDeadTime
                0x080035a0       0xa4 ./Drivers/STM32F4xx_HAL_Driver/Src/stm32f4xx_hal_tim_ex.o
                0x080035a0                HAL_TIMEx_ConfigBreakDeadTime
 .text.HAL_UART_Init
                0x08003644       0xa0 ./Drivers/STM32F4xx_HAL_Driver/Src/stm32f4xx_hal_uart.o
                0x08003644                HAL_UART_Init
 .text.UART_SetConfig
                0x080036e4      0x4e8 ./Drivers/STM32F4xx_HAL_Driver/Src/stm32f4xx_hal_uart.o
 .text.USB_CoreInit
                0x08003bcc       0xc8 ./Drivers/STM32F4xx_HAL_Driver/Src/stm32f4xx_ll_usb.o
                0x08003bcc                USB_CoreInit
 .text.USB_DisableGlobalInt
                0x08003c94       0x22 ./Drivers/STM32F4xx_HAL_Driver/Src/stm32f4xx_ll_usb.o
                0x08003c94                USB_DisableGlobalInt
 .text.USB_SetCurrentMode
                0x08003cb6       0x98 ./Drivers/STM32F4xx_HAL_Driver/Src/stm32f4xx_ll_usb.o
                0x08003cb6                USB_SetCurrentMode
 *fill*         0x08003d4e        0x2 
 .text.USB_DevInit
                0x08003d50      0x2bc ./Drivers/STM32F4xx_HAL_Driver/Src/stm32f4xx_ll_usb.o
                0x08003d50                USB_DevInit
 .text.USB_FlushTxFifo
                0x0800400c       0x64 ./Drivers/STM32F4xx_HAL_Driver/Src/stm32f4xx_ll_usb.o
                0x0800400c                USB_FlushTxFifo
 .text.USB_FlushRxFifo
                0x08004070       0x5c ./Drivers/STM32F4xx_HAL_Driver/Src/stm32f4xx_ll_usb.o
                0x08004070                USB_FlushRxFifo
 .text.USB_SetDevSpeed
                0x080040cc       0x32 ./Drivers/STM32F4xx_HAL_Driver/Src/stm32f4xx_ll_usb.o
                0x080040cc                USB_SetDevSpeed
 .text.USB_DevDisconnect
                0x080040fe       0x42 ./Drivers/STM32F4xx_HAL_Driver/Src/stm32f4xx_ll_usb.o
                0x080040fe                USB_DevDisconnect
 .text.USB_GetMode
                0x08004140       0x1c ./Drivers/STM32F4xx_HAL_Driver/Src/stm32f4xx_ll_usb.o
                0x08004140                USB_GetMode
 .text.USB_CoreReset
                0x0800415c       0x70 ./Drivers/STM32F4xx_HAL_Driver/Src/stm32f4xx_ll_usb.o
 .text._ZdlPvj  0x080041cc        0x4 C:/ST/STM32CubeIDE_1.19.0/STM32CubeIDE/plugins/com.st.stm32cube.ide.mcu.externaltools.gnu-tools-for-stm32.13.3.rel1.win32_1.0.0.202411081344/tools/bin/../lib/gcc/arm-none-eabi/13.3.1/../../../../arm-none-eabi/lib/thumb/v7e-m+fp/hard\libstdc++_nano.a(del_ops.o)
                0x080041cc                operator delete(void*, unsigned int)
 .text._Znwj    0x080041d0       0x22 C:/ST/STM32CubeIDE_1.19.0/STM32CubeIDE/plugins/com.st.stm32cube.ide.mcu.externaltools.gnu-tools-for-stm32.13.3.rel1.win32_1.0.0.202411081344/tools/bin/../lib/gcc/arm-none-eabi/13.3.1/../../../../arm-none-eabi/lib/thumb/v7e-m+fp/hard\libstdc++_nano.a(new_op.o)
                0x080041d0                operator new(unsigned int)
 .text._ZdlPv   0x080041f2        0x4 C:/ST/STM32CubeIDE_1.19.0/STM32CubeIDE/plugins/com.st.stm32cube.ide.mcu.externaltools.gnu-tools-for-stm32.13.3.rel1.win32_1.0.0.202411081344/tools/bin/../lib/gcc/arm-none-eabi/13.3.1/../../../../arm-none-eabi/lib/thumb/v7e-m+fp/hard\libstdc++_nano.a(del_op.o)
                0x080041f2                operator delete(void*)
 *fill*         0x080041f6        0x2 
 .text._ZSt15get_new_handlerv
                0x080041f8       0x10 C:/ST/STM32CubeIDE_1.19.0/STM32CubeIDE/plugins/com.st.stm32cube.ide.mcu.externaltools.gnu-tools-for-stm32.13.3.rel1.win32_1.0.0.202411081344/tools/bin/../lib/gcc/arm-none-eabi/13.3.1/../../../../arm-none-eabi/lib/thumb/v7e-m+fp/hard\libstdc++_nano.a(new_handler.o)
                0x080041f8                std::get_new_handler()
 .text.abort    0x08004208        0xe C:/ST/STM32CubeIDE_1.19.0/STM32CubeIDE/plugins/com.st.stm32cube.ide.mcu.externaltools.gnu-tools-for-stm32.13.3.rel1.win32_1.0.0.202411081344/tools/bin/../lib/gcc/arm-none-eabi/13.3.1/../../../../arm-none-eabi/lib/thumb/v7e-m+fp/hard\libc_nano.a(libc_a-abort.o)
                0x08004208                abort
 *fill*         0x08004216        0x2 
 .text.malloc   0x08004218       0x10 C:/ST/STM32CubeIDE_1.19.0/STM32CubeIDE/plugins/com.st.stm32cube.ide.mcu.externaltools.gnu-tools-for-stm32.13.3.rel1.win32_1.0.0.202411081344/tools/bin/../lib/gcc/arm-none-eabi/13.3.1/../../../../arm-none-eabi/lib/thumb/v7e-m+fp/hard\libc_nano.a(libc_a-malloc.o)
                0x08004218                malloc
 .text.free     0x08004228       0x10 C:/ST/STM32CubeIDE_1.19.0/STM32CubeIDE/plugins/com.st.stm32cube.ide.mcu.externaltools.gnu-tools-for-stm32.13.3.rel1.win32_1.0.0.202411081344/tools/bin/../lib/gcc/arm-none-eabi/13.3.1/../../../../arm-none-eabi/lib/thumb/v7e-m+fp/hard\libc_nano.a(libc_a-malloc.o)
                0x08004228                free
 .text.sbrk_aligned
                0x08004238       0x44 C:/ST/STM32CubeIDE_1.19.0/STM32CubeIDE/plugins/com.st.stm32cube.ide.mcu.externaltools.gnu-tools-for-stm32.13.3.rel1.win32_1.0.0.202411081344/tools/bin/../lib/gcc/arm-none-eabi/13.3.1/../../../../arm-none-eabi/lib/thumb/v7e-m+fp/hard\libc_nano.a(libc_a-mallocr.o)
 .text._malloc_r
                0x0800427c      0x100 C:/ST/STM32CubeIDE_1.19.0/STM32CubeIDE/plugins/com.st.stm32cube.ide.mcu.externaltools.gnu-tools-for-stm32.13.3.rel1.win32_1.0.0.202411081344/tools/bin/../lib/gcc/arm-none-eabi/13.3.1/../../../../arm-none-eabi/lib/thumb/v7e-m+fp/hard\libc_nano.a(libc_a-mallocr.o)
                0x0800427c                _malloc_r
 .text.__malloc_lock
                0x0800437c        0xc C:/ST/STM32CubeIDE_1.19.0/STM32CubeIDE/plugins/com.st.stm32cube.ide.mcu.externaltools.gnu-tools-for-stm32.13.3.rel1.win32_1.0.0.202411081344/tools/bin/../lib/gcc/arm-none-eabi/13.3.1/../../../../arm-none-eabi/lib/thumb/v7e-m+fp/hard\libc_nano.a(libc_a-mlock.o)
                0x0800437c                __malloc_lock
 .text.__malloc_unlock
                0x08004388        0xc C:/ST/STM32CubeIDE_1.19.0/STM32CubeIDE/plugins/com.st.stm32cube.ide.mcu.externaltools.gnu-tools-for-stm32.13.3.rel1.win32_1.0.0.202411081344/tools/bin/../lib/gcc/arm-none-eabi/13.3.1/../../../../arm-none-eabi/lib/thumb/v7e-m+fp/hard\libc_nano.a(libc_a-mlock.o)
                0x08004388                __malloc_unlock
 .text.memset   0x08004394       0x10 C:/ST/STM32CubeIDE_1.19.0/STM32CubeIDE/plugins/com.st.stm32cube.ide.mcu.externaltools.gnu-tools-for-stm32.13.3.rel1.win32_1.0.0.202411081344/tools/bin/../lib/gcc/arm-none-eabi/13.3.1/../../../../arm-none-eabi/lib/thumb/v7e-m+fp/hard\libc_nano.a(libc_a-memset.o)
                0x08004394                memset
 .text._raise_r
                0x080043a4       0x50 C:/ST/STM32CubeIDE_1.19.0/STM32CubeIDE/plugins/com.st.stm32cube.ide.mcu.externaltools.gnu-tools-for-stm32.13.3.rel1.win32_1.0.0.202411081344/tools/bin/../lib/gcc/arm-none-eabi/13.3.1/../../../../arm-none-eabi/lib/thumb/v7e-m+fp/hard\libc_nano.a(libc_a-signal.o)
                0x080043a4                _raise_r
 .text.raise    0x080043f4       0x10 C:/ST/STM32CubeIDE_1.19.0/STM32CubeIDE/plugins/com.st.stm32cube.ide.mcu.externaltools.gnu-tools-for-stm32.13.3.rel1.win32_1.0.0.202411081344/tools/bin/../lib/gcc/arm-none-eabi/13.3.1/../../../../arm-none-eabi/lib/thumb/v7e-m+fp/hard\libc_nano.a(libc_a-signal.o)
                0x080043f4                raise
 .text._kill_r  0x08004404       0x24 C:/ST/STM32CubeIDE_1.19.0/STM32CubeIDE/plugins/com.st.stm32cube.ide.mcu.externaltools.gnu-tools-for-stm32.13.3.rel1.win32_1.0.0.202411081344/tools/bin/../lib/gcc/arm-none-eabi/13.3.1/../../../../arm-none-eabi/lib/thumb/v7e-m+fp/hard\libc_nano.a(libc_a-signalr.o)
                0x08004404                _kill_r
 .text._getpid_r
                0x08004428        0x4 C:/ST/STM32CubeIDE_1.19.0/STM32CubeIDE/plugins/com.st.stm32cube.ide.mcu.externaltools.gnu-tools-for-stm32.13.3.rel1.win32_1.0.0.202411081344/tools/bin/../lib/gcc/arm-none-eabi/13.3.1/../../../../arm-none-eabi/lib/thumb/v7e-m+fp/hard\libc_nano.a(libc_a-signalr.o)
                0x08004428                _getpid_r
 .text._sbrk_r  0x0800442c       0x20 C:/ST/STM32CubeIDE_1.19.0/STM32CubeIDE/plugins/com.st.stm32cube.ide.mcu.externaltools.gnu-tools-for-stm32.13.3.rel1.win32_1.0.0.202411081344/tools/bin/../lib/gcc/arm-none-eabi/13.3.1/../../../../arm-none-eabi/lib/thumb/v7e-m+fp/hard\libc_nano.a(libc_a-sbrkr.o)
                0x0800442c                _sbrk_r
 .text.__errno  0x0800444c        0xc C:/ST/STM32CubeIDE_1.19.0/STM32CubeIDE/plugins/com.st.stm32cube.ide.mcu.externaltools.gnu-tools-for-stm32.13.3.rel1.win32_1.0.0.202411081344/tools/bin/../lib/gcc/arm-none-eabi/13.3.1/../../../../arm-none-eabi/lib/thumb/v7e-m+fp/hard\libc_nano.a(libc_a-errno.o)
                0x0800444c                __errno
 .text.__libc_init_array
                0x08004458       0x48 C:/ST/STM32CubeIDE_1.19.0/STM32CubeIDE/plugins/com.st.stm32cube.ide.mcu.externaltools.gnu-tools-for-stm32.13.3.rel1.win32_1.0.0.202411081344/tools/bin/../lib/gcc/arm-none-eabi/13.3.1/../../../../arm-none-eabi/lib/thumb/v7e-m+fp/hard\libc_nano.a(libc_a-init.o)
                0x08004458                __libc_init_array
 .text.__retarget_lock_acquire_recursive
                0x080044a0        0x2 C:/ST/STM32CubeIDE_1.19.0/STM32CubeIDE/plugins/com.st.stm32cube.ide.mcu.externaltools.gnu-tools-for-stm32.13.3.rel1.win32_1.0.0.202411081344/tools/bin/../lib/gcc/arm-none-eabi/13.3.1/../../../../arm-none-eabi/lib/thumb/v7e-m+fp/hard\libc_nano.a(libc_a-lock.o)
                0x080044a0                __retarget_lock_acquire_recursive
 .text.__retarget_lock_release_recursive
                0x080044a2        0x2 C:/ST/STM32CubeIDE_1.19.0/STM32CubeIDE/plugins/com.st.stm32cube.ide.mcu.externaltools.gnu-tools-for-stm32.13.3.rel1.win32_1.0.0.202411081344/tools/bin/../lib/gcc/arm-none-eabi/13.3.1/../../../../arm-none-eabi/lib/thumb/v7e-m+fp/hard\libc_nano.a(libc_a-lock.o)
                0x080044a2                __retarget_lock_release_recursive
 .text._free_r  0x080044a4       0x94 C:/ST/STM32CubeIDE_1.19.0/STM32CubeIDE/plugins/com.st.stm32cube.ide.mcu.externaltools.gnu-tools-for-stm32.13.3.rel1.win32_1.0.0.202411081344/tools/bin/../lib/gcc/arm-none-eabi/13.3.1/../../../../arm-none-eabi/lib/thumb/v7e-m+fp/hard\libc_nano.a(libc_a-freer.o)
                0x080044a4                _free_r
 *(.glue_7)
 .glue_7        0x08004538        0x0 linker stubs
 *(.glue_7t)
 .glue_7t       0x08004538        0x0 linker stubs
 *(.eh_frame)
 .eh_frame      0x08004538        0x0 C:/ST/STM32CubeIDE_1.19.0/STM32CubeIDE/plugins/com.st.stm32cube.ide.mcu.externaltools.gnu-tools-for-stm32.13.3.rel1.win32_1.0.0.202411081344/tools/bin/../lib/gcc/arm-none-eabi/13.3.1/thumb/v7e-m+fp/hard/crtbegin.o
 *(.init)
 .init          0x08004538        0x4 C:/ST/STM32CubeIDE_1.19.0/STM32CubeIDE/plugins/com.st.stm32cube.ide.mcu.externaltools.gnu-tools-for-stm32.13.3.rel1.win32_1.0.0.202411081344/tools/bin/../lib/gcc/arm-none-eabi/13.3.1/thumb/v7e-m+fp/hard/crti.o
                0x08004538                _init
 .init          0x0800453c        0x8 C:/ST/STM32CubeIDE_1.19.0/STM32CubeIDE/plugins/com.st.stm32cube.ide.mcu.externaltools.gnu-tools-for-stm32.13.3.rel1.win32_1.0.0.202411081344/tools/bin/../lib/gcc/arm-none-eabi/13.3.1/thumb/v7e-m+fp/hard/crtn.o
 *(.fini)
 .fini          0x08004544        0x4 C:/ST/STM32CubeIDE_1.19.0/STM32CubeIDE/plugins/com.st.stm32cube.ide.mcu.externaltools.gnu-tools-for-stm32.13.3.rel1.win32_1.0.0.202411081344/tools/bin/../lib/gcc/arm-none-eabi/13.3.1/thumb/v7e-m+fp/hard/crti.o
                0x08004544                _fini
 .fini          0x08004548        0x8 C:/ST/STM32CubeIDE_1.19.0/STM32CubeIDE/plugins/com.st.stm32cube.ide.mcu.externaltools.gnu-tools-for-stm32.13.3.rel1.win32_1.0.0.202411081344/tools/bin/../lib/gcc/arm-none-eabi/13.3.1/thumb/v7e-m+fp/hard/crtn.o
                0x08004550                        . = ALIGN (0x4)
                0x08004550                        _etext = .

.vfp11_veneer   0x08004550        0x0
 .vfp11_veneer  0x08004550        0x0 linker stubs

.v4_bx          0x08004550        0x0
 .v4_bx         0x08004550        0x0 linker stubs

.iplt           0x08004550        0x0
 .iplt          0x08004550        0x0 C:/ST/STM32CubeIDE_1.19.0/STM32CubeIDE/plugins/com.st.stm32cube.ide.mcu.externaltools.gnu-tools-for-stm32.13.3.rel1.win32_1.0.0.202411081344/tools/bin/../lib/gcc/arm-none-eabi/13.3.1/thumb/v7e-m+fp/hard/crtbegin.o

.rodata         0x08004550       0x48
                0x08004550                        . = ALIGN (0x4)
 *(.rodata)
 *(.rodata*)
 .rodata._ZTV24mcc_poc_torquecontroller
                0x08004550       0x18 ./Applications/Demos/mcc-poc-torquecontroller/mcc_poc_torquecontroller.o
                0x08004550                vtable for mcc_poc_torquecontroller
 .rodata._ZTV14IMccAplication
                0x08004568       0x18 ./Applications/Demos/mcc-poc-torquecontroller/mcc_poc_torquecontroller.o
                0x08004568                vtable for IMccAplication
 .rodata.AHBPrescTable
                0x08004580       0x10 ./Core/Src/system_stm32f4xx.o
                0x08004580                AHBPrescTable
 .rodata.APBPrescTable
                0x08004590        0x8 ./Core/Src/system_stm32f4xx.o
                0x08004590                APBPrescTable
                0x08004598                        . = ALIGN (0x4)

.ARM.extab      0x08004598        0x0
                0x08004598                        . = ALIGN (0x4)
 *(.ARM.extab* .gnu.linkonce.armextab.*)
                0x08004598                        . = ALIGN (0x4)

.ARM            0x08004598        0x8
                0x08004598                        . = ALIGN (0x4)
                0x08004598                        __exidx_start = .
 *(.ARM.exidx*)
 .ARM.exidx     0x08004598        0x8 C:/ST/STM32CubeIDE_1.19.0/STM32CubeIDE/plugins/com.st.stm32cube.ide.mcu.externaltools.gnu-tools-for-stm32.13.3.rel1.win32_1.0.0.202411081344/tools/bin/../lib/gcc/arm-none-eabi/13.3.1/thumb/v7e-m+fp/hard\libgcc.a(_udivmoddi4.o)
                0x080045a0                        __exidx_end = .
                0x080045a0                        . = ALIGN (0x4)

.preinit_array  0x080045a0        0x0
                0x080045a0                        . = ALIGN (0x4)
                0x080045a0                        PROVIDE (__preinit_array_start = .)
 *(.preinit_array*)
                0x080045a0                        PROVIDE (__preinit_array_end = .)
                0x080045a0                        . = ALIGN (0x4)

.init_array     0x080045a0        0x4
                0x080045a0                        . = ALIGN (0x4)
                0x080045a0                        PROVIDE (__init_array_start = .)
 *(SORT_BY_NAME(.init_array.*))
 *(.init_array*)
 .init_array    0x080045a0        0x4 C:/ST/STM32CubeIDE_1.19.0/STM32CubeIDE/plugins/com.st.stm32cube.ide.mcu.externaltools.gnu-tools-for-stm32.13.3.rel1.win32_1.0.0.202411081344/tools/bin/../lib/gcc/arm-none-eabi/13.3.1/thumb/v7e-m+fp/hard/crtbegin.o
                0x080045a4                        PROVIDE (__init_array_end = .)
                0x080045a4                        . = ALIGN (0x4)

.fini_array     0x080045a4        0x4
                0x080045a4                        . = ALIGN (0x4)
                [!provide]                        PROVIDE (__fini_array_start = .)
 *(SORT_BY_NAME(.fini_array.*))
 *(.fini_array*)
 .fini_array    0x080045a4        0x4 C:/ST/STM32CubeIDE_1.19.0/STM32CubeIDE/plugins/com.st.stm32cube.ide.mcu.externaltools.gnu-tools-for-stm32.13.3.rel1.win32_1.0.0.202411081344/tools/bin/../lib/gcc/arm-none-eabi/13.3.1/thumb/v7e-m+fp/hard/crtbegin.o
                [!provide]                        PROVIDE (__fini_array_end = .)
                0x080045a8                        . = ALIGN (0x4)
                0x080045a8                        _sidata = LOADADDR (.data)

.rel.dyn        0x080045a8        0x0
 .rel.iplt      0x080045a8        0x0 C:/ST/STM32CubeIDE_1.19.0/STM32CubeIDE/plugins/com.st.stm32cube.ide.mcu.externaltools.gnu-tools-for-stm32.13.3.rel1.win32_1.0.0.202411081344/tools/bin/../lib/gcc/arm-none-eabi/13.3.1/thumb/v7e-m+fp/hard/crtbegin.o

.data           0x20000000       0x5c load address 0x080045a8
                0x20000000                        . = ALIGN (0x4)
                0x20000000                        _sdata = .
 *(.data)
 *(.data*)
 .data.SystemCoreClock
                0x20000000        0x4 ./Core/Src/system_stm32f4xx.o
                0x20000000                SystemCoreClock
 .data.uwTickPrio
                0x20000004        0x4 ./Drivers/STM32F4xx_HAL_Driver/Src/stm32f4xx_hal.o
                0x20000004                uwTickPrio
 .data.uwTickFreq
                0x20000008        0x1 ./Drivers/STM32F4xx_HAL_Driver/Src/stm32f4xx_hal.o
                0x20000008                uwTickFreq
 *fill*         0x20000009        0x3 
 .data._impure_ptr
                0x2000000c        0x4 C:/ST/STM32CubeIDE_1.19.0/STM32CubeIDE/plugins/com.st.stm32cube.ide.mcu.externaltools.gnu-tools-for-stm32.13.3.rel1.win32_1.0.0.202411081344/tools/bin/../lib/gcc/arm-none-eabi/13.3.1/../../../../arm-none-eabi/lib/thumb/v7e-m+fp/hard\libc_nano.a(libc_a-impure.o)
                0x2000000c                _impure_ptr
 .data._impure_data
                0x20000010       0x4c C:/ST/STM32CubeIDE_1.19.0/STM32CubeIDE/plugins/com.st.stm32cube.ide.mcu.externaltools.gnu-tools-for-stm32.13.3.rel1.win32_1.0.0.202411081344/tools/bin/../lib/gcc/arm-none-eabi/13.3.1/../../../../arm-none-eabi/lib/thumb/v7e-m+fp/hard\libc_nano.a(libc_a-impure.o)
                0x20000010                _impure_data
 *(.RamFunc)
 *(.RamFunc*)
                0x2000005c                        . = ALIGN (0x4)
                0x2000005c                        _edata = .

.igot.plt       0x2000005c        0x0 load address 0x08004604
 .igot.plt      0x2000005c        0x0 C:/ST/STM32CubeIDE_1.19.0/STM32CubeIDE/plugins/com.st.stm32cube.ide.mcu.externaltools.gnu-tools-for-stm32.13.3.rel1.win32_1.0.0.202411081344/tools/bin/../lib/gcc/arm-none-eabi/13.3.1/thumb/v7e-m+fp/hard/crtbegin.o
                0x2000005c                        . = ALIGN (0x4)

.bss            0x2000005c      0x6e8 load address 0x08004604
                0x2000005c                        _sbss = .
                0x2000005c                        __bss_start__ = _sbss
 *(.bss)
 .bss           0x2000005c       0x1c C:/ST/STM32CubeIDE_1.19.0/STM32CubeIDE/plugins/com.st.stm32cube.ide.mcu.externaltools.gnu-tools-for-stm32.13.3.rel1.win32_1.0.0.202411081344/tools/bin/../lib/gcc/arm-none-eabi/13.3.1/thumb/v7e-m+fp/hard/crtbegin.o
 *(.bss*)
 .bss.htim1     0x20000078       0x48 ./Core/Src/main.o
                0x20000078                htim1
 .bss.huart3    0x200000c0       0x48 ./Core/Src/main.o
                0x200000c0                huart3
 .bss.hpcd_USB_OTG_FS
                0x20000108      0x4e4 ./Core/Src/main.o
                0x20000108                hpcd_USB_OTG_FS
 .bss.ctx.0     0x200005ec        0x4 ./Core/Src/main.o
 .bss.__sbrk_heap_end
                0x200005f0        0x4 ./Core/Src/sysmem.o
 .bss.uwTick    0x200005f4        0x4 ./Drivers/STM32F4xx_HAL_Driver/Src/stm32f4xx_hal.o
                0x200005f4                uwTick
 .bss._ZN12_GLOBAL__N_113__new_handlerE
                0x200005f8        0x4 C:/ST/STM32CubeIDE_1.19.0/STM32CubeIDE/plugins/com.st.stm32cube.ide.mcu.externaltools.gnu-tools-for-stm32.13.3.rel1.win32_1.0.0.202411081344/tools/bin/../lib/gcc/arm-none-eabi/13.3.1/../../../../arm-none-eabi/lib/thumb/v7e-m+fp/hard\libstdc++_nano.a(new_handler.o)
 .bss.__malloc_sbrk_start
                0x200005fc        0x4 C:/ST/STM32CubeIDE_1.19.0/STM32CubeIDE/plugins/com.st.stm32cube.ide.mcu.externaltools.gnu-tools-for-stm32.13.3.rel1.win32_1.0.0.202411081344/tools/bin/../lib/gcc/arm-none-eabi/13.3.1/../../../../arm-none-eabi/lib/thumb/v7e-m+fp/hard\libc_nano.a(libc_a-mallocr.o)
                0x200005fc                __malloc_sbrk_start
 .bss.__malloc_free_list
                0x20000600        0x4 C:/ST/STM32CubeIDE_1.19.0/STM32CubeIDE/plugins/com.st.stm32cube.ide.mcu.externaltools.gnu-tools-for-stm32.13.3.rel1.win32_1.0.0.202411081344/tools/bin/../lib/gcc/arm-none-eabi/13.3.1/../../../../arm-none-eabi/lib/thumb/v7e-m+fp/hard\libc_nano.a(libc_a-mallocr.o)
                0x20000600                __malloc_free_list
 .bss.__sf      0x20000604      0x138 C:/ST/STM32CubeIDE_1.19.0/STM32CubeIDE/plugins/com.st.stm32cube.ide.mcu.externaltools.gnu-tools-for-stm32.13.3.rel1.win32_1.0.0.202411081344/tools/bin/../lib/gcc/arm-none-eabi/13.3.1/../../../../arm-none-eabi/lib/thumb/v7e-m+fp/hard\libc_nano.a(libc_a-findfp.o)
                0x20000604                __sf
 .bss.errno     0x2000073c        0x4 C:/ST/STM32CubeIDE_1.19.0/STM32CubeIDE/plugins/com.st.stm32cube.ide.mcu.externaltools.gnu-tools-for-stm32.13.3.rel1.win32_1.0.0.202411081344/tools/bin/../lib/gcc/arm-none-eabi/13.3.1/../../../../arm-none-eabi/lib/thumb/v7e-m+fp/hard\libc_nano.a(libc_a-reent.o)
                0x2000073c                errno
 .bss.__lock___malloc_recursive_mutex
                0x20000740        0x1 C:/ST/STM32CubeIDE_1.19.0/STM32CubeIDE/plugins/com.st.stm32cube.ide.mcu.externaltools.gnu-tools-for-stm32.13.3.rel1.win32_1.0.0.202411081344/tools/bin/../lib/gcc/arm-none-eabi/13.3.1/../../../../arm-none-eabi/lib/thumb/v7e-m+fp/hard\libc_nano.a(libc_a-lock.o)
                0x20000740                __lock___malloc_recursive_mutex
 *(COMMON)
                0x20000744                        . = ALIGN (0x4)
 *fill*         0x20000741        0x3 
                0x20000744                        _ebss = .
                0x20000744                        __bss_end__ = _ebss

._user_heap_stack
                0x20000744      0x604 load address 0x08004604
                0x20000748                        . = ALIGN (0x8)
 *fill*         0x20000744        0x4 
                [!provide]                        PROVIDE (end = .)
                0x20000748                        PROVIDE (_end = .)
                0x20000948                        . = (. + _Min_Heap_Size)
 *fill*         0x20000748      0x200 
                0x20000d48                        . = (. + _Min_Stack_Size)
 *fill*         0x20000948      0x400 
                0x20000d48                        . = ALIGN (0x8)

/DISCARD/
 libc.a(*)
 libm.a(*)
 libgcc.a(*)

.ARM.attributes
                0x00000000       0x30
 *(.ARM.attributes)
 .ARM.attributes
                0x00000000       0x22 C:/ST/STM32CubeIDE_1.19.0/STM32CubeIDE/plugins/com.st.stm32cube.ide.mcu.externaltools.gnu-tools-for-stm32.13.3.rel1.win32_1.0.0.202411081344/tools/bin/../lib/gcc/arm-none-eabi/13.3.1/thumb/v7e-m+fp/hard/crti.o
 .ARM.attributes
                0x00000022       0x34 C:/ST/STM32CubeIDE_1.19.0/STM32CubeIDE/plugins/com.st.stm32cube.ide.mcu.externaltools.gnu-tools-for-stm32.13.3.rel1.win32_1.0.0.202411081344/tools/bin/../lib/gcc/arm-none-eabi/13.3.1/thumb/v7e-m+fp/hard/crtbegin.o
 .ARM.attributes
                0x00000056       0x34 ./Applications/Demos/mcc-poc-torquecontroller/mcc_poc_torquecontroller.o
 .ARM.attributes
                0x0000008a       0x34 ./Applications/mcc_capi.o
 .ARM.attributes
                0x000000be       0x34 ./Core/Src/main.o
 .ARM.attributes
                0x000000f2       0x34 ./Core/Src/stm32f4xx_hal_msp.o
 .ARM.attributes
                0x00000126       0x34 ./Core/Src/stm32f4xx_it.o
 .ARM.attributes
                0x0000015a       0x34 ./Core/Src/syscalls.o
 .ARM.attributes
                0x0000018e       0x34 ./Core/Src/sysmem.o
 .ARM.attributes
                0x000001c2       0x34 ./Core/Src/system_stm32f4xx.o
 .ARM.attributes
                0x000001f6       0x21 ./Core/Startup/startup_stm32f446zetx.o
 .ARM.attributes
                0x00000217       0x34 ./Drivers/STM32F4xx_HAL_Driver/Src/stm32f4xx_hal.o
 .ARM.attributes
                0x0000024b       0x34 ./Drivers/STM32F4xx_HAL_Driver/Src/stm32f4xx_hal_cortex.o
 .ARM.attributes
                0x0000027f       0x34 ./Drivers/STM32F4xx_HAL_Driver/Src/stm32f4xx_hal_gpio.o
 .ARM.attributes
                0x000002b3       0x34 ./Drivers/STM32F4xx_HAL_Driver/Src/stm32f4xx_hal_pcd.o
 .ARM.attributes
                0x000002e7       0x34 ./Drivers/STM32F4xx_HAL_Driver/Src/stm32f4xx_hal_pcd_ex.o
 .ARM.attributes
                0x0000031b       0x34 ./Drivers/STM32F4xx_HAL_Driver/Src/stm32f4xx_hal_rcc.o
 .ARM.attributes
                0x0000034f       0x34 ./Drivers/STM32F4xx_HAL_Driver/Src/stm32f4xx_hal_rcc_ex.o
 .ARM.attributes
                0x00000383       0x34 ./Drivers/STM32F4xx_HAL_Driver/Src/stm32f4xx_hal_tim.o
 .ARM.attributes
                0x000003b7       0x34 ./Drivers/STM32F4xx_HAL_Driver/Src/stm32f4xx_hal_tim_ex.o
 .ARM.attributes
                0x000003eb       0x34 ./Drivers/STM32F4xx_HAL_Driver/Src/stm32f4xx_hal_uart.o
 .ARM.attributes
                0x0000041f       0x34 ./Drivers/STM32F4xx_HAL_Driver/Src/stm32f4xx_ll_usb.o
 .ARM.attributes
                0x00000453       0x34 C:/ST/STM32CubeIDE_1.19.0/STM32CubeIDE/plugins/com.st.stm32cube.ide.mcu.externaltools.gnu-tools-for-stm32.13.3.rel1.win32_1.0.0.202411081344/tools/bin/../lib/gcc/arm-none-eabi/13.3.1/../../../../arm-none-eabi/lib/thumb/v7e-m+fp/hard\libstdc++_nano.a(del_ops.o)
 .ARM.attributes
                0x00000487       0x34 C:/ST/STM32CubeIDE_1.19.0/STM32CubeIDE/plugins/com.st.stm32cube.ide.mcu.externaltools.gnu-tools-for-stm32.13.3.rel1.win32_1.0.0.202411081344/tools/bin/../lib/gcc/arm-none-eabi/13.3.1/../../../../arm-none-eabi/lib/thumb/v7e-m+fp/hard\libstdc++_nano.a(new_op.o)
 .ARM.attributes
                0x000004bb       0x34 C:/ST/STM32CubeIDE_1.19.0/STM32CubeIDE/plugins/com.st.stm32cube.ide.mcu.externaltools.gnu-tools-for-stm32.13.3.rel1.win32_1.0.0.202411081344/tools/bin/../lib/gcc/arm-none-eabi/13.3.1/../../../../arm-none-eabi/lib/thumb/v7e-m+fp/hard\libstdc++_nano.a(del_op.o)
 .ARM.attributes
                0x000004ef       0x34 C:/ST/STM32CubeIDE_1.19.0/STM32CubeIDE/plugins/com.st.stm32cube.ide.mcu.externaltools.gnu-tools-for-stm32.13.3.rel1.win32_1.0.0.202411081344/tools/bin/../lib/gcc/arm-none-eabi/13.3.1/../../../../arm-none-eabi/lib/thumb/v7e-m+fp/hard\libstdc++_nano.a(new_handler.o)
 .ARM.attributes
                0x00000523       0x34 C:/ST/STM32CubeIDE_1.19.0/STM32CubeIDE/plugins/com.st.stm32cube.ide.mcu.externaltools.gnu-tools-for-stm32.13.3.rel1.win32_1.0.0.202411081344/tools/bin/../lib/gcc/arm-none-eabi/13.3.1/../../../../arm-none-eabi/lib/thumb/v7e-m+fp/hard\libc_nano.a(libc_a-abort.o)
 .ARM.attributes
                0x00000557       0x34 C:/ST/STM32CubeIDE_1.19.0/STM32CubeIDE/plugins/com.st.stm32cube.ide.mcu.externaltools.gnu-tools-for-stm32.13.3.rel1.win32_1.0.0.202411081344/tools/bin/../lib/gcc/arm-none-eabi/13.3.1/../../../../arm-none-eabi/lib/thumb/v7e-m+fp/hard\libc_nano.a(libc_a-malloc.o)
 .ARM.attributes
                0x0000058b       0x34 C:/ST/STM32CubeIDE_1.19.0/STM32CubeIDE/plugins/com.st.stm32cube.ide.mcu.externaltools.gnu-tools-for-stm32.13.3.rel1.win32_1.0.0.202411081344/tools/bin/../lib/gcc/arm-none-eabi/13.3.1/../../../../arm-none-eabi/lib/thumb/v7e-m+fp/hard\libc_nano.a(libc_a-mallocr.o)
 .ARM.attributes
                0x000005bf       0x34 C:/ST/STM32CubeIDE_1.19.0/STM32CubeIDE/plugins/com.st.stm32cube.ide.mcu.externaltools.gnu-tools-for-stm32.13.3.rel1.win32_1.0.0.202411081344/tools/bin/../lib/gcc/arm-none-eabi/13.3.1/../../../../arm-none-eabi/lib/thumb/v7e-m+fp/hard\libc_nano.a(libc_a-mlock.o)
 .ARM.attributes
                0x000005f3       0x34 C:/ST/STM32CubeIDE_1.19.0/STM32CubeIDE/plugins/com.st.stm32cube.ide.mcu.externaltools.gnu-tools-for-stm32.13.3.rel1.win32_1.0.0.202411081344/tools/bin/../lib/gcc/arm-none-eabi/13.3.1/../../../../arm-none-eabi/lib/thumb/v7e-m+fp/hard\libc_nano.a(libc_a-findfp.o)
 .ARM.attributes
                0x00000627       0x34 C:/ST/STM32CubeIDE_1.19.0/STM32CubeIDE/plugins/com.st.stm32cube.ide.mcu.externaltools.gnu-tools-for-stm32.13.3.rel1.win32_1.0.0.202411081344/tools/bin/../lib/gcc/arm-none-eabi/13.3.1/../../../../arm-none-eabi/lib/thumb/v7e-m+fp/hard\libc_nano.a(libc_a-memset.o)
 .ARM.attributes
                0x0000065b       0x34 C:/ST/STM32CubeIDE_1.19.0/STM32CubeIDE/plugins/com.st.stm32cube.ide.mcu.externaltools.gnu-tools-for-stm32.13.3.rel1.win32_1.0.0.202411081344/tools/bin/../lib/gcc/arm-none-eabi/13.3.1/../../../../arm-none-eabi/lib/thumb/v7e-m+fp/hard\libc_nano.a(libc_a-signal.o)
 .ARM.attributes
                0x0000068f       0x34 C:/ST/STM32CubeIDE_1.19.0/STM32CubeIDE/plugins/com.st.stm32cube.ide.mcu.externaltools.gnu-tools-for-stm32.13.3.rel1.win32_1.0.0.202411081344/tools/bin/../lib/gcc/arm-none-eabi/13.3.1/../../../../arm-none-eabi/lib/thumb/v7e-m+fp/hard\libc_nano.a(libc_a-reent.o)
 .ARM.attributes
                0x000006c3       0x34 C:/ST/STM32CubeIDE_1.19.0/STM32CubeIDE/plugins/com.st.stm32cube.ide.mcu.externaltools.gnu-tools-for-stm32.13.3.rel1.win32_1.0.0.202411081344/tools/bin/../lib/gcc/arm-none-eabi/13.3.1/../../../../arm-none-eabi/lib/thumb/v7e-m+fp/hard\libc_nano.a(libc_a-impure.o)
 .ARM.attributes
                0x000006f7       0x34 C:/ST/STM32CubeIDE_1.19.0/STM32CubeIDE/plugins/com.st.stm32cube.ide.mcu.externaltools.gnu-tools-for-stm32.13.3.rel1.win32_1.0.0.202411081344/tools/bin/../lib/gcc/arm-none-eabi/13.3.1/../../../../arm-none-eabi/lib/thumb/v7e-m+fp/hard\libc_nano.a(libc_a-signalr.o)
 .ARM.attributes
                0x0000072b       0x34 C:/ST/STM32CubeIDE_1.19.0/STM32CubeIDE/plugins/com.st.stm32cube.ide.mcu.externaltools.gnu-tools-for-stm32.13.3.rel1.win32_1.0.0.202411081344/tools/bin/../lib/gcc/arm-none-eabi/13.3.1/../../../../arm-none-eabi/lib/thumb/v7e-m+fp/hard\libc_nano.a(libc_a-sbrkr.o)
 .ARM.attributes
                0x0000075f       0x34 C:/ST/STM32CubeIDE_1.19.0/STM32CubeIDE/plugins/com.st.stm32cube.ide.mcu.externaltools.gnu-tools-for-stm32.13.3.rel1.win32_1.0.0.202411081344/tools/bin/../lib/gcc/arm-none-eabi/13.3.1/../../../../arm-none-eabi/lib/thumb/v7e-m+fp/hard\libc_nano.a(libc_a-errno.o)
 .ARM.attributes
                0x00000793       0x34 C:/ST/STM32CubeIDE_1.19.0/STM32CubeIDE/plugins/com.st.stm32cube.ide.mcu.externaltools.gnu-tools-for-stm32.13.3.rel1.win32_1.0.0.202411081344/tools/bin/../lib/gcc/arm-none-eabi/13.3.1/../../../../arm-none-eabi/lib/thumb/v7e-m+fp/hard\libc_nano.a(libc_a-init.o)
 .ARM.attributes
                0x000007c7       0x34 C:/ST/STM32CubeIDE_1.19.0/STM32CubeIDE/plugins/com.st.stm32cube.ide.mcu.externaltools.gnu-tools-for-stm32.13.3.rel1.win32_1.0.0.202411081344/tools/bin/../lib/gcc/arm-none-eabi/13.3.1/../../../../arm-none-eabi/lib/thumb/v7e-m+fp/hard\libc_nano.a(libc_a-lock.o)
 .ARM.attributes
                0x000007fb       0x34 C:/ST/STM32CubeIDE_1.19.0/STM32CubeIDE/plugins/com.st.stm32cube.ide.mcu.externaltools.gnu-tools-for-stm32.13.3.rel1.win32_1.0.0.202411081344/tools/bin/../lib/gcc/arm-none-eabi/13.3.1/../../../../arm-none-eabi/lib/thumb/v7e-m+fp/hard\libc_nano.a(libc_a-freer.o)
 .ARM.attributes
                0x0000082f       0x22 C:/ST/STM32CubeIDE_1.19.0/STM32CubeIDE/plugins/com.st.stm32cube.ide.mcu.externaltools.gnu-tools-for-stm32.13.3.rel1.win32_1.0.0.202411081344/tools/bin/../lib/gcc/arm-none-eabi/13.3.1/thumb/v7e-m+fp/hard\libgcc.a(_aeabi_uldivmod.o)
 .ARM.attributes
                0x00000851       0x34 C:/ST/STM32CubeIDE_1.19.0/STM32CubeIDE/plugins/com.st.stm32cube.ide.mcu.externaltools.gnu-tools-for-stm32.13.3.rel1.win32_1.0.0.202411081344/tools/bin/../lib/gcc/arm-none-eabi/13.3.1/thumb/v7e-m+fp/hard\libgcc.a(_udivmoddi4.o)
 .ARM.attributes
                0x00000885       0x22 C:/ST/STM32CubeIDE_1.19.0/STM32CubeIDE/plugins/com.st.stm32cube.ide.mcu.externaltools.gnu-tools-for-stm32.13.3.rel1.win32_1.0.0.202411081344/tools/bin/../lib/gcc/arm-none-eabi/13.3.1/thumb/v7e-m+fp/hard\libgcc.a(_dvmd_tls.o)
 .ARM.attributes
                0x000008a7       0x22 C:/ST/STM32CubeIDE_1.19.0/STM32CubeIDE/plugins/com.st.stm32cube.ide.mcu.externaltools.gnu-tools-for-stm32.13.3.rel1.win32_1.0.0.202411081344/tools/bin/../lib/gcc/arm-none-eabi/13.3.1/thumb/v7e-m+fp/hard/crtn.o
OUTPUT(NUCLEOF446ZE-POC-TORQUECONTROLLER.elf elf32-littlearm)
LOAD linker stubs
LOAD C:/ST/STM32CubeIDE_1.19.0/STM32CubeIDE/plugins/com.st.stm32cube.ide.mcu.externaltools.gnu-tools-for-stm32.13.3.rel1.win32_1.0.0.202411081344/tools/bin/../lib/gcc/arm-none-eabi/13.3.1/../../../../arm-none-eabi/lib/thumb/v7e-m+fp/hard\libc.a
LOAD C:/ST/STM32CubeIDE_1.19.0/STM32CubeIDE/plugins/com.st.stm32cube.ide.mcu.externaltools.gnu-tools-for-stm32.13.3.rel1.win32_1.0.0.202411081344/tools/bin/../lib/gcc/arm-none-eabi/13.3.1/../../../../arm-none-eabi/lib/thumb/v7e-m+fp/hard\libm.a
LOAD C:/ST/STM32CubeIDE_1.19.0/STM32CubeIDE/plugins/com.st.stm32cube.ide.mcu.externaltools.gnu-tools-for-stm32.13.3.rel1.win32_1.0.0.202411081344/tools/bin/../lib/gcc/arm-none-eabi/13.3.1/thumb/v7e-m+fp/hard\libgcc.a

.debug_info     0x00000000    0x134ec
 .debug_info    0x00000000      0x348 ./Applications/Demos/mcc-poc-torquecontroller/mcc_poc_torquecontroller.o
 .debug_info    0x00000348     0x2051 ./Applications/mcc_capi.o
 .debug_info    0x00002399     0x1823 ./Core/Src/main.o
 .debug_info    0x00003bbc     0x149c ./Core/Src/stm32f4xx_hal_msp.o
 .debug_info    0x00005058      0x112 ./Core/Src/stm32f4xx_it.o
 .debug_info    0x0000516a      0x6a3 ./Core/Src/syscalls.o
 .debug_info    0x0000580d      0x168 ./Core/Src/sysmem.o
 .debug_info    0x00005975      0x54a ./Core/Src/system_stm32f4xx.o
 .debug_info    0x00005ebf       0x30 ./Core/Startup/startup_stm32f446zetx.o
 .debug_info    0x00005eef      0x99a ./Drivers/STM32F4xx_HAL_Driver/Src/stm32f4xx_hal.o
 .debug_info    0x00006889      0xdaa ./Drivers/STM32F4xx_HAL_Driver/Src/stm32f4xx_hal_cortex.o
 .debug_info    0x00007633      0x70b ./Drivers/STM32F4xx_HAL_Driver/Src/stm32f4xx_hal_gpio.o
 .debug_info    0x00007d3e     0x15e3 ./Drivers/STM32F4xx_HAL_Driver/Src/stm32f4xx_hal_pcd.o
 .debug_info    0x00009321      0x7b4 ./Drivers/STM32F4xx_HAL_Driver/Src/stm32f4xx_hal_pcd_ex.o
 .debug_info    0x00009ad5      0x8ff ./Drivers/STM32F4xx_HAL_Driver/Src/stm32f4xx_hal_rcc.o
 .debug_info    0x0000a3d4      0x960 ./Drivers/STM32F4xx_HAL_Driver/Src/stm32f4xx_hal_rcc_ex.o
 .debug_info    0x0000ad34     0x299d ./Drivers/STM32F4xx_HAL_Driver/Src/stm32f4xx_hal_tim.o
 .debug_info    0x0000d6d1     0x14db ./Drivers/STM32F4xx_HAL_Driver/Src/stm32f4xx_hal_tim_ex.o
 .debug_info    0x0000ebac     0x2f4f ./Drivers/STM32F4xx_HAL_Driver/Src/stm32f4xx_hal_uart.o
 .debug_info    0x00011afb     0x19f1 ./Drivers/STM32F4xx_HAL_Driver/Src/stm32f4xx_ll_usb.o

.debug_abbrev   0x00000000     0x2c71
 .debug_abbrev  0x00000000      0x1d6 ./Applications/Demos/mcc-poc-torquecontroller/mcc_poc_torquecontroller.o
 .debug_abbrev  0x000001d6      0x5b4 ./Applications/mcc_capi.o
 .debug_abbrev  0x0000078a      0x307 ./Core/Src/main.o
 .debug_abbrev  0x00000a91      0x287 ./Core/Src/stm32f4xx_hal_msp.o
 .debug_abbrev  0x00000d18       0x73 ./Core/Src/stm32f4xx_it.o
 .debug_abbrev  0x00000d8b      0x1b6 ./Core/Src/syscalls.o
 .debug_abbrev  0x00000f41       0xbc ./Core/Src/sysmem.o
 .debug_abbrev  0x00000ffd      0x11a ./Core/Src/system_stm32f4xx.o
 .debug_abbrev  0x00001117       0x24 ./Core/Startup/startup_stm32f446zetx.o
 .debug_abbrev  0x0000113b      0x214 ./Drivers/STM32F4xx_HAL_Driver/Src/stm32f4xx_hal.o
 .debug_abbrev  0x0000134f      0x31d ./Drivers/STM32F4xx_HAL_Driver/Src/stm32f4xx_hal_cortex.o
 .debug_abbrev  0x0000166c      0x1d4 ./Drivers/STM32F4xx_HAL_Driver/Src/stm32f4xx_hal_gpio.o
 .debug_abbrev  0x00001840      0x2d0 ./Drivers/STM32F4xx_HAL_Driver/Src/stm32f4xx_hal_pcd.o
 .debug_abbrev  0x00001b10      0x1dd ./Drivers/STM32F4xx_HAL_Driver/Src/stm32f4xx_hal_pcd_ex.o
 .debug_abbrev  0x00001ced      0x2b7 ./Drivers/STM32F4xx_HAL_Driver/Src/stm32f4xx_hal_rcc.o
 .debug_abbrev  0x00001fa4      0x211 ./Drivers/STM32F4xx_HAL_Driver/Src/stm32f4xx_hal_rcc_ex.o
 .debug_abbrev  0x000021b5      0x278 ./Drivers/STM32F4xx_HAL_Driver/Src/stm32f4xx_hal_tim.o
 .debug_abbrev  0x0000242d      0x283 ./Drivers/STM32F4xx_HAL_Driver/Src/stm32f4xx_hal_tim_ex.o
 .debug_abbrev  0x000026b0      0x30e ./Drivers/STM32F4xx_HAL_Driver/Src/stm32f4xx_hal_uart.o
 .debug_abbrev  0x000029be      0x2b3 ./Drivers/STM32F4xx_HAL_Driver/Src/stm32f4xx_ll_usb.o

.debug_aranges  0x00000000     0x1090
 .debug_aranges
                0x00000000       0x48 ./Applications/Demos/mcc-poc-torquecontroller/mcc_poc_torquecontroller.o
 .debug_aranges
                0x00000048       0x40 ./Applications/mcc_capi.o
 .debug_aranges
                0x00000088       0x50 ./Core/Src/main.o
 .debug_aranges
                0x000000d8       0x58 ./Core/Src/stm32f4xx_hal_msp.o
 .debug_aranges
                0x00000130       0x60 ./Core/Src/stm32f4xx_it.o
 .debug_aranges
                0x00000190       0xa8 ./Core/Src/syscalls.o
 .debug_aranges
                0x00000238       0x20 ./Core/Src/sysmem.o
 .debug_aranges
                0x00000258       0x28 ./Core/Src/system_stm32f4xx.o
 .debug_aranges
                0x00000280       0x28 ./Core/Startup/startup_stm32f446zetx.o
 .debug_aranges
                0x000002a8       0xf0 ./Drivers/STM32F4xx_HAL_Driver/Src/stm32f4xx_hal.o
 .debug_aranges
                0x00000398      0x130 ./Drivers/STM32F4xx_HAL_Driver/Src/stm32f4xx_hal_cortex.o
 .debug_aranges
                0x000004c8       0x58 ./Drivers/STM32F4xx_HAL_Driver/Src/stm32f4xx_hal_gpio.o
 .debug_aranges
                0x00000520      0x148 ./Drivers/STM32F4xx_HAL_Driver/Src/stm32f4xx_hal_pcd.o
 .debug_aranges
                0x00000668       0x48 ./Drivers/STM32F4xx_HAL_Driver/Src/stm32f4xx_hal_pcd_ex.o
 .debug_aranges
                0x000006b0       0x88 ./Drivers/STM32F4xx_HAL_Driver/Src/stm32f4xx_hal_rcc.o
 .debug_aranges
                0x00000738       0x78 ./Drivers/STM32F4xx_HAL_Driver/Src/stm32f4xx_hal_rcc_ex.o
 .debug_aranges
                0x000007b0      0x3d0 ./Drivers/STM32F4xx_HAL_Driver/Src/stm32f4xx_hal_tim.o
 .debug_aranges
                0x00000b80      0x168 ./Drivers/STM32F4xx_HAL_Driver/Src/stm32f4xx_hal_tim_ex.o
 .debug_aranges
                0x00000ce8      0x208 ./Drivers/STM32F4xx_HAL_Driver/Src/stm32f4xx_hal_uart.o
 .debug_aranges
                0x00000ef0      0x1a0 ./Drivers/STM32F4xx_HAL_Driver/Src/stm32f4xx_ll_usb.o

.debug_rnglists
                0x00000000      0xcd8
 .debug_rnglists
                0x00000000       0x31 ./Applications/Demos/mcc-poc-torquecontroller/mcc_poc_torquecontroller.o
 .debug_rnglists
                0x00000031       0x2b ./Applications/mcc_capi.o
 .debug_rnglists
                0x0000005c       0x3a ./Core/Src/main.o
 .debug_rnglists
                0x00000096       0x40 ./Core/Src/stm32f4xx_hal_msp.o
 .debug_rnglists
                0x000000d6       0x43 ./Core/Src/stm32f4xx_it.o
 .debug_rnglists
                0x00000119       0x79 ./Core/Src/syscalls.o
 .debug_rnglists
                0x00000192       0x13 ./Core/Src/sysmem.o
 .debug_rnglists
                0x000001a5       0x1a ./Core/Src/system_stm32f4xx.o
 .debug_rnglists
                0x000001bf       0x19 ./Core/Startup/startup_stm32f446zetx.o
 .debug_rnglists
                0x000001d8       0xaf ./Drivers/STM32F4xx_HAL_Driver/Src/stm32f4xx_hal.o
 .debug_rnglists
                0x00000287       0xe0 ./Drivers/STM32F4xx_HAL_Driver/Src/stm32f4xx_hal_cortex.o
 .debug_rnglists
                0x00000367       0x3f ./Drivers/STM32F4xx_HAL_Driver/Src/stm32f4xx_hal_gpio.o
 .debug_rnglists
                0x000003a6       0xfa ./Drivers/STM32F4xx_HAL_Driver/Src/stm32f4xx_hal_pcd.o
 .debug_rnglists
                0x000004a0       0x32 ./Drivers/STM32F4xx_HAL_Driver/Src/stm32f4xx_hal_pcd_ex.o
 .debug_rnglists
                0x000004d2       0x66 ./Drivers/STM32F4xx_HAL_Driver/Src/stm32f4xx_hal_rcc.o
 .debug_rnglists
                0x00000538       0x5e ./Drivers/STM32F4xx_HAL_Driver/Src/stm32f4xx_hal_rcc_ex.o
 .debug_rnglists
                0x00000596      0x31a ./Drivers/STM32F4xx_HAL_Driver/Src/stm32f4xx_hal_tim.o
 .debug_rnglists
                0x000008b0      0x125 ./Drivers/STM32F4xx_HAL_Driver/Src/stm32f4xx_hal_tim_ex.o
 .debug_rnglists
                0x000009d5      0x1bc ./Drivers/STM32F4xx_HAL_Driver/Src/stm32f4xx_hal_uart.o
 .debug_rnglists
                0x00000b91      0x147 ./Drivers/STM32F4xx_HAL_Driver/Src/stm32f4xx_ll_usb.o

.debug_macro    0x00000000    0x26e9e
 .debug_macro   0x00000000      0x21f ./Applications/Demos/mcc-poc-torquecontroller/mcc_poc_torquecontroller.o
 .debug_macro   0x0000021f      0xbb0 ./Applications/Demos/mcc-poc-torquecontroller/mcc_poc_torquecontroller.o
 .debug_macro   0x00000dcf      0x2a1 ./Applications/Demos/mcc-poc-torquecontroller/mcc_poc_torquecontroller.o
 .debug_macro   0x00001070       0x2e ./Applications/Demos/mcc-poc-torquecontroller/mcc_poc_torquecontroller.o
 .debug_macro   0x0000109e       0x28 ./Applications/Demos/mcc-poc-torquecontroller/mcc_poc_torquecontroller.o
 .debug_macro   0x000010c6       0x1c ./Applications/Demos/mcc-poc-torquecontroller/mcc_poc_torquecontroller.o
 .debug_macro   0x000010e2       0x22 ./Applications/Demos/mcc-poc-torquecontroller/mcc_poc_torquecontroller.o
 .debug_macro   0x00001104       0x8e ./Applications/Demos/mcc-poc-torquecontroller/mcc_poc_torquecontroller.o
 .debug_macro   0x00001192       0x51 ./Applications/Demos/mcc-poc-torquecontroller/mcc_poc_torquecontroller.o
 .debug_macro   0x000011e3      0x103 ./Applications/Demos/mcc-poc-torquecontroller/mcc_poc_torquecontroller.o
 .debug_macro   0x000012e6       0x6a ./Applications/Demos/mcc-poc-torquecontroller/mcc_poc_torquecontroller.o
 .debug_macro   0x00001350      0x1df ./Applications/Demos/mcc-poc-torquecontroller/mcc_poc_torquecontroller.o
 .debug_macro   0x0000152f       0x1c ./Applications/Demos/mcc-poc-torquecontroller/mcc_poc_torquecontroller.o
 .debug_macro   0x0000154b       0x22 ./Applications/Demos/mcc-poc-torquecontroller/mcc_poc_torquecontroller.o
 .debug_macro   0x0000156d       0xfb ./Applications/Demos/mcc-poc-torquecontroller/mcc_poc_torquecontroller.o
 .debug_macro   0x00001668     0x1011 ./Applications/Demos/mcc-poc-torquecontroller/mcc_poc_torquecontroller.o
 .debug_macro   0x00002679      0x11f ./Applications/Demos/mcc-poc-torquecontroller/mcc_poc_torquecontroller.o
 .debug_macro   0x00002798    0x1675e ./Applications/Demos/mcc-poc-torquecontroller/mcc_poc_torquecontroller.o
 .debug_macro   0x00018ef6       0x6d ./Applications/Demos/mcc-poc-torquecontroller/mcc_poc_torquecontroller.o
 .debug_macro   0x00018f63     0x3693 ./Applications/Demos/mcc-poc-torquecontroller/mcc_poc_torquecontroller.o
 .debug_macro   0x0001c5f6      0x197 ./Applications/Demos/mcc-poc-torquecontroller/mcc_poc_torquecontroller.o
 .debug_macro   0x0001c78d       0x5c ./Applications/Demos/mcc-poc-torquecontroller/mcc_poc_torquecontroller.o
 .debug_macro   0x0001c7e9      0xca5 ./Applications/Demos/mcc-poc-torquecontroller/mcc_poc_torquecontroller.o
 .debug_macro   0x0001d48e      0x9e9 ./Applications/Demos/mcc-poc-torquecontroller/mcc_poc_torquecontroller.o
 .debug_macro   0x0001de77      0x115 ./Applications/Demos/mcc-poc-torquecontroller/mcc_poc_torquecontroller.o
 .debug_macro   0x0001df8c      0x1a0 ./Applications/Demos/mcc-poc-torquecontroller/mcc_poc_torquecontroller.o
 .debug_macro   0x0001e12c       0xa5 ./Applications/Demos/mcc-poc-torquecontroller/mcc_poc_torquecontroller.o
 .debug_macro   0x0001e1d1      0x16d ./Applications/Demos/mcc-poc-torquecontroller/mcc_poc_torquecontroller.o
 .debug_macro   0x0001e33e      0x287 ./Applications/Demos/mcc-poc-torquecontroller/mcc_poc_torquecontroller.o
 .debug_macro   0x0001e5c5       0x5f ./Applications/Demos/mcc-poc-torquecontroller/mcc_poc_torquecontroller.o
 .debug_macro   0x0001e624      0x236 ./Applications/Demos/mcc-poc-torquecontroller/mcc_poc_torquecontroller.o
 .debug_macro   0x0001e85a      0x132 ./Applications/Demos/mcc-poc-torquecontroller/mcc_poc_torquecontroller.o
 .debug_macro   0x0001e98c      0x29c ./Applications/Demos/mcc-poc-torquecontroller/mcc_poc_torquecontroller.o
 .debug_macro   0x0001ec28       0x2e ./Applications/Demos/mcc-poc-torquecontroller/mcc_poc_torquecontroller.o
 .debug_macro   0x0001ec56      0x127 ./Applications/Demos/mcc-poc-torquecontroller/mcc_poc_torquecontroller.o
 .debug_macro   0x0001ed7d       0xe8 ./Applications/Demos/mcc-poc-torquecontroller/mcc_poc_torquecontroller.o
 .debug_macro   0x0001ee65       0x89 ./Applications/Demos/mcc-poc-torquecontroller/mcc_poc_torquecontroller.o
 .debug_macro   0x0001eeee      0x8ed ./Applications/Demos/mcc-poc-torquecontroller/mcc_poc_torquecontroller.o
 .debug_macro   0x0001f7db       0x53 ./Applications/Demos/mcc-poc-torquecontroller/mcc_poc_torquecontroller.o
 .debug_macro   0x0001f82e      0x2aa ./Applications/Demos/mcc-poc-torquecontroller/mcc_poc_torquecontroller.o
 .debug_macro   0x0001fad8      0x293 ./Applications/Demos/mcc-poc-torquecontroller/mcc_poc_torquecontroller.o
 .debug_macro   0x0001fd6b       0xba ./Applications/Demos/mcc-poc-torquecontroller/mcc_poc_torquecontroller.o
 .debug_macro   0x0001fe25      0x126 ./Applications/Demos/mcc-poc-torquecontroller/mcc_poc_torquecontroller.o
 .debug_macro   0x0001ff4b      0x69b ./Applications/mcc_capi.o
 .debug_macro   0x000205e6      0x1f2 ./Applications/mcc_capi.o
 .debug_macro   0x000207d8       0x10 ./Applications/mcc_capi.o
 .debug_macro   0x000207e8      0x409 ./Applications/mcc_capi.o
 .debug_macro   0x00020bf1       0x1c ./Applications/mcc_capi.o
 .debug_macro   0x00020c0d       0x10 ./Applications/mcc_capi.o
 .debug_macro   0x00020c1d       0x41 ./Applications/mcc_capi.o
 .debug_macro   0x00020c5e       0x19 ./Applications/mcc_capi.o
 .debug_macro   0x00020c77       0x11 ./Applications/mcc_capi.o
 .debug_macro   0x00020c88       0x61 ./Applications/mcc_capi.o
 .debug_macro   0x00020ce9       0x2a ./Applications/mcc_capi.o
 .debug_macro   0x00020d13       0x43 ./Applications/mcc_capi.o
 .debug_macro   0x00020d56       0x34 ./Applications/mcc_capi.o
 .debug_macro   0x00020d8a      0x38c ./Applications/mcc_capi.o
 .debug_macro   0x00021116       0x16 ./Applications/mcc_capi.o
 .debug_macro   0x0002112c       0x4a ./Applications/mcc_capi.o
 .debug_macro   0x00021176       0x34 ./Applications/mcc_capi.o
 .debug_macro   0x000211aa       0x10 ./Applications/mcc_capi.o
 .debug_macro   0x000211ba       0x58 ./Applications/mcc_capi.o
 .debug_macro   0x00021212       0x8e ./Applications/mcc_capi.o
 .debug_macro   0x000212a0       0x16 ./Applications/mcc_capi.o
 .debug_macro   0x000212b6      0x185 ./Applications/mcc_capi.o
 .debug_macro   0x0002143b       0x1c ./Applications/mcc_capi.o
 .debug_macro   0x00021457       0x43 ./Applications/mcc_capi.o
 .debug_macro   0x0002149a       0x10 ./Applications/mcc_capi.o
 .debug_macro   0x000214aa       0x10 ./Applications/mcc_capi.o
 .debug_macro   0x000214ba       0x33 ./Applications/mcc_capi.o
 .debug_macro   0x000214ed      0x173 ./Applications/mcc_capi.o
 .debug_macro   0x00021660       0x2c ./Applications/mcc_capi.o
 .debug_macro   0x0002168c       0x11 ./Applications/mcc_capi.o
 .debug_macro   0x0002169d       0x18 ./Applications/mcc_capi.o
 .debug_macro   0x000216b5       0x10 ./Applications/mcc_capi.o
 .debug_macro   0x000216c5       0x3c ./Applications/mcc_capi.o
 .debug_macro   0x00021701       0x5e ./Applications/mcc_capi.o
 .debug_macro   0x0002175f       0x16 ./Applications/mcc_capi.o
 .debug_macro   0x00021775       0x52 ./Applications/mcc_capi.o
 .debug_macro   0x000217c7       0x5e ./Applications/mcc_capi.o
 .debug_macro   0x00021825       0x28 ./Applications/mcc_capi.o
 .debug_macro   0x0002184d       0x2e ./Applications/mcc_capi.o
 .debug_macro   0x0002187b       0x19 ./Applications/mcc_capi.o
 .debug_macro   0x00021894       0x11 ./Applications/mcc_capi.o
 .debug_macro   0x000218a5       0x4f ./Applications/mcc_capi.o
 .debug_macro   0x000218f4       0x18 ./Applications/mcc_capi.o
 .debug_macro   0x0002190c       0x27 ./Applications/mcc_capi.o
 .debug_macro   0x00021933       0x88 ./Applications/mcc_capi.o
 .debug_macro   0x000219bb       0x19 ./Applications/mcc_capi.o
 .debug_macro   0x000219d4       0x1c ./Applications/mcc_capi.o
 .debug_macro   0x000219f0       0x10 ./Applications/mcc_capi.o
 .debug_macro   0x00021a00       0x16 ./Applications/mcc_capi.o
 .debug_macro   0x00021a16       0x16 ./Applications/mcc_capi.o
 .debug_macro   0x00021a2c       0x29 ./Applications/mcc_capi.o
 .debug_macro   0x00021a55       0x1c ./Applications/mcc_capi.o
 .debug_macro   0x00021a71       0xde ./Applications/mcc_capi.o
 .debug_macro   0x00021b4f       0x1c ./Applications/mcc_capi.o
 .debug_macro   0x00021b6b       0x10 ./Applications/mcc_capi.o
 .debug_macro   0x00021b7b       0x16 ./Applications/mcc_capi.o
 .debug_macro   0x00021b91      0x131 ./Applications/mcc_capi.o
 .debug_macro   0x00021cc2      0x11d ./Applications/mcc_capi.o
 .debug_macro   0x00021ddf       0x10 ./Applications/mcc_capi.o
 .debug_macro   0x00021def      0x242 ./Applications/mcc_capi.o
 .debug_macro   0x00022031       0x17 ./Applications/mcc_capi.o
 .debug_macro   0x00022048       0x19 ./Applications/mcc_capi.o
 .debug_macro   0x00022061       0x18 ./Applications/mcc_capi.o
 .debug_macro   0x00022079      0x20b ./Core/Src/main.o
 .debug_macro   0x00022284      0xad8 ./Core/Src/main.o
 .debug_macro   0x00022d5c     0x1011 ./Core/Src/main.o
 .debug_macro   0x00023d6d      0x190 ./Core/Src/main.o
 .debug_macro   0x00023efd       0xc4 ./Core/Src/main.o
 .debug_macro   0x00023fc1      0x20b ./Core/Src/stm32f4xx_hal_msp.o
 .debug_macro   0x000241cc      0x215 ./Core/Src/stm32f4xx_it.o
 .debug_macro   0x000243e1      0x274 ./Core/Src/syscalls.o
 .debug_macro   0x00024655       0x5b ./Core/Src/syscalls.o
 .debug_macro   0x000246b0       0x94 ./Core/Src/syscalls.o
 .debug_macro   0x00024744       0x34 ./Core/Src/syscalls.o
 .debug_macro   0x00024778       0x57 ./Core/Src/syscalls.o
 .debug_macro   0x000247cf      0x370 ./Core/Src/syscalls.o
 .debug_macro   0x00024b3f       0x4a ./Core/Src/syscalls.o
 .debug_macro   0x00024b89       0x1c ./Core/Src/syscalls.o
 .debug_macro   0x00024ba5       0x10 ./Core/Src/syscalls.o
 .debug_macro   0x00024bb5       0x3c ./Core/Src/syscalls.o
 .debug_macro   0x00024bf1       0x10 ./Core/Src/syscalls.o
 .debug_macro   0x00024c01       0x10 ./Core/Src/syscalls.o
 .debug_macro   0x00024c11       0x10 ./Core/Src/syscalls.o
 .debug_macro   0x00024c21       0x1c ./Core/Src/syscalls.o
 .debug_macro   0x00024c3d       0x52 ./Core/Src/syscalls.o
 .debug_macro   0x00024c8f       0x22 ./Core/Src/syscalls.o
 .debug_macro   0x00024cb1       0x10 ./Core/Src/syscalls.o
 .debug_macro   0x00024cc1       0x52 ./Core/Src/syscalls.o
 .debug_macro   0x00024d13       0xcf ./Core/Src/syscalls.o
 .debug_macro   0x00024de2       0x1c ./Core/Src/syscalls.o
 .debug_macro   0x00024dfe       0x3d ./Core/Src/syscalls.o
 .debug_macro   0x00024e3b       0x35 ./Core/Src/syscalls.o
 .debug_macro   0x00024e70      0x12c ./Core/Src/syscalls.o
 .debug_macro   0x00024f9c       0x10 ./Core/Src/syscalls.o
 .debug_macro   0x00024fac      0x146 ./Core/Src/syscalls.o
 .debug_macro   0x000250f2      0x18a ./Core/Src/syscalls.o
 .debug_macro   0x0002527c       0x16 ./Core/Src/syscalls.o
 .debug_macro   0x00025292       0xce ./Core/Src/syscalls.o
 .debug_macro   0x00025360      0x112 ./Core/Src/sysmem.o
 .debug_macro   0x00025472      0x23c ./Core/Src/sysmem.o
 .debug_macro   0x000256ae      0x1f2 ./Core/Src/system_stm32f4xx.o
 .debug_macro   0x000258a0      0x252 ./Drivers/STM32F4xx_HAL_Driver/Src/stm32f4xx_hal.o
 .debug_macro   0x00025af2      0x1f2 ./Drivers/STM32F4xx_HAL_Driver/Src/stm32f4xx_hal_cortex.o
 .debug_macro   0x00025ce4      0x1f8 ./Drivers/STM32F4xx_HAL_Driver/Src/stm32f4xx_hal_gpio.o
 .debug_macro   0x00025edc      0x1fe ./Drivers/STM32F4xx_HAL_Driver/Src/stm32f4xx_hal_pcd.o
 .debug_macro   0x000260da      0x1f2 ./Drivers/STM32F4xx_HAL_Driver/Src/stm32f4xx_hal_pcd_ex.o
 .debug_macro   0x000262cc      0x216 ./Drivers/STM32F4xx_HAL_Driver/Src/stm32f4xx_hal_rcc.o
 .debug_macro   0x000264e2      0x1f2 ./Drivers/STM32F4xx_HAL_Driver/Src/stm32f4xx_hal_rcc_ex.o
 .debug_macro   0x000266d4      0x1f3 ./Drivers/STM32F4xx_HAL_Driver/Src/stm32f4xx_hal_tim.o
 .debug_macro   0x000268c7      0x1f2 ./Drivers/STM32F4xx_HAL_Driver/Src/stm32f4xx_hal_tim_ex.o
 .debug_macro   0x00026ab9      0x1f3 ./Drivers/STM32F4xx_HAL_Driver/Src/stm32f4xx_hal_uart.o
 .debug_macro   0x00026cac      0x1f2 ./Drivers/STM32F4xx_HAL_Driver/Src/stm32f4xx_ll_usb.o

.debug_line     0x00000000    0x14bbc
 .debug_line    0x00000000      0x8e5 ./Applications/Demos/mcc-poc-torquecontroller/mcc_poc_torquecontroller.o
 .debug_line    0x000008e5     0x15f5 ./Applications/mcc_capi.o
 .debug_line    0x00001eda      0xa0a ./Core/Src/main.o
 .debug_line    0x000028e4      0x933 ./Core/Src/stm32f4xx_hal_msp.o
 .debug_line    0x00003217      0x8aa ./Core/Src/stm32f4xx_it.o
 .debug_line    0x00003ac1      0x8ac ./Core/Src/syscalls.o
 .debug_line    0x0000436d      0x588 ./Core/Src/sysmem.o
 .debug_line    0x000048f5      0x803 ./Core/Src/system_stm32f4xx.o
 .debug_line    0x000050f8       0x7a ./Core/Startup/startup_stm32f446zetx.o
 .debug_line    0x00005172      0xa7f ./Drivers/STM32F4xx_HAL_Driver/Src/stm32f4xx_hal.o
 .debug_line    0x00005bf1      0xd4f ./Drivers/STM32F4xx_HAL_Driver/Src/stm32f4xx_hal_cortex.o
 .debug_line    0x00006940      0xbc3 ./Drivers/STM32F4xx_HAL_Driver/Src/stm32f4xx_hal_gpio.o
 .debug_line    0x00007503     0x14fa ./Drivers/STM32F4xx_HAL_Driver/Src/stm32f4xx_hal_pcd.o
 .debug_line    0x000089fd      0x89f ./Drivers/STM32F4xx_HAL_Driver/Src/stm32f4xx_hal_pcd_ex.o
 .debug_line    0x0000929c      0xe9a ./Drivers/STM32F4xx_HAL_Driver/Src/stm32f4xx_hal_rcc.o
 .debug_line    0x0000a136     0x154b ./Drivers/STM32F4xx_HAL_Driver/Src/stm32f4xx_hal_rcc_ex.o
 .debug_line    0x0000b681     0x37f4 ./Drivers/STM32F4xx_HAL_Driver/Src/stm32f4xx_hal_tim.o
 .debug_line    0x0000ee75     0x19df ./Drivers/STM32F4xx_HAL_Driver/Src/stm32f4xx_hal_tim_ex.o
 .debug_line    0x00010854     0x25c7 ./Drivers/STM32F4xx_HAL_Driver/Src/stm32f4xx_hal_uart.o
 .debug_line    0x00012e1b     0x1da1 ./Drivers/STM32F4xx_HAL_Driver/Src/stm32f4xx_ll_usb.o

.debug_str      0x00000000    0xda2ca
 .debug_str     0x00000000    0xda2ca ./Applications/Demos/mcc-poc-torquecontroller/mcc_poc_torquecontroller.o
                              0xcb1af (size before relaxing)
 .debug_str     0x000da2ca    0xd3647 ./Applications/mcc_capi.o
 .debug_str     0x000da2ca    0xcbf1c ./Core/Src/main.o
 .debug_str     0x000da2ca    0xcbcb0 ./Core/Src/stm32f4xx_hal_msp.o
 .debug_str     0x000da2ca    0xcade5 ./Core/Src/stm32f4xx_it.o
 .debug_str     0x000da2ca     0x99ee ./Core/Src/syscalls.o
 .debug_str     0x000da2ca     0x778c ./Core/Src/sysmem.o
 .debug_str     0x000da2ca    0xcac35 ./Core/Src/system_stm32f4xx.o
 .debug_str     0x000da2ca       0x8e ./Core/Startup/startup_stm32f446zetx.o
 .debug_str     0x000da2ca    0xcb7fa ./Drivers/STM32F4xx_HAL_Driver/Src/stm32f4xx_hal.o
 .debug_str     0x000da2ca    0xcb551 ./Drivers/STM32F4xx_HAL_Driver/Src/stm32f4xx_hal_cortex.o
 .debug_str     0x000da2ca    0xcadb0 ./Drivers/STM32F4xx_HAL_Driver/Src/stm32f4xx_hal_gpio.o
 .debug_str     0x000da2ca    0xcb746 ./Drivers/STM32F4xx_HAL_Driver/Src/stm32f4xx_hal_pcd.o
 .debug_str     0x000da2ca    0xcb048 ./Drivers/STM32F4xx_HAL_Driver/Src/stm32f4xx_hal_pcd_ex.o
 .debug_str     0x000da2ca    0xcb06e ./Drivers/STM32F4xx_HAL_Driver/Src/stm32f4xx_hal_rcc.o
 .debug_str     0x000da2ca    0xcb0a1 ./Drivers/STM32F4xx_HAL_Driver/Src/stm32f4xx_hal_rcc_ex.o
 .debug_str     0x000da2ca    0xcbf9a ./Drivers/STM32F4xx_HAL_Driver/Src/stm32f4xx_hal_tim.o
 .debug_str     0x000da2ca    0xcb7a6 ./Drivers/STM32F4xx_HAL_Driver/Src/stm32f4xx_hal_tim_ex.o
 .debug_str     0x000da2ca    0xcb625 ./Drivers/STM32F4xx_HAL_Driver/Src/stm32f4xx_hal_uart.o
 .debug_str     0x000da2ca    0xcb602 ./Drivers/STM32F4xx_HAL_Driver/Src/stm32f4xx_ll_usb.o

.comment        0x00000000       0x43
 .comment       0x00000000       0x43 ./Applications/Demos/mcc-poc-torquecontroller/mcc_poc_torquecontroller.o
                                 0x44 (size before relaxing)
 .comment       0x00000043       0x44 ./Applications/mcc_capi.o
 .comment       0x00000043       0x44 ./Core/Src/main.o
 .comment       0x00000043       0x44 ./Core/Src/stm32f4xx_hal_msp.o
 .comment       0x00000043       0x44 ./Core/Src/stm32f4xx_it.o
 .comment       0x00000043       0x44 ./Core/Src/syscalls.o
 .comment       0x00000043       0x44 ./Core/Src/sysmem.o
 .comment       0x00000043       0x44 ./Core/Src/system_stm32f4xx.o
 .comment       0x00000043       0x44 ./Drivers/STM32F4xx_HAL_Driver/Src/stm32f4xx_hal.o
 .comment       0x00000043       0x44 ./Drivers/STM32F4xx_HAL_Driver/Src/stm32f4xx_hal_cortex.o
 .comment       0x00000043       0x44 ./Drivers/STM32F4xx_HAL_Driver/Src/stm32f4xx_hal_gpio.o
 .comment       0x00000043       0x44 ./Drivers/STM32F4xx_HAL_Driver/Src/stm32f4xx_hal_pcd.o
 .comment       0x00000043       0x44 ./Drivers/STM32F4xx_HAL_Driver/Src/stm32f4xx_hal_pcd_ex.o
 .comment       0x00000043       0x44 ./Drivers/STM32F4xx_HAL_Driver/Src/stm32f4xx_hal_rcc.o
 .comment       0x00000043       0x44 ./Drivers/STM32F4xx_HAL_Driver/Src/stm32f4xx_hal_rcc_ex.o
 .comment       0x00000043       0x44 ./Drivers/STM32F4xx_HAL_Driver/Src/stm32f4xx_hal_tim.o
 .comment       0x00000043       0x44 ./Drivers/STM32F4xx_HAL_Driver/Src/stm32f4xx_hal_tim_ex.o
 .comment       0x00000043       0x44 ./Drivers/STM32F4xx_HAL_Driver/Src/stm32f4xx_hal_uart.o
 .comment       0x00000043       0x44 ./Drivers/STM32F4xx_HAL_Driver/Src/stm32f4xx_ll_usb.o

.debug_frame    0x00000000     0x4b68
 .debug_frame   0x00000000       0xf4 ./Applications/Demos/mcc-poc-torquecontroller/mcc_poc_torquecontroller.o
 .debug_frame   0x000000f4       0xd0 ./Applications/mcc_capi.o
 .debug_frame   0x000001c4       0xec ./Core/Src/main.o
 .debug_frame   0x000002b0      0x140 ./Core/Src/stm32f4xx_hal_msp.o
 .debug_frame   0x000003f0      0x104 ./Core/Src/stm32f4xx_it.o
 .debug_frame   0x000004f4      0x2ac ./Core/Src/syscalls.o
 .debug_frame   0x000007a0       0x34 ./Core/Src/sysmem.o
 .debug_frame   0x000007d4       0x58 ./Core/Src/system_stm32f4xx.o
 .debug_frame   0x0000082c      0x374 ./Drivers/STM32F4xx_HAL_Driver/Src/stm32f4xx_hal.o
 .debug_frame   0x00000ba0      0x508 ./Drivers/STM32F4xx_HAL_Driver/Src/stm32f4xx_hal_cortex.o
 .debug_frame   0x000010a8      0x14c ./Drivers/STM32F4xx_HAL_Driver/Src/stm32f4xx_hal_gpio.o
 .debug_frame   0x000011f4      0x5b8 ./Drivers/STM32F4xx_HAL_Driver/Src/stm32f4xx_hal_pcd.o
 .debug_frame   0x000017ac      0x100 ./Drivers/STM32F4xx_HAL_Driver/Src/stm32f4xx_hal_pcd_ex.o
 .debug_frame   0x000018ac      0x1f4 ./Drivers/STM32F4xx_HAL_Driver/Src/stm32f4xx_hal_rcc.o
 .debug_frame   0x00001aa0      0x1e8 ./Drivers/STM32F4xx_HAL_Driver/Src/stm32f4xx_hal_rcc_ex.o
 .debug_frame   0x00001c88     0x11c0 ./Drivers/STM32F4xx_HAL_Driver/Src/stm32f4xx_hal_tim.o
 .debug_frame   0x00002e48      0x638 ./Drivers/STM32F4xx_HAL_Driver/Src/stm32f4xx_hal_tim_ex.o
 .debug_frame   0x00003480      0x954 ./Drivers/STM32F4xx_HAL_Driver/Src/stm32f4xx_hal_uart.o
 .debug_frame   0x00003dd4      0x7c0 ./Drivers/STM32F4xx_HAL_Driver/Src/stm32f4xx_ll_usb.o
 .debug_frame   0x00004594       0x20 C:/ST/STM32CubeIDE_1.19.0/STM32CubeIDE/plugins/com.st.stm32cube.ide.mcu.externaltools.gnu-tools-for-stm32.13.3.rel1.win32_1.0.0.202411081344/tools/bin/../lib/gcc/arm-none-eabi/13.3.1/../../../../arm-none-eabi/lib/thumb/v7e-m+fp/hard\libstdc++_nano.a(del_ops.o)
 .debug_frame   0x000045b4       0x28 C:/ST/STM32CubeIDE_1.19.0/STM32CubeIDE/plugins/com.st.stm32cube.ide.mcu.externaltools.gnu-tools-for-stm32.13.3.rel1.win32_1.0.0.202411081344/tools/bin/../lib/gcc/arm-none-eabi/13.3.1/../../../../arm-none-eabi/lib/thumb/v7e-m+fp/hard\libstdc++_nano.a(new_op.o)
 .debug_frame   0x000045dc       0x20 C:/ST/STM32CubeIDE_1.19.0/STM32CubeIDE/plugins/com.st.stm32cube.ide.mcu.externaltools.gnu-tools-for-stm32.13.3.rel1.win32_1.0.0.202411081344/tools/bin/../lib/gcc/arm-none-eabi/13.3.1/../../../../arm-none-eabi/lib/thumb/v7e-m+fp/hard\libstdc++_nano.a(del_op.o)
 .debug_frame   0x000045fc       0x30 C:/ST/STM32CubeIDE_1.19.0/STM32CubeIDE/plugins/com.st.stm32cube.ide.mcu.externaltools.gnu-tools-for-stm32.13.3.rel1.win32_1.0.0.202411081344/tools/bin/../lib/gcc/arm-none-eabi/13.3.1/../../../../arm-none-eabi/lib/thumb/v7e-m+fp/hard\libstdc++_nano.a(new_handler.o)
 .debug_frame   0x0000462c       0x28 C:/ST/STM32CubeIDE_1.19.0/STM32CubeIDE/plugins/com.st.stm32cube.ide.mcu.externaltools.gnu-tools-for-stm32.13.3.rel1.win32_1.0.0.202411081344/tools/bin/../lib/gcc/arm-none-eabi/13.3.1/../../../../arm-none-eabi/lib/thumb/v7e-m+fp/hard\libc_nano.a(libc_a-abort.o)
 .debug_frame   0x00004654       0x30 C:/ST/STM32CubeIDE_1.19.0/STM32CubeIDE/plugins/com.st.stm32cube.ide.mcu.externaltools.gnu-tools-for-stm32.13.3.rel1.win32_1.0.0.202411081344/tools/bin/../lib/gcc/arm-none-eabi/13.3.1/../../../../arm-none-eabi/lib/thumb/v7e-m+fp/hard\libc_nano.a(libc_a-malloc.o)
 .debug_frame   0x00004684       0x50 C:/ST/STM32CubeIDE_1.19.0/STM32CubeIDE/plugins/com.st.stm32cube.ide.mcu.externaltools.gnu-tools-for-stm32.13.3.rel1.win32_1.0.0.202411081344/tools/bin/../lib/gcc/arm-none-eabi/13.3.1/../../../../arm-none-eabi/lib/thumb/v7e-m+fp/hard\libc_nano.a(libc_a-mallocr.o)
 .debug_frame   0x000046d4       0x30 C:/ST/STM32CubeIDE_1.19.0/STM32CubeIDE/plugins/com.st.stm32cube.ide.mcu.externaltools.gnu-tools-for-stm32.13.3.rel1.win32_1.0.0.202411081344/tools/bin/../lib/gcc/arm-none-eabi/13.3.1/../../../../arm-none-eabi/lib/thumb/v7e-m+fp/hard\libc_nano.a(libc_a-mlock.o)
 .debug_frame   0x00004704      0x144 C:/ST/STM32CubeIDE_1.19.0/STM32CubeIDE/plugins/com.st.stm32cube.ide.mcu.externaltools.gnu-tools-for-stm32.13.3.rel1.win32_1.0.0.202411081344/tools/bin/../lib/gcc/arm-none-eabi/13.3.1/../../../../arm-none-eabi/lib/thumb/v7e-m+fp/hard\libc_nano.a(libc_a-findfp.o)
 .debug_frame   0x00004848       0x20 C:/ST/STM32CubeIDE_1.19.0/STM32CubeIDE/plugins/com.st.stm32cube.ide.mcu.externaltools.gnu-tools-for-stm32.13.3.rel1.win32_1.0.0.202411081344/tools/bin/../lib/gcc/arm-none-eabi/13.3.1/../../../../arm-none-eabi/lib/thumb/v7e-m+fp/hard\libc_nano.a(libc_a-memset.o)
 .debug_frame   0x00004868       0xcc C:/ST/STM32CubeIDE_1.19.0/STM32CubeIDE/plugins/com.st.stm32cube.ide.mcu.externaltools.gnu-tools-for-stm32.13.3.rel1.win32_1.0.0.202411081344/tools/bin/../lib/gcc/arm-none-eabi/13.3.1/../../../../arm-none-eabi/lib/thumb/v7e-m+fp/hard\libc_nano.a(libc_a-signal.o)
 .debug_frame   0x00004934       0x38 C:/ST/STM32CubeIDE_1.19.0/STM32CubeIDE/plugins/com.st.stm32cube.ide.mcu.externaltools.gnu-tools-for-stm32.13.3.rel1.win32_1.0.0.202411081344/tools/bin/../lib/gcc/arm-none-eabi/13.3.1/../../../../arm-none-eabi/lib/thumb/v7e-m+fp/hard\libc_nano.a(libc_a-reent.o)
 .debug_frame   0x0000496c       0x3c C:/ST/STM32CubeIDE_1.19.0/STM32CubeIDE/plugins/com.st.stm32cube.ide.mcu.externaltools.gnu-tools-for-stm32.13.3.rel1.win32_1.0.0.202411081344/tools/bin/../lib/gcc/arm-none-eabi/13.3.1/../../../../arm-none-eabi/lib/thumb/v7e-m+fp/hard\libc_nano.a(libc_a-signalr.o)
 .debug_frame   0x000049a8       0x2c C:/ST/STM32CubeIDE_1.19.0/STM32CubeIDE/plugins/com.st.stm32cube.ide.mcu.externaltools.gnu-tools-for-stm32.13.3.rel1.win32_1.0.0.202411081344/tools/bin/../lib/gcc/arm-none-eabi/13.3.1/../../../../arm-none-eabi/lib/thumb/v7e-m+fp/hard\libc_nano.a(libc_a-sbrkr.o)
 .debug_frame   0x000049d4       0x20 C:/ST/STM32CubeIDE_1.19.0/STM32CubeIDE/plugins/com.st.stm32cube.ide.mcu.externaltools.gnu-tools-for-stm32.13.3.rel1.win32_1.0.0.202411081344/tools/bin/../lib/gcc/arm-none-eabi/13.3.1/../../../../arm-none-eabi/lib/thumb/v7e-m+fp/hard\libc_nano.a(libc_a-errno.o)
 .debug_frame   0x000049f4       0x2c C:/ST/STM32CubeIDE_1.19.0/STM32CubeIDE/plugins/com.st.stm32cube.ide.mcu.externaltools.gnu-tools-for-stm32.13.3.rel1.win32_1.0.0.202411081344/tools/bin/../lib/gcc/arm-none-eabi/13.3.1/../../../../arm-none-eabi/lib/thumb/v7e-m+fp/hard\libc_nano.a(libc_a-init.o)
 .debug_frame   0x00004a20       0xb0 C:/ST/STM32CubeIDE_1.19.0/STM32CubeIDE/plugins/com.st.stm32cube.ide.mcu.externaltools.gnu-tools-for-stm32.13.3.rel1.win32_1.0.0.202411081344/tools/bin/../lib/gcc/arm-none-eabi/13.3.1/../../../../arm-none-eabi/lib/thumb/v7e-m+fp/hard\libc_nano.a(libc_a-lock.o)
 .debug_frame   0x00004ad0       0x38 C:/ST/STM32CubeIDE_1.19.0/STM32CubeIDE/plugins/com.st.stm32cube.ide.mcu.externaltools.gnu-tools-for-stm32.13.3.rel1.win32_1.0.0.202411081344/tools/bin/../lib/gcc/arm-none-eabi/13.3.1/../../../../arm-none-eabi/lib/thumb/v7e-m+fp/hard\libc_nano.a(libc_a-freer.o)
 .debug_frame   0x00004b08       0x2c C:/ST/STM32CubeIDE_1.19.0/STM32CubeIDE/plugins/com.st.stm32cube.ide.mcu.externaltools.gnu-tools-for-stm32.13.3.rel1.win32_1.0.0.202411081344/tools/bin/../lib/gcc/arm-none-eabi/13.3.1/thumb/v7e-m+fp/hard\libgcc.a(_aeabi_uldivmod.o)
 .debug_frame   0x00004b34       0x34 C:/ST/STM32CubeIDE_1.19.0/STM32CubeIDE/plugins/com.st.stm32cube.ide.mcu.externaltools.gnu-tools-for-stm32.13.3.rel1.win32_1.0.0.202411081344/tools/bin/../lib/gcc/arm-none-eabi/13.3.1/thumb/v7e-m+fp/hard\libgcc.a(_udivmoddi4.o)

.debug_line_str
                0x00000000       0x72
 .debug_line_str
                0x00000000       0x72 ./Core/Startup/startup_stm32f446zetx.o
